Warnings for generators.yml:
	Using "api.path" is deprecated. Please use "api.specs[].openapi" or "api.specs[].asyncapi" instead.
[sdk] 10 errors
    [error]
        path: atm.yml -> types -> GetAtmsResponseDataItemMinimumValueDispensed
        issue: Enum name 5 for value £5 is not suitable for code generation. It must start with a letter and only contain letters, numbers, and underscores. If your API is defined using OpenAPI, you can use the x-fern-enum extension to specify a valid name: https://buildwithfern.com/learn/api-definitions/openapi/extensions/enum-descriptions-and-names

    [error]
        path: atm.yml -> types -> GetAtmsResponseDataItemMinimumValueDispensed
        issue: Enum name 10 for value £10 is not suitable for code generation. It must start with a letter and only contain letters, numbers, and underscores. If your API is defined using OpenAPI, you can use the x-fern-enum extension to specify a valid name: https://buildwithfern.com/learn/api-definitions/openapi/extensions/enum-descriptions-and-names

    [error]
        path: atm.yml -> types -> GetAtmsResponseDataItemMinimumValueDispensed
        issue: Enum name 20 for value £20 is not suitable for code generation. It must start with a letter and only contain letters, numbers, and underscores. If your API is defined using OpenAPI, you can use the x-fern-enum extension to specify a valid name: https://buildwithfern.com/learn/api-definitions/openapi/extensions/enum-descriptions-and-names

    [error]
        path: atm.yml -> types -> GetAtmsResponseDataItemMinimumValueDispensed
        issue: Enum name 50 for value £50 is not suitable for code generation. It must start with a letter and only contain letters, numbers, and underscores. If your API is defined using OpenAPI, you can use the x-fern-enum extension to specify a valid name: https://buildwithfern.com/learn/api-definitions/openapi/extensions/enum-descriptions-and-names

    [error]
        path: atm.yml -> types -> GetAtmsResponseDataItemMinimumValueDispensed
        issue: Enum name 100 for value £100 is not suitable for code generation. It must start with a letter and only contain letters, numbers, and underscores. If your API is defined using OpenAPI, you can use the x-fern-enum extension to specify a valid name: https://buildwithfern.com/learn/api-definitions/openapi/extensions/enum-descriptions-and-names

    [error]
        path: sme.yml -> types -> GetUnsecuredSmeLoansResponseDataItemLoanItemItemLoanPricingItemSizeIncrement
        issue: Enum name 5000 for value £5000 is not suitable for code generation. It must start with a letter and only contain letters, numbers, and underscores. If your API is defined using OpenAPI, you can use the x-fern-enum extension to specify a valid name: https://buildwithfern.com/learn/api-definitions/openapi/extensions/enum-descriptions-and-names

    [error]
        path: sme.yml -> types -> GetUnsecuredSmeLoansResponseDataItemLoanItemItemLoanPricingItemSizeIncrement
        issue: Enum name 10000 for value £10000 is not suitable for code generation. It must start with a letter and only contain letters, numbers, and underscores. If your API is defined using OpenAPI, you can use the x-fern-enum extension to specify a valid name: https://buildwithfern.com/learn/api-definitions/openapi/extensions/enum-descriptions-and-names

    [error]
        path: sme.yml -> types -> GetUnsecuredSmeLoansResponseDataItemLoanItemItemLoanPricingItemSizeIncrement
        issue: Enum name 15000 for value £15000 is not suitable for code generation. It must start with a letter and only contain letters, numbers, and underscores. If your API is defined using OpenAPI, you can use the x-fern-enum extension to specify a valid name: https://buildwithfern.com/learn/api-definitions/openapi/extensions/enum-descriptions-and-names

    [error]
        path: sme.yml -> types -> GetUnsecuredSmeLoansResponseDataItemLoanItemItemLoanPricingItemSizeIncrement
        issue: Enum name 20000 for value £20000 is not suitable for code generation. It must start with a letter and only contain letters, numbers, and underscores. If your API is defined using OpenAPI, you can use the x-fern-enum extension to specify a valid name: https://buildwithfern.com/learn/api-definitions/openapi/extensions/enum-descriptions-and-names

    [error]
        path: sme.yml -> types -> GetUnsecuredSmeLoansResponseDataItemLoanItemItemLoanPricingItemSizeIncrement
        issue: Enum name 25000 for value £25000 is not suitable for code generation. It must start with a letter and only contain letters, numbers, and underscores. If your API is defined using OpenAPI, you can use the x-fern-enum extension to specify a valid name: https://buildwithfern.com/learn/api-definitions/openapi/extensions/enum-descriptions-and-names

Found 10 errors and 0 warnings in <n> seconds.
