Warnings for generators.yml:
	Using "api.path" is deprecated. Please use "api.specs[].openapi" or "api.specs[].asyncapi" instead.
[api]: Writing preview to <tmp>/preview
[api]: python-sdk Started.
[api]: python-sdk fernapi/fern-python-sdk Started.
[api]: python-sdk No error name found for status code 480
[api]: python-sdk No error name found for status code 480
[api]: python-sdk No error name found for status code 480
[api]: python-sdk No error name found for status code 480
[api]: python-sdk No error name found for status code 481
[api]: python-sdk No error name found for status code 480
[api]: python-sdk No error name found for status code 480
[api]: python-sdk No error name found for status code 481
[api]: python-sdk No error name found for status code 480
[api]: python-sdk No error name found for status code 480
[api]: python-sdk No error name found for status code 480
[api]: python-sdk No error name found for status code 480
[api]: python-sdk No error name found for status code 480
[api]: python-sdk No error name found for status code 480
[api]: python-sdk __package__.yml -> service -> endpoints -> ListMultipartUploads
                  __package__.yml
                  [error] Multiple request properties resolve to the same generated name keyMarker after camelCase normalization. This causes broken generated code. Use the "name" property (or "x-fern-parameter-name" in OpenAPI) to disambiguate.
                    - Query Parameter "key-marker" (name: "key-marker")
                    - Query Parameter "KeyMarker" (name: "KeyMarker")
                  [error] Multiple request properties resolve to the same generated name maxUploads after camelCase normalization. This causes broken generated code. Use the "name" property (or "x-fern-parameter-name" in OpenAPI) to disambiguate.
                    - Query Parameter "max-uploads" (name: "max-uploads")
                    - Query Parameter "MaxUploads" (name: "MaxUploads")
                  [error] Multiple request properties resolve to the same generated name uploadIdMarker after camelCase normalization. This causes broken generated code. Use the "name" property (or "x-fern-parameter-name" in OpenAPI) to disambiguate.
                    - Query Parameter "upload-id-marker" (name: "upload-id-marker")
                    - Query Parameter "UploadIdMarker" (name: "UploadIdMarker")
                  
[api]: python-sdk __package__.yml -> service -> endpoints -> ListObjectVersions
                  __package__.yml
                  [error] Multiple request properties resolve to the same generated name keyMarker after camelCase normalization. This causes broken generated code. Use the "name" property (or "x-fern-parameter-name" in OpenAPI) to disambiguate.
                    - Query Parameter "key-marker" (name: "key-marker")
                    - Query Parameter "KeyMarker" (name: "KeyMarker")
                  [error] Multiple request properties resolve to the same generated name maxKeys after camelCase normalization. This causes broken generated code. Use the "name" property (or "x-fern-parameter-name" in OpenAPI) to disambiguate.
                    - Query Parameter "max-keys" (name: "max-keys")
                    - Query Parameter "MaxKeys" (name: "MaxKeys")
                  [error] Multiple request properties resolve to the same generated name versionIdMarker after camelCase normalization. This causes broken generated code. Use the "name" property (or "x-fern-parameter-name" in OpenAPI) to disambiguate.
                    - Query Parameter "version-id-marker" (name: "version-id-marker")
                    - Query Parameter "VersionIdMarker" (name: "VersionIdMarker")
                  
[api]: python-sdk __package__.yml -> service -> endpoints -> ListObjects
                  __package__.yml
                  [error] Multiple request properties resolve to the same generated name marker after camelCase normalization. This causes broken generated code. Use the "name" property (or "x-fern-parameter-name" in OpenAPI) to disambiguate.
                    - Query Parameter "marker" (name: "marker")
                    - Query Parameter "Marker" (name: "Marker")
                  [error] Multiple request properties resolve to the same generated name maxKeys after camelCase normalization. This causes broken generated code. Use the "name" property (or "x-fern-parameter-name" in OpenAPI) to disambiguate.
                    - Query Parameter "max-keys" (name: "max-keys")
                    - Query Parameter "MaxKeys" (name: "MaxKeys")
                  
[api]: python-sdk __package__.yml -> service -> endpoints -> ListObjectsV2
                  __package__.yml
                  [error] Multiple request properties resolve to the same generated name maxKeys after camelCase normalization. This causes broken generated code. Use the "name" property (or "x-fern-parameter-name" in OpenAPI) to disambiguate.
                    - Query Parameter "max-keys" (name: "max-keys")
                    - Query Parameter "MaxKeys" (name: "MaxKeys")
                  [error] Multiple request properties resolve to the same generated name continuationToken after camelCase normalization. This causes broken generated code. Use the "name" property (or "x-fern-parameter-name" in OpenAPI) to disambiguate.
                    - Query Parameter "continuation-token" (name: "continuation-token")
                    - Query Parameter "ContinuationToken" (name: "ContinuationToken")
                  
[api]: python-sdk __package__.yml -> service -> endpoints -> ListParts
                  __package__.yml
                  [error] Multiple request properties resolve to the same generated name maxParts after camelCase normalization. This causes broken generated code. Use the "name" property (or "x-fern-parameter-name" in OpenAPI) to disambiguate.
                    - Query Parameter "max-parts" (name: "max-parts")
                    - Query Parameter "MaxParts" (name: "MaxParts")
                  [error] Multiple request properties resolve to the same generated name partNumberMarker after camelCase normalization. This causes broken generated code. Use the "name" property (or "x-fern-parameter-name" in OpenAPI) to disambiguate.
                    - Query Parameter "part-number-marker" (name: "part-number-marker")
                    - Query Parameter "PartNumberMarker" (name: "PartNumberMarker")
                  
[api]: python-sdk Found 12 errors and 88 warnings in <n> seconds. Run fern check --warnings to print out the warnings not shown.
[api]: python-sdk Failed.
[api]: python-sdk fernapi/fern-python-sdk Failed.
