Warnings for generators.yml:
	Using "api.path" is deprecated. Please use "api.specs[].openapi" or "api.specs[].asyncapi" instead.
[api]: Failed to parse an OpenAPI schema at the following location: contents.email.fromFile->Request->file. Coercing to unknown.
[api]: Failed to parse an OpenAPI schema at the following location: contents.email.fromFile->Request->file. Coercing to unknown.
[api]: Failed to parse an OpenAPI schema at the following location: StoreImportFile->import_strategy_settings[file]. Coercing to unknown.
[api]: Failed to parse an OpenAPI schema at the following location: StoreRecipient->email_address_notify. Coercing to unknown.
[sdk] 20 errors
    [error]
        path: __package__.yml -> types -> Product -> properties -> total_sold -> type
        issue: Default value '1' is not a valid integer

    [error]
        path: __package__.yml -> types -> Recipient -> properties -> last_campaign_sent_timestamp -> type
        issue: Default value '' is not a valid integer

    [error]
        path: __package__.yml -> types -> SenderEmailCsaData -> properties -> telephone -> type
        issue: Default value '+393331234567' is not a valid integer

    [error]
        path: __package__.yml -> types -> SenderSmsData -> properties -> Phone -> type
        issue: Default value '+393331234567' is not a valid integer

    [error]
        path: __package__.yml -> types -> WorkflowMessage -> properties -> priority -> type
        issue: Default value '1' is not a valid integer

    [error]
        path: __package__.yml -> types -> WorkflowMessageTrigger -> properties -> segments -> type
        issue: Default value for list type must be an array

    [error]
        path: __package__.yml -> types -> WorkflowMessageTriggerScheduler -> properties -> days -> type
        issue: Default value for list type must be an array

    [error]
        path: campaignReports.yml -> service -> endpoints -> reports.campaigns.contact-actitivity -> request -> query-parameters -> limit -> type
        issue: Default value '5' is not a valid integer

    [error]
        path: campaignReports.yml -> service -> endpoints -> reports.campaigns.domain -> request -> query-parameters -> limit -> type
        issue: Default value '5' is not a valid integer

    [error]
        path: campaignReports.yml -> service -> endpoints -> reports.campaigns.link -> request -> query-parameters -> limit -> type
        issue: Default value '5' is not a valid integer

    [error]
        path: carts.yml -> service -> endpoints -> stores.carts.update
        issue: Multiple request properties resolve to the same generated name cartId after camelCase normalization. This causes broken generated code. Use the "name" property (or "x-fern-parameter-name" in OpenAPI) to disambiguate.
  - Path parameter "cartId" (name: "cartId")
  - Body property: <Request Body> -> cart_id (name: "cart_id")

    [error]
        path: consent.yml -> service -> endpoints -> consents.export
        issue: Path parameter is unreferenced in endpoint: id.

    [error]
        path: contacts.yml -> service -> endpoints -> subscribers.changeStatus
        issue: Path parameter is unreferenced in endpoint: subscriberId.

    [error]
        path: contacts.yml -> service -> endpoints -> subscribers.sendCampaign
        issue: Path parameter is unreferenced in endpoint: subscribedId.

    [error]
        path: contacts.yml -> service -> endpoints -> subscribers.sendWhatsAppMessage
        issue: Path parameter is unreferenced in endpoint: subscriberId.

    [error]
        path: recipientReports.yml -> service -> endpoints -> reports.recipients.contact-actitivity -> request -> query-parameters -> limit -> type
        issue: Default value '5' is not a valid integer

    [error]
        path: recipientReports.yml -> service -> endpoints -> reports.recipients.domain -> request -> query-parameters -> limit -> type
        issue: Default value '5' is not a valid integer

    [error]
        path: recipientReports.yml -> service -> endpoints -> reports.recipients.link -> request -> query-parameters -> limit -> type
        issue: Default value '5' is not a valid integer

    [error]
        path: workflowReports.yml -> service -> endpoints -> reports.workflows.contact-actitivity -> request -> query-parameters -> limit -> type
        issue: Default value '5' is not a valid integer

    [error]
        path: workflowReports.yml -> service -> endpoints -> reports.workflows.link -> request -> query-parameters -> limit -> type
        issue: Default value '5' is not a valid integer

Found 20 errors and 6 warnings in <n> seconds. Run fern check --warnings to print out the warnings not shown.
