Warnings for generators.yml:
	Using "api.path" is deprecated. Please use "api.specs[].openapi" or "api.specs[].asyncapi" instead.
[sdk] 10 errors
    [error]
        path: __package__.yml -> types -> IAsset
        issue: Discriminant value _t is not suitable for code generation. Add a "name" property that starts with a letter and contains only letters, numbers, and underscores.

    [error]
        path: __package__.yml -> types -> IAssetInput
        issue: Discriminant value _t is not suitable for code generation. Add a "name" property that starts with a letter and contains only letters, numbers, and underscores.

    [error]
        path: __package__.yml -> types -> IMetadata
        issue: Discriminant value _t is not suitable for code generation. Add a "name" property that starts with a letter and contains only letters, numbers, and underscores.

    [error]
        path: __package__.yml -> types -> IMetadataInput
        issue: Discriminant value _t is not suitable for code generation. Add a "name" property that starts with a letter and contains only letters, numbers, and underscores.

    [error]
        path: __package__.yml -> types -> IRapid
        issue: Discriminant value _t is not suitable for code generation. Add a "name" property that starts with a letter and contains only letters, numbers, and underscores.

    [error]
        path: __package__.yml -> types -> IRapidPayload
        issue: Discriminant value _t is not suitable for code generation. Add a "name" property that starts with a letter and contains only letters, numbers, and underscores.

    [error]
        path: __package__.yml -> types -> IRapidResult
        issue: Discriminant value _t is not suitable for code generation. Add a "name" property that starts with a letter and contains only letters, numbers, and underscores.

    [error]
        path: __package__.yml -> types -> IRefereeInfo
        issue: Discriminant value _t is not suitable for code generation. Add a "name" property that starts with a letter and contains only letters, numbers, and underscores.

    [error]
        path: __package__.yml -> types -> IResponseAggregation
        issue: Discriminant value _t is not suitable for code generation. Add a "name" property that starts with a letter and contains only letters, numbers, and underscores.

    [error]
        path: __package__.yml -> types -> IValidationTruth
        issue: Discriminant value _t is not suitable for code generation. Add a "name" property that starts with a letter and contains only letters, numbers, and underscores.

Found 10 errors and 6 warnings in <n> seconds. Run fern check --warnings to print out the warnings not shown.
