Warnings for generators.yml:
	Using "api.path" is deprecated. Please use "api.specs[].openapi" or "api.specs[].asyncapi" instead.
[api]: Writing preview to <tmp>/preview
[api]: python-sdk Started.
[api]: python-sdk fernapi/fern-python-sdk Started.
[api]: python-sdk unitConverter.yml -> types -> UnitConverterGetRequestFrom
                  unitConverter.yml
                  [error] Enum name  for value ' is not suitable for code generation. It must start with a letter and only contain letters, numbers, and underscores. If your API is defined using OpenAPI, you can use the x-fern-enum extension to specify a valid name: https://buildwithfern.com/learn/api-definitions/openapi/extensions/enum-descriptions-and-names
                  
[api]: python-sdk unitConverter.yml -> types -> UnitConverterGetRequestTo
                  unitConverter.yml
                  [error] Enum name  for value ' is not suitable for code generation. It must start with a letter and only contain letters, numbers, and underscores. If your API is defined using OpenAPI, you can use the x-fern-enum extension to specify a valid name: https://buildwithfern.com/learn/api-definitions/openapi/extensions/enum-descriptions-and-names
                  
[api]: python-sdk unitConverter.yml -> types -> UnitConverterGetResponseFrom
                  unitConverter.yml
                  [error] Enum name  for value ' is not suitable for code generation. It must start with a letter and only contain letters, numbers, and underscores. If your API is defined using OpenAPI, you can use the x-fern-enum extension to specify a valid name: https://buildwithfern.com/learn/api-definitions/openapi/extensions/enum-descriptions-and-names
                  
[api]: python-sdk unitConverter.yml -> types -> UnitConverterGetResponseTo
                  unitConverter.yml
                  [error] Enum name  for value ' is not suitable for code generation. It must start with a letter and only contain letters, numbers, and underscores. If your API is defined using OpenAPI, you can use the x-fern-enum extension to specify a valid name: https://buildwithfern.com/learn/api-definitions/openapi/extensions/enum-descriptions-and-names
                  
[api]: python-sdk Found 4 errors and 0 warnings in <n> seconds.
[api]: python-sdk Failed.
[api]: python-sdk fernapi/fern-python-sdk Failed.
