Warnings for generators.yml:
	Using "api.path" is deprecated. Please use "api.specs[].openapi" or "api.specs[].asyncapi" instead.
[api]: Writing preview to <tmp>/preview
[api]: python-sdk Started.
[api]: python-sdk fernapi/fern-python-sdk Started.
[api]: python-sdk No error name found for status code 524
[api]: python-sdk No error name found for status code 529
[api]: python-sdk No error name found for status code 529
[api]: python-sdk No error name found for status code 524
[api]: python-sdk No error name found for status code 529
[api]: python-sdk No error name found for status code 524
[api]: python-sdk No error name found for status code 529
[api]: python-sdk No error name found for status code 524
[api]: python-sdk No error name found for status code 529
[api]: python-sdk __package__.yml -> types -> ListEndpointsResponse
                  __package__.yml
                  [error] ListEndpointsResponse is already declared in endpoints.yml
                  
[api]: python-sdk Found 1 errors and 0 warnings in <n> seconds.
[api]: python-sdk Failed.
[api]: python-sdk fernapi/fern-python-sdk Failed.
