Warnings for generators.yml:
	Using "api.path" is deprecated. Please use "api.specs[].openapi" or "api.specs[].asyncapi" instead.
[sdk] 20 errors
    [error]
        path: __package__.yml -> types -> IAsset
        issue: Discriminant value _t is not suitable for code generation. Add a "name" property that starts with a letter and contains only letters, numbers, and underscores.

    [error]
        path: __package__.yml -> types -> IAssetInput
        issue: Discriminant value _t is not suitable for code generation. Add a "name" property that starts with a letter and contains only letters, numbers, and underscores.

    [error]
        path: __package__.yml -> types -> IDataset
        issue: Discriminant value _t is not suitable for code generation. Add a "name" property that starts with a letter and contains only letters, numbers, and underscores.

    [error]
        path: __package__.yml -> types -> IJobResults
        issue: Discriminant value _t is not suitable for code generation. Add a "name" property that starts with a letter and contains only letters, numbers, and underscores.

    [error]
        path: __package__.yml -> types -> IMetadata
        issue: Discriminant value _t is not suitable for code generation. Add a "name" property that starts with a letter and contains only letters, numbers, and underscores.

    [error]
        path: __package__.yml -> types -> IMetadataInput
        issue: Discriminant value _t is not suitable for code generation. Add a "name" property that starts with a letter and contains only letters, numbers, and underscores.

    [error]
        path: __package__.yml -> types -> IOrderWorkflowInput
        issue: Discriminant value _t is not suitable for code generation. Add a "name" property that starts with a letter and contains only letters, numbers, and underscores.

    [error]
        path: __package__.yml -> types -> IPairMakerConfig
        issue: Discriminant value _t is not suitable for code generation. Add a "name" property that starts with a letter and contains only letters, numbers, and underscores.

    [error]
        path: __package__.yml -> types -> IPairMakerInformation
        issue: Discriminant value _t is not suitable for code generation. Add a "name" property that starts with a letter and contains only letters, numbers, and underscores.

    [error]
        path: __package__.yml -> types -> IPipeline
        issue: Discriminant value _t is not suitable for code generation. Add a "name" property that starts with a letter and contains only letters, numbers, and underscores.

    [error]
        path: __package__.yml -> types -> IPipelineArtifact
        issue: Discriminant value _t is not suitable for code generation. Add a "name" property that starts with a letter and contains only letters, numbers, and underscores.

    [error]
        path: __package__.yml -> types -> IPipelineStep
        issue: Discriminant value _t is not suitable for code generation. Add a "name" property that starts with a letter and contains only letters, numbers, and underscores.

    [error]
        path: __package__.yml -> types -> IRankingConfig
        issue: Discriminant value _t is not suitable for code generation. Add a "name" property that starts with a letter and contains only letters, numbers, and underscores.

    [error]
        path: __package__.yml -> types -> IRapidBlueprint
        issue: Discriminant value _t is not suitable for code generation. Add a "name" property that starts with a letter and contains only letters, numbers, and underscores.

    [error]
        path: __package__.yml -> types -> IRapidPayload
        issue: Discriminant value _t is not suitable for code generation. Add a "name" property that starts with a letter and contains only letters, numbers, and underscores.

    [error]
        path: __package__.yml -> types -> IRapidResult
        issue: Discriminant value _t is not suitable for code generation. Add a "name" property that starts with a letter and contains only letters, numbers, and underscores.

    [error]
        path: __package__.yml -> types -> IReferee
        issue: Discriminant value _t is not suitable for code generation. Add a "name" property that starts with a letter and contains only letters, numbers, and underscores.

    [error]
        path: __package__.yml -> types -> IResponseAggregation
        issue: Discriminant value _t is not suitable for code generation. Add a "name" property that starts with a letter and contains only letters, numbers, and underscores.

    [error]
        path: __package__.yml -> types -> ISelection
        issue: Discriminant value _t is not suitable for code generation. Add a "name" property that starts with a letter and contains only letters, numbers, and underscores.

    [error]
        path: __package__.yml -> types -> IUserFilter
        issue: Discriminant value _t is not suitable for code generation. Add a "name" property that starts with a letter and contains only letters, numbers, and underscores.

Found 20 errors and 17 warnings in <n> seconds. Run fern check --warnings to print out the warnings not shown.
