Warnings for generators.yml:
	Using "api.path" is deprecated. Please use "api.specs[].openapi" or "api.specs[].asyncapi" instead.
[sdk] 11 errors
    [error]
        path: __package__.yml -> types -> ExternalMetricDefinitionContractDtoWarehouseNativeComponentsItemOperator
        issue: Enum name  for value + is not suitable for code generation. It must start with a letter and only contain letters, numbers, and underscores. If your API is defined using OpenAPI, you can use the x-fern-enum extension to specify a valid name: https://buildwithfern.com/learn/api-definitions/openapi/extensions/enum-descriptions-and-names

    [error]
        path: dynamicConfigs.yml -> service -> endpoints -> updateDynamicConfigRuleById
        issue: Multiple request properties have the name id. This is not suitable for code generation. Use the "name" property (or "x-fern-parameter-name" in OpenAPI) to deconflict.
  - Path parameter "id"
  - Body property: <Request Body> -> id

    [error]
        path: experiments.yml -> service -> endpoints -> patchAssignmentSource
        issue: Multiple request properties have the name name. This is not suitable for code generation. Use the "name" property (or "x-fern-parameter-name" in OpenAPI) to deconflict.
  - Path parameter "name"
  - Body property: <Request Body> -> name

    [error]
        path: experiments.yml -> service -> endpoints -> patchEntityPropertySource
        issue: Multiple request properties have the name name. This is not suitable for code generation. Use the "name" property (or "x-fern-parameter-name" in OpenAPI) to deconflict.
  - Path parameter "name"
  - Body property: <Request Body> -> name

    [error]
        path: experiments.yml -> service -> endpoints -> postAssignmentSource
        issue: Multiple request properties have the name name. This is not suitable for code generation. Use the "name" property (or "x-fern-parameter-name" in OpenAPI) to deconflict.
  - Path parameter "name"
  - Body property: <Request Body> -> name

    [error]
        path: experiments.yml -> service -> endpoints -> postEntityPropertySource
        issue: Multiple request properties have the name name. This is not suitable for code generation. Use the "name" property (or "x-fern-parameter-name" in OpenAPI) to deconflict.
  - Path parameter "name"
  - Body property: <Request Body> -> name

    [error]
        path: gates.yml -> service -> endpoints -> addGateRule
        issue: Multiple request properties have the name id. This is not suitable for code generation. Use the "name" property (or "x-fern-parameter-name" in OpenAPI) to deconflict.
  - Path parameter "id"
  - Body property: <Request Body> -> id

    [error]
        path: gates.yml -> service -> endpoints -> updateGateRules
        issue: Multiple request properties have the name id. This is not suitable for code generation. Use the "name" property (or "x-fern-parameter-name" in OpenAPI) to deconflict.
  - Path parameter "id"
  - Body property: <Request Body> -> id

    [error]
        path: metrics.yml -> types -> MetricCreationContractDtoWarehouseNativeComponentsItemOperator
        issue: Enum name  for value + is not suitable for code generation. It must start with a letter and only contain letters, numbers, and underscores. If your API is defined using OpenAPI, you can use the x-fern-enum extension to specify a valid name: https://buildwithfern.com/learn/api-definitions/openapi/extensions/enum-descriptions-and-names

    [error]
        path: metrics.yml -> types -> MetricsUpdateContractDtoWarehouseNativeComponentsItemOperator
        issue: Enum name  for value + is not suitable for code generation. It must start with a letter and only contain letters, numbers, and underscores. If your API is defined using OpenAPI, you can use the x-fern-enum extension to specify a valid name: https://buildwithfern.com/learn/api-definitions/openapi/extensions/enum-descriptions-and-names

    [error]
        path: users.yml -> service -> endpoints -> updateTeam
        issue: Multiple request properties have the name id. This is not suitable for code generation. Use the "name" property (or "x-fern-parameter-name" in OpenAPI) to deconflict.
  - Path parameter "id"
  - Body property: <Request Body> -> id

Found 11 errors and 53 warnings in <n> seconds. Run fern check --warnings to print out the warnings not shown.
