Warnings for generators.yml:
	Using "api.path" is deprecated. Please use "api.specs[].openapi" or "api.specs[].asyncapi" instead.
[api]: Writing preview to <tmp>/preview
[api]: python-sdk Started.
[api]: python-sdk fernapi/fern-python-sdk Started.
[api]: python-sdk pso2.yml -> service -> endpoints -> getApiCoatOfArms
                  pso2.yml
                  [error] Path must start with a slash.
                  
[api]: python-sdk pso2.yml -> service -> endpoints -> postApiEmergency
                  pso2.yml
                  [error] Path must start with a slash.
                  
[api]: python-sdk pso2.yml -> types -> EmReqEventType
                  pso2.yml
                  [error] Enum value 緊急 is not suitable for code generation. Add a "name" property that starts with a letter and contains only letters, numbers, and underscores. If your API is defined using OpenAPI, you can use the x-fern-enum extension to specify a valid name: https://buildwithfern.com/learn/api-definitions/openapi/extensions/enum-descriptions-and-names
                  [error] Enum value ライブ is not suitable for code generation. Add a "name" property that starts with a letter and contains only letters, numbers, and underscores. If your API is defined using OpenAPI, you can use the x-fern-enum extension to specify a valid name: https://buildwithfern.com/learn/api-definitions/openapi/extensions/enum-descriptions-and-names
                  [error] Enum value カジノイベント is not suitable for code generation. Add a "name" property that starts with a letter and contains only letters, numbers, and underscores. If your API is defined using OpenAPI, you can use the x-fern-enum extension to specify a valid name: https://buildwithfern.com/learn/api-definitions/openapi/extensions/enum-descriptions-and-names
                  [error] Enum value アークスリーグ is not suitable for code generation. Add a "name" property that starts with a letter and contains only letters, numbers, and underscores. If your API is defined using OpenAPI, you can use the x-fern-enum extension to specify a valid name: https://buildwithfern.com/learn/api-definitions/openapi/extensions/enum-descriptions-and-names
                  
[api]: python-sdk Found 6 errors and 0 warnings in <n> seconds.
[api]: python-sdk Failed.
[api]: python-sdk fernapi/fern-python-sdk Failed.
