Warnings for generators.yml:
	Using "api.path" is deprecated. Please use "api.specs[].openapi" or "api.specs[].asyncapi" instead.
[sdk] 9 errors
    [error]
        path: containers.yml -> service
        issue: Service requires auth, but no auth is defined.

    [error]
        path: events.yml -> service
        issue: Service requires auth, but no auth is defined.

    [error]
        path: images.yml -> service
        issue: Service requires auth, but no auth is defined.

    [error]
        path: lifecycle.yml -> service
        issue: Service requires auth, but no auth is defined.

    [error]
        path: logs.yml -> service
        issue: Service requires auth, but no auth is defined.

    [error]
        path: networks.yml -> service
        issue: Service requires auth, but no auth is defined.

    [error]
        path: pairing.yml -> service -> endpoints -> renewDeviceCertificate
        issue: Endpoint requires auth, but no auth is defined.

    [error]
        path: pairing.yml -> service -> endpoints -> unpairSelf
        issue: Endpoint requires auth, but no auth is defined.

    [error]
        path: volumes.yml -> service
        issue: Service requires auth, but no auth is defined.

Found 9 errors and 0 warnings in <n> seconds.
