Warnings for generators.yml:
	Using "api.path" is deprecated. Please use "api.specs[].openapi" or "api.specs[].asyncapi" instead.
[api]: DELETE /rpy/be-subscription/v1/subscriptions/{subscriptionId}/floating/installment/{installment}: the 204 response declares a body, but a 204 (No Content) response cannot include one. Ignoring the declared 204 body and treating the success response as optional.
[sdk] 10 errors
    [error]
        path: __package__.yml -> errors -> InternalServerError
        issue: InternalServerError is already declared in this file

    [error]
        path: combinedPayments.yml -> service -> endpoints -> combined_ -> examples[0] -> response
        issue: Expected example to be an object. Example is: "CREDIT"

    [error]
        path: paymentRecordManagement.yml -> service -> endpoints -> get-v1-payments -> examples[0] -> response
        issue: Unexpected property "payment_method"

    [error]
        path: paymentRecordManagement.yml -> service -> endpoints -> get-v1-payments -> examples[0] -> response
        issue: Unexpected property "save_card_data"

    [error]
        path: paymentRecordManagement.yml -> service -> endpoints -> get-v1-payments -> examples[0] -> response
        issue: Unexpected property "transaction_type"

    [error]
        path: paymentRecordManagement.yml -> service -> endpoints -> get-v1-payments -> examples[0] -> response
        issue: Unexpected property "number_installments"

    [error]
        path: paymentRecordManagement.yml -> service -> endpoints -> get-v1-payments -> examples[0] -> response
        issue: Unexpected property "soft_descriptor"

    [error]
        path: paymentRecordManagement.yml -> service -> endpoints -> get-v1-payments -> examples[0] -> response
        issue: Unexpected property "dynamic_mcc"

    [error]
        path: paymentRecordManagement.yml -> service -> endpoints -> get-v1-payments -> examples[0] -> response
        issue: Unexpected property "card"

    [error]
        path: subscriptions.yml -> service -> endpoints -> get
        issue: Path parameter is unreferenced in endpoint: plan_id.

Found 10 errors and 1 warning in <n> seconds. Run fern check --warnings to print out the warnings not shown.
