Warnings for generators.yml:
	Using "api.path" is deprecated. Please use "api.specs[].openapi" or "api.specs[].asyncapi" instead.
[api]: Writing preview to <tmp>/preview
[api]: python-sdk Started.
[api]: python-sdk fernapi/fern-python-sdk Started.
[api]: python-sdk orgs.yml -> service -> endpoints -> convertMemberToOutsideCollaborator -> examples[0] -> request
                  orgs.yml
                  [error] Expected example to be an object. Example is: undefined
                  
[api]: python-sdk apps.yml -> service -> endpoints -> createFromManifest -> examples[0] -> response
                  apps.yml
                  [error] Example is missing required property "response.body.id"
                  [error] Example is missing required property "response.body.node_id"
                  [error] Example is missing required property "response.body.owner"
                  [error] Example is missing required property "response.body.name"
                  [error] Example is missing required property "response.body.external_url"
                  [error] Example is missing required property "response.body.html_url"
                  [error] Example is missing required property "response.body.created_at"
                  [error] Example is missing required property "response.body.updated_at"
                  [error] Example is missing required property "response.body.permissions"
                  [error] Example is missing required property "response.body.events"
                  
[api]: python-sdk repos.yml -> service -> endpoints -> createOrgRuleset -> examples[0] -> request
                  repos.yml
                  [error] Unexpected property "ref_name"
                  
[api]: python-sdk codeScanning.yml -> service -> endpoints -> createVariantAnalysis -> examples[0] -> response
                  codeScanning.yml
                  [error] "pending" is not a valid example for this enum. Enum values are:
                    - in_progress
                    - succeeded
                    - failed
                    - cancelled
                  
[api]: python-sdk codeScanning.yml -> service -> endpoints -> createVariantAnalysis -> examples[1] -> response
                  codeScanning.yml
                  [error] "pending" is not a valid example for this enum. Enum values are:
                    - in_progress
                    - succeeded
                    - failed
                    - cancelled
                  
[api]: python-sdk codeScanning.yml -> service -> endpoints -> createVariantAnalysis -> examples[2] -> response
                  codeScanning.yml
                  [error] "pending" is not a valid example for this enum. Enum values are:
                    - in_progress
                    - succeeded
                    - failed
                    - cancelled
                  
[api]: python-sdk codeScanning.yml -> service -> endpoints -> createVariantAnalysis -> examples[3] -> response
                  codeScanning.yml
                  [error] "pending" is not a valid example for this enum. Enum values are:
                    - in_progress
                    - succeeded
                    - failed
                    - cancelled
                  
[api]: python-sdk codeScanning.yml -> service -> endpoints -> createVariantAnalysis -> examples[4] -> response
                  codeScanning.yml
                  [error] "pending" is not a valid example for this enum. Enum values are:
                    - in_progress
                    - succeeded
                    - failed
                    - cancelled
                  
[api]: python-sdk codeScanning.yml -> service -> endpoints -> createVariantAnalysis -> examples[5] -> response
                  codeScanning.yml
                  [error] "pending" is not a valid example for this enum. Enum values are:
                    - in_progress
                    - succeeded
                    - failed
                    - cancelled
                  
[api]: python-sdk codeScanning.yml -> service -> endpoints -> createVariantAnalysis
                  codeScanning.yml
                  [error] Duplicate example name: Response for a successful variant analysis submission
                  
[api]: python-sdk actions.yml -> service -> endpoints -> updateEnvironmentVariable
                  actions.yml
                  [error] Multiple request properties have the name name. This is not suitable for code generation. Use the "name" property (or "x-fern-parameter-name" in OpenAPI) to deconflict.
                    - Path parameter "name"
                    - Body property: <Request Body> -> name
                  
[api]: python-sdk repos.yml -> service -> endpoints -> updateOrgRuleset -> examples[0] -> request
                  repos.yml
                  [error] Unexpected property "ref_name"
                  
[api]: python-sdk actions.yml -> service -> endpoints -> updateOrgVariable
                  actions.yml
                  [error] Multiple request properties have the name name. This is not suitable for code generation. Use the "name" property (or "x-fern-parameter-name" in OpenAPI) to deconflict.
                    - Path parameter "name"
                    - Body property: <Request Body> -> name
                  [error] Multiple request properties have the name name. This is not suitable for code generation. Use the "name" property (or "x-fern-parameter-name" in OpenAPI) to deconflict.
                    - Path parameter "name"
                    - Body property: <Request Body> -> name
                  
[api]: python-sdk actions.yml -> service -> endpoints -> updateRepoVariable
                  actions.yml
                  [error] Multiple request properties have the name name. This is not suitable for code generation. Use the "name" property (or "x-fern-parameter-name" in OpenAPI) to deconflict.
                    - Path parameter "name"
                    - Body property: <Request Body> -> name
                  [error] Multiple request properties have the name name. This is not suitable for code generation. Use the "name" property (or "x-fern-parameter-name" in OpenAPI) to deconflict.
                    - Path parameter "name"
                    - Body property: <Request Body> -> name
                  
[api]: python-sdk git.yml -> types -> GitCreateTreeRequestTreeItemMode
                  git.yml
                  [error] Enum value 100644 is not suitable for code generation. Add a "name" property that starts with a letter and contains only letters, numbers, and underscores. If your API is defined using OpenAPI, you can use the x-fern-enum extension to specify a valid name: https://buildwithfern.com/learn/api-definitions/openapi/extensions/enum-descriptions-and-names
                  [error] Enum value 100755 is not suitable for code generation. Add a "name" property that starts with a letter and contains only letters, numbers, and underscores. If your API is defined using OpenAPI, you can use the x-fern-enum extension to specify a valid name: https://buildwithfern.com/learn/api-definitions/openapi/extensions/enum-descriptions-and-names
                  [error] Enum value 040000 is not suitable for code generation. Add a "name" property that starts with a letter and contains only letters, numbers, and underscores. If your API is defined using OpenAPI, you can use the x-fern-enum extension to specify a valid name: https://buildwithfern.com/learn/api-definitions/openapi/extensions/enum-descriptions-and-names
                  [error] Enum value 160000 is not suitable for code generation. Add a "name" property that starts with a letter and contains only letters, numbers, and underscores. If your API is defined using OpenAPI, you can use the x-fern-enum extension to specify a valid name: https://buildwithfern.com/learn/api-definitions/openapi/extensions/enum-descriptions-and-names
                  [error] Enum value 120000 is not suitable for code generation. Add a "name" property that starts with a letter and contains only letters, numbers, and underscores. If your API is defined using OpenAPI, you can use the x-fern-enum extension to specify a valid name: https://buildwithfern.com/learn/api-definitions/openapi/extensions/enum-descriptions-and-names
                  
[api]: python-sdk __package__.yml -> types -> OrgRulesetConditionsTwo -> extends -> RepositoryRulesetConditions
                  __package__.yml
                  [error] Objects can only extend other objects, and RepositoryRulesetConditions is not an object.
                  
[api]: python-sdk __package__.yml -> types -> ReactionContent
                  __package__.yml
                  [error] Enum name 1 for value +1 is not suitable for code generation. It must start with a letter and only contain letters, numbers, and underscores. If your API is defined using OpenAPI, you can use the x-fern-enum extension to specify a valid name: https://buildwithfern.com/learn/api-definitions/openapi/extensions/enum-descriptions-and-names
                  
[api]: python-sdk reactions.yml -> types -> ReactionsCreateForCommitCommentRequestContent
                  reactions.yml
                  [error] Enum name 1 for value +1 is not suitable for code generation. It must start with a letter and only contain letters, numbers, and underscores. If your API is defined using OpenAPI, you can use the x-fern-enum extension to specify a valid name: https://buildwithfern.com/learn/api-definitions/openapi/extensions/enum-descriptions-and-names
                  
[api]: python-sdk reactions.yml -> types -> ReactionsCreateForIssueCommentRequestContent
                  reactions.yml
                  [error] Enum name 1 for value +1 is not suitable for code generation. It must start with a letter and only contain letters, numbers, and underscores. If your API is defined using OpenAPI, you can use the x-fern-enum extension to specify a valid name: https://buildwithfern.com/learn/api-definitions/openapi/extensions/enum-descriptions-and-names
                  
[api]: python-sdk reactions.yml -> types -> ReactionsCreateForIssueRequestContent
                  reactions.yml
                  [error] Enum name 1 for value +1 is not suitable for code generation. It must start with a letter and only contain letters, numbers, and underscores. If your API is defined using OpenAPI, you can use the x-fern-enum extension to specify a valid name: https://buildwithfern.com/learn/api-definitions/openapi/extensions/enum-descriptions-and-names
                  
[api]: python-sdk reactions.yml -> types -> ReactionsCreateForPullRequestReviewCommentRequestContent
                  reactions.yml
                  [error] Enum name 1 for value +1 is not suitable for code generation. It must start with a letter and only contain letters, numbers, and underscores. If your API is defined using OpenAPI, you can use the x-fern-enum extension to specify a valid name: https://buildwithfern.com/learn/api-definitions/openapi/extensions/enum-descriptions-and-names
                  
[api]: python-sdk reactions.yml -> types -> ReactionsCreateForReleaseRequestContent
                  reactions.yml
                  [error] Enum name 1 for value +1 is not suitable for code generation. It must start with a letter and only contain letters, numbers, and underscores. If your API is defined using OpenAPI, you can use the x-fern-enum extension to specify a valid name: https://buildwithfern.com/learn/api-definitions/openapi/extensions/enum-descriptions-and-names
                  
[api]: python-sdk reactions.yml -> types -> ReactionsListForCommitCommentRequestContent
                  reactions.yml
                  [error] Enum name 1 for value +1 is not suitable for code generation. It must start with a letter and only contain letters, numbers, and underscores. If your API is defined using OpenAPI, you can use the x-fern-enum extension to specify a valid name: https://buildwithfern.com/learn/api-definitions/openapi/extensions/enum-descriptions-and-names
                  
[api]: python-sdk reactions.yml -> types -> ReactionsListForIssueCommentRequestContent
                  reactions.yml
                  [error] Enum name 1 for value +1 is not suitable for code generation. It must start with a letter and only contain letters, numbers, and underscores. If your API is defined using OpenAPI, you can use the x-fern-enum extension to specify a valid name: https://buildwithfern.com/learn/api-definitions/openapi/extensions/enum-descriptions-and-names
                  
[api]: python-sdk reactions.yml -> types -> ReactionsListForIssueRequestContent
                  reactions.yml
                  [error] Enum name 1 for value +1 is not suitable for code generation. It must start with a letter and only contain letters, numbers, and underscores. If your API is defined using OpenAPI, you can use the x-fern-enum extension to specify a valid name: https://buildwithfern.com/learn/api-definitions/openapi/extensions/enum-descriptions-and-names
                  
[api]: python-sdk reactions.yml -> types -> ReactionsListForPullRequestReviewCommentRequestContent
                  reactions.yml
                  [error] Enum name 1 for value +1 is not suitable for code generation. It must start with a letter and only contain letters, numbers, and underscores. If your API is defined using OpenAPI, you can use the x-fern-enum extension to specify a valid name: https://buildwithfern.com/learn/api-definitions/openapi/extensions/enum-descriptions-and-names
                  
[api]: python-sdk reactions.yml -> types -> ReactionsListForReleaseRequestContent
                  reactions.yml
                  [error] Enum name 1 for value +1 is not suitable for code generation. It must start with a letter and only contain letters, numbers, and underscores. If your API is defined using OpenAPI, you can use the x-fern-enum extension to specify a valid name: https://buildwithfern.com/learn/api-definitions/openapi/extensions/enum-descriptions-and-names
                  
[api]: python-sdk Found 42 errors and 159 warnings in <n> seconds. Run fern check --warnings to print out the warnings not shown.
[api]: python-sdk Failed.
[api]: python-sdk fernapi/fern-python-sdk Failed.
