Warnings for generators.yml:
	Using "api.path" is deprecated. Please use "api.specs[].openapi" or "api.specs[].asyncapi" instead.
[api]: Writing preview to <tmp>/preview
[api]: python-sdk Started.
[api]: python-sdk fernapi/fern-python-sdk Started.
[api]: python-sdk ✓ All checks passed
[api]: python-sdk fernapi/fern-python-sdk Executing generator fernapi/fern-python-sdk using container image: fernapi/fern-python-sdk:5.20.0
[api]: python-sdk fernapi/fern-python-sdk Generator logs here: <tmp>
[api]: python-sdk fernapi/fern-python-sdk Container execution failed: Container exited with code 1.
                                          Failed to format Cannot parse: 3:9
                                              Defaults to FernApiEnvironment.DEFAULT
                                                      ^
                                          ParseError: bad input
                                          Failed to format Cannot parse: 3:9
                                              Defaults to FernApiEnvironment.DEFAULT
                                                      ^
                                          ParseError: bad input
                                          Failed to format Cannot parse: 3:9
                                              Defaults to FernApiEnvironment.DEFAULT
                                                      ^
                                          ParseError: bad input
                                          Failed to format Cannot parse: 3:9
                                              Defaults to FernApiEnvironment.DEFAULT
                                                      ^
                                          ParseError: bad input
                                          Failed to format Cannot parse: 3:9
                                              Defaults to FernApiEnvironment.DEFAULT
                                                      ^
                                          ParseError: bad input
                                          Failed to format Cannot parse: 3:9
                                              Defaults to FernApiEnvironment.DEFAULT
                                                      ^
                                          ParseError: bad input
                                          Failed to format Cannot parse: 3:9
                                              Defaults to FernApiEnvironment.DEFAULT
                                                      ^
                                          ParseError: bad input
                                          Failed to format Cannot parse: 3:9
                                              Defaults to FernApiEnvironment.DEFAULT
                                                      ^
                                          ParseError: bad input
                                          Output mode: downloadFiles
                                          Failed to run command: ruff check --fix --no-cache --ignore E741 /fern/output
                                          b'fern/output/src/fern/client.py:164:9: F811 Redefinition of unused `holidays` from line 93\n    |\n163 |     @property\n164 |     def holidays(self):\n    |         ^^^^^^^^ F811\n165 |         if self._holidays is None:\n166 |             from .holidays.client import HolidaysClient  # noqa: E402\n    |\n    = help: Remove definition: `holidays`\n\nfern/output/src/fern/client.py:171:9: F811 Redefinition of unused `provinces` from line 126\n    |\n170 |     @property\n171 |     def provinces(self):\n    |         ^^^^^^^^^ F811\n172 |         if self._provinces is None:\n173 |             from .provinces.client import ProvincesClient  # noqa: E402\n    |\n    = help: Remove definition: `provinces`\n\nfern/output/src/fern/client.py:349:9: F811 Redefinition of unused `holidays` from line 262\n    |\n348 |     @property\n349 |     def holidays(self):\n    |         ^^^^^^^^ F811\n350 |         if self._holidays is None:\n351 |             from .holidays.client import AsyncHolidaysClient  # noqa: E402\n    |\n    = help: Remove definition: `holidays`\n\nfern/output/src/fern/client.py:356:9: F811 Redefinition of unused `provinces` from line 303\n    |\n355 |     @property\n356 |     def provinces(self):\n    |         ^^^^^^^^^ F811\n357 |         if self._provinces is None:\n358 |             from .provinces.client import AsyncProvincesClient  # noqa: E402\n    |\n    = help: Remove definition: `provinces`\n\nFound 47 errors (43 fixed, 4 remaining).\n'
                                          b''
                                          /usr/local/lib/python3.13/site-packages/pydantic/_internal/_config.py:386: UserWarning: Valid config keys have changed in V2:
                                          * 'allow_population_by_field_name' has been renamed to 'validate_by_name'
                                          * 'smart_union' has been removed
                                            warnings.warn(message, UserWarning)
                                          /usr/local/lib/python3.13/site-packages/pydantic/_internal/_config.py:386: UserWarning: Valid config keys have changed in V2:
                                          * 'allow_population_by_field_name' has been renamed to 'validate_by_name'
                                            warnings.warn(message, UserWarning)
                                          Traceback (most recent call last):
                                            File "/src/fern_python/cli/publisher.py", line 108, in _run_command
                                              completed_command = subprocess.run(
                                                  command,
                                              ...<4 lines>...
                                                  env=env,
                                              )
                                            File "/usr/local/lib/python3.13/subprocess.py", line 577, in run
                                              raise CalledProcessError(retcode, process.args,
                                                                       output=stdout, stderr=stderr)
                                          subprocess.CalledProcessError: Command '['ruff', 'check', '--fix', '--no-cache', '--ignore', 'E741', '/fern/output']' returned non-zero exit status 1.
                                          
                                          During handling of the above exception, another exception occurred:
                                          
                                          Traceback (most recent call last):
                                            File "<frozen runpy>", line 203, in _run_module_as_main
                                            File "<frozen runpy>", line 88, in _run_code
                                            File "/src/fern_python/generators/sdk/cli.py", line 13, in <module>
                                              typer.run(main)
                                              ~~~~~~~~~^^^^^^
                                            File "/usr/local/lib/python3.13/site-packages/typer/main.py", line 1050, in run
                                              app()
                                              ~~~^^
                                            File "/usr/local/lib/python3.13/site-packages/typer/main.py", line 328, in __call__
                                              raise e
                                            File "/usr/local/lib/python3.13/site-packages/typer/main.py", line 311, in __call__
                                              return get_command(self)(*args, **kwargs)
                                                     ~~~~~~~~~~~~~~~~~^^^^^^^^^^^^^^^^^
                                            File "/usr/local/lib/python3.13/site-packages/click/core.py", line 1524, in __call__
                                              return self.main(*args, **kwargs)
                                                     ~~~~~~~~~^^^^^^^^^^^^^^^^^
                                            File "/usr/local/lib/python3.13/site-packages/typer/core.py", line 716, in main
                                              return _main(
                                                  self,
                                              ...<5 lines>...
                                                  **extra,
                                              )
                                            File "/usr/local/lib/python3.13/site-packages/typer/core.py", line 216, in _main
                                              rv = self.invoke(ctx)
                                            File "/usr/local/lib/python3.13/site-packages/click/core.py", line 1308, in invoke
                                              return ctx.invoke(self.callback, **ctx.params)
                                                     ~~~~~~~~~~^^^^^^^^^^^^^^^^^^^^^^^^^^^^^
                                            File "/usr/local/lib/python3.13/site-packages/click/core.py", line 877, in invoke
                                              return callback(*args, **kwargs)
                                            File "/usr/local/lib/python3.13/site-packages/typer/main.py", line 683, in wrapper
                                              return callback(**use_params)  # type: ignore
                                            File "/src/fern_python/generators/sdk/cli.py", line 9, in main
                                              cli.run()
                                              ~~~~~~~^^
                                            File "/src/fern_python/cli/generator_cli.py", line 60, in run
                                              raise e
                                            File "/src/fern_python/cli/generator_cli.py", line 44, in run
                                              self.abstract_generator.generate_project(
                                              ~~~~~~~~~~~~~~~~~~~~~~~~~~~~~~~~~~~~~~~~^
                                                  generator_exec_wrapper=generator_exec_wrapper,
                                                  ^^^^^^^^^^^^^^^^^^^^^^^^^^^^^^^^^^^^^^^^^^^^^^
                                                  ir=ir,
                                                  ^^^^^^
                                                  generator_config=config,
                                                  ^^^^^^^^^^^^^^^^^^^^^^^^
                                              )
                                              ^
                                            File "/src/fern_python/cli/abstract_generator.py", line 225, in generate_project
                                              publisher.run_ruff_check_fix("/fern/output", cwd="/")
                                              ~~~~~~~~~~~~~~~~~~~~~~~~~~~~^^^^^^^^^^^^^^^^^^^^^^^^^
                                            File "/src/fern_python/cli/publisher.py", line 31, in run_ruff_check_fix
                                              self._run_command(
                                              ~~~~~~~~~~~~~~~~~^
                                                  command=command,
                                                  ^^^^^^^^^^^^^^^^
                                                  safe_command=" ".join(command),
                                                  ^^^^^^^^^^^^^^^^^^^^^^^^^^^^^^^
                                                  cwd=cwd,
                                                  ^^^^^^^^
                                              )
                                              ^
                                            File "/src/fern_python/cli/publisher.py", line 131, in _run_command
                                              raise Exception("Failed to run command", safe_command)
                                          Exception: ('Failed to run command', 'ruff check --fix --no-cache --ignore E741 /fern/output')
[api]: python-sdk fernapi/fern-python-sdk Failed.
[api]: python-sdk Failed.
