Warnings for generators.yml:
	Using "api.path" is deprecated. Please use "api.specs[].openapi" or "api.specs[].asyncapi" instead.
[sdk] 176 errors
    [error]
        path: __package__.yml -> types -> SingleFilterSearchRequestOperator
        issue: Enum name  for value ~ is not suitable for code generation. It must start with a letter and only contain letters, numbers, and underscores. If your API is defined using OpenAPI, you can use the x-fern-enum extension to specify a valid name: https://buildwithfern.com/learn/api-definitions/openapi/extensions/enum-descriptions-and-names

    [error]
        path: admins.yml -> service -> endpoints -> identifyAdmin -> examples[0] -> headers
        issue: "Intercom-Version" is not a valid example for this enum. Enum values are:
  - 1.0
  - 1.1
  - 1.2
  - 1.3
  - 1.4
  - 2.0
  - 2.1
  - 2.2
  - 2.3
  - 2.4
  - 2.5
  - 2.6
  - 2.7
  - 2.8
  - 2.9
  - 2.10

    [error]
        path: admins.yml -> service -> endpoints -> listActivityLogs -> examples[0] -> headers
        issue: "Intercom-Version" is not a valid example for this enum. Enum values are:
  - 1.0
  - 1.1
  - 1.2
  - 1.3
  - 1.4
  - 2.0
  - 2.1
  - 2.2
  - 2.3
  - 2.4
  - 2.5
  - 2.6
  - 2.7
  - 2.8
  - 2.9
  - 2.10

    [error]
        path: admins.yml -> service -> endpoints -> listAdmins -> examples[0] -> headers
        issue: "Intercom-Version" is not a valid example for this enum. Enum values are:
  - 1.0
  - 1.1
  - 1.2
  - 1.3
  - 1.4
  - 2.0
  - 2.1
  - 2.2
  - 2.3
  - 2.4
  - 2.5
  - 2.6
  - 2.7
  - 2.8
  - 2.9
  - 2.10

    [error]
        path: admins.yml -> service -> endpoints -> retrieveAdmin -> examples[0] -> headers
        issue: "Intercom-Version" is not a valid example for this enum. Enum values are:
  - 1.0
  - 1.1
  - 1.2
  - 1.3
  - 1.4
  - 2.0
  - 2.1
  - 2.2
  - 2.3
  - 2.4
  - 2.5
  - 2.6
  - 2.7
  - 2.8
  - 2.9
  - 2.10

    [error]
        path: admins.yml -> service -> endpoints -> setAwayAdmin -> examples[0] -> headers
        issue: "Intercom-Version" is not a valid example for this enum. Enum values are:
  - 1.0
  - 1.1
  - 1.2
  - 1.3
  - 1.4
  - 2.0
  - 2.1
  - 2.2
  - 2.3
  - 2.4
  - 2.5
  - 2.6
  - 2.7
  - 2.8
  - 2.9
  - 2.10

    [error]
        path: admins.yml -> service -> endpoints -> setAwayAdmin -> examples[1] -> headers
        issue: "Intercom-Version" is not a valid example for this enum. Enum values are:
  - 1.0
  - 1.1
  - 1.2
  - 1.3
  - 1.4
  - 2.0
  - 2.1
  - 2.2
  - 2.3
  - 2.4
  - 2.5
  - 2.6
  - 2.7
  - 2.8
  - 2.9
  - 2.10

    [error]
        path: admins.yml -> service -> endpoints -> setAwayAdmin -> examples[2] -> headers
        issue: "Intercom-Version" is not a valid example for this enum. Enum values are:
  - 1.0
  - 1.1
  - 1.2
  - 1.3
  - 1.4
  - 2.0
  - 2.1
  - 2.2
  - 2.3
  - 2.4
  - 2.5
  - 2.6
  - 2.7
  - 2.8
  - 2.9
  - 2.10

    [error]
        path: articles.yml -> service -> endpoints -> createArticle -> examples[0] -> headers
        issue: "Intercom-Version" is not a valid example for this enum. Enum values are:
  - 1.0
  - 1.1
  - 1.2
  - 1.3
  - 1.4
  - 2.0
  - 2.1
  - 2.2
  - 2.3
  - 2.4
  - 2.5
  - 2.6
  - 2.7
  - 2.8
  - 2.9
  - 2.10

    [error]
        path: articles.yml -> service -> endpoints -> createArticle -> examples[1] -> headers
        issue: "Intercom-Version" is not a valid example for this enum. Enum values are:
  - 1.0
  - 1.1
  - 1.2
  - 1.3
  - 1.4
  - 2.0
  - 2.1
  - 2.2
  - 2.3
  - 2.4
  - 2.5
  - 2.6
  - 2.7
  - 2.8
  - 2.9
  - 2.10

    [error]
        path: articles.yml -> service -> endpoints -> deleteArticle -> examples[0] -> headers
        issue: "Intercom-Version" is not a valid example for this enum. Enum values are:
  - 1.0
  - 1.1
  - 1.2
  - 1.3
  - 1.4
  - 2.0
  - 2.1
  - 2.2
  - 2.3
  - 2.4
  - 2.5
  - 2.6
  - 2.7
  - 2.8
  - 2.9
  - 2.10

    [error]
        path: articles.yml -> service -> endpoints -> listArticles -> examples[0] -> headers
        issue: "Intercom-Version" is not a valid example for this enum. Enum values are:
  - 1.0
  - 1.1
  - 1.2
  - 1.3
  - 1.4
  - 2.0
  - 2.1
  - 2.2
  - 2.3
  - 2.4
  - 2.5
  - 2.6
  - 2.7
  - 2.8
  - 2.9
  - 2.10

    [error]
        path: articles.yml -> service -> endpoints -> retrieveArticle -> examples[0] -> headers
        issue: "Intercom-Version" is not a valid example for this enum. Enum values are:
  - 1.0
  - 1.1
  - 1.2
  - 1.3
  - 1.4
  - 2.0
  - 2.1
  - 2.2
  - 2.3
  - 2.4
  - 2.5
  - 2.6
  - 2.7
  - 2.8
  - 2.9
  - 2.10

    [error]
        path: articles.yml -> service -> endpoints -> searchArticles -> examples[0] -> headers
        issue: "Intercom-Version" is not a valid example for this enum. Enum values are:
  - 1.0
  - 1.1
  - 1.2
  - 1.3
  - 1.4
  - 2.0
  - 2.1
  - 2.2
  - 2.3
  - 2.4
  - 2.5
  - 2.6
  - 2.7
  - 2.8
  - 2.9
  - 2.10

    [error]
        path: articles.yml -> service -> endpoints -> updateArticle -> examples[0] -> headers
        issue: "Intercom-Version" is not a valid example for this enum. Enum values are:
  - 1.0
  - 1.1
  - 1.2
  - 1.3
  - 1.4
  - 2.0
  - 2.1
  - 2.2
  - 2.3
  - 2.4
  - 2.5
  - 2.6
  - 2.7
  - 2.8
  - 2.9
  - 2.10

    [error]
        path: articles.yml -> service -> endpoints -> updateArticle -> examples[1] -> headers
        issue: "Intercom-Version" is not a valid example for this enum. Enum values are:
  - 1.0
  - 1.1
  - 1.2
  - 1.3
  - 1.4
  - 2.0
  - 2.1
  - 2.2
  - 2.3
  - 2.4
  - 2.5
  - 2.6
  - 2.7
  - 2.8
  - 2.9
  - 2.10

    [error]
        path: companies.yml -> service -> endpoints -> attachContactToACompany -> examples[0] -> headers
        issue: "Intercom-Version" is not a valid example for this enum. Enum values are:
  - 1.0
  - 1.1
  - 1.2
  - 1.3
  - 1.4
  - 2.0
  - 2.1
  - 2.2
  - 2.3
  - 2.4
  - 2.5
  - 2.6
  - 2.7
  - 2.8
  - 2.9
  - 2.10

    [error]
        path: companies.yml -> service -> endpoints -> attachContactToACompany -> examples[1] -> headers
        issue: "Intercom-Version" is not a valid example for this enum. Enum values are:
  - 1.0
  - 1.1
  - 1.2
  - 1.3
  - 1.4
  - 2.0
  - 2.1
  - 2.2
  - 2.3
  - 2.4
  - 2.5
  - 2.6
  - 2.7
  - 2.8
  - 2.9
  - 2.10

    [error]
        path: companies.yml -> service -> endpoints -> attachContactToACompany -> examples[2] -> headers
        issue: "Intercom-Version" is not a valid example for this enum. Enum values are:
  - 1.0
  - 1.1
  - 1.2
  - 1.3
  - 1.4
  - 2.0
  - 2.1
  - 2.2
  - 2.3
  - 2.4
  - 2.5
  - 2.6
  - 2.7
  - 2.8
  - 2.9
  - 2.10

    [error]
        path: companies.yml -> service -> endpoints -> attachContactToACompany
        issue: Multiple request properties have the name id. This is not suitable for code generation. Use the "name" property (or "x-fern-parameter-name" in OpenAPI) to deconflict.
  - Path parameter "id"
  - Body property: <Request Body> -> id

    [error]
        path: companies.yml -> service -> endpoints -> createOrUpdateCompany -> examples[0] -> headers
        issue: "Intercom-Version" is not a valid example for this enum. Enum values are:
  - 1.0
  - 1.1
  - 1.2
  - 1.3
  - 1.4
  - 2.0
  - 2.1
  - 2.2
  - 2.3
  - 2.4
  - 2.5
  - 2.6
  - 2.7
  - 2.8
  - 2.9
  - 2.10

    [error]
        path: companies.yml -> service -> endpoints -> createOrUpdateCompany -> examples[1] -> headers
        issue: "Intercom-Version" is not a valid example for this enum. Enum values are:
  - 1.0
  - 1.1
  - 1.2
  - 1.3
  - 1.4
  - 2.0
  - 2.1
  - 2.2
  - 2.3
  - 2.4
  - 2.5
  - 2.6
  - 2.7
  - 2.8
  - 2.9
  - 2.10

    [error]
        path: companies.yml -> service -> endpoints -> deleteCompany -> examples[0] -> headers
        issue: "Intercom-Version" is not a valid example for this enum. Enum values are:
  - 1.0
  - 1.1
  - 1.2
  - 1.3
  - 1.4
  - 2.0
  - 2.1
  - 2.2
  - 2.3
  - 2.4
  - 2.5
  - 2.6
  - 2.7
  - 2.8
  - 2.9
  - 2.10

    [error]
        path: companies.yml -> service -> endpoints -> detachContactFromACompany -> examples[0] -> headers
        issue: "Intercom-Version" is not a valid example for this enum. Enum values are:
  - 1.0
  - 1.1
  - 1.2
  - 1.3
  - 1.4
  - 2.0
  - 2.1
  - 2.2
  - 2.3
  - 2.4
  - 2.5
  - 2.6
  - 2.7
  - 2.8
  - 2.9
  - 2.10

    [error]
        path: companies.yml -> service -> endpoints -> listAllCompanies -> examples[0] -> headers
        issue: "Intercom-Version" is not a valid example for this enum. Enum values are:
  - 1.0
  - 1.1
  - 1.2
  - 1.3
  - 1.4
  - 2.0
  - 2.1
  - 2.2
  - 2.3
  - 2.4
  - 2.5
  - 2.6
  - 2.7
  - 2.8
  - 2.9
  - 2.10

    [error]
        path: companies.yml -> service -> endpoints -> ListAttachedContacts -> examples[0] -> headers
        issue: "Intercom-Version" is not a valid example for this enum. Enum values are:
  - 1.0
  - 1.1
  - 1.2
  - 1.3
  - 1.4
  - 2.0
  - 2.1
  - 2.2
  - 2.3
  - 2.4
  - 2.5
  - 2.6
  - 2.7
  - 2.8
  - 2.9
  - 2.10

    [error]
        path: companies.yml -> service -> endpoints -> ListAttachedSegmentsForCompanies -> examples[0] -> headers
        issue: "Intercom-Version" is not a valid example for this enum. Enum values are:
  - 1.0
  - 1.1
  - 1.2
  - 1.3
  - 1.4
  - 2.0
  - 2.1
  - 2.2
  - 2.3
  - 2.4
  - 2.5
  - 2.6
  - 2.7
  - 2.8
  - 2.9
  - 2.10

    [error]
        path: companies.yml -> service -> endpoints -> RetrieveACompanyById -> examples[0] -> headers
        issue: "Intercom-Version" is not a valid example for this enum. Enum values are:
  - 1.0
  - 1.1
  - 1.2
  - 1.3
  - 1.4
  - 2.0
  - 2.1
  - 2.2
  - 2.3
  - 2.4
  - 2.5
  - 2.6
  - 2.7
  - 2.8
  - 2.9
  - 2.10

    [error]
        path: companies.yml -> service -> endpoints -> retrieveCompany -> examples[0] -> headers
        issue: "Intercom-Version" is not a valid example for this enum. Enum values are:
  - 1.0
  - 1.1
  - 1.2
  - 1.3
  - 1.4
  - 2.0
  - 2.1
  - 2.2
  - 2.3
  - 2.4
  - 2.5
  - 2.6
  - 2.7
  - 2.8
  - 2.9
  - 2.10

    [error]
        path: companies.yml -> service -> endpoints -> scrollOverAllCompanies -> examples[0] -> headers
        issue: "Intercom-Version" is not a valid example for this enum. Enum values are:
  - 1.0
  - 1.1
  - 1.2
  - 1.3
  - 1.4
  - 2.0
  - 2.1
  - 2.2
  - 2.3
  - 2.4
  - 2.5
  - 2.6
  - 2.7
  - 2.8
  - 2.9
  - 2.10

    [error]
        path: companies.yml -> service -> endpoints -> UpdateCompany -> examples[0] -> headers
        issue: "Intercom-Version" is not a valid example for this enum. Enum values are:
  - 1.0
  - 1.1
  - 1.2
  - 1.3
  - 1.4
  - 2.0
  - 2.1
  - 2.2
  - 2.3
  - 2.4
  - 2.5
  - 2.6
  - 2.7
  - 2.8
  - 2.9
  - 2.10

    [error]
        path: contacts.yml -> service -> endpoints -> ArchiveContact -> examples[0] -> headers
        issue: "Intercom-Version" is not a valid example for this enum. Enum values are:
  - 1.0
  - 1.1
  - 1.2
  - 1.3
  - 1.4
  - 2.0
  - 2.1
  - 2.2
  - 2.3
  - 2.4
  - 2.5
  - 2.6
  - 2.7
  - 2.8
  - 2.9
  - 2.10

    [error]
        path: contacts.yml -> service -> endpoints -> CreateContact -> examples[0] -> headers
        issue: "Intercom-Version" is not a valid example for this enum. Enum values are:
  - 1.0
  - 1.1
  - 1.2
  - 1.3
  - 1.4
  - 2.0
  - 2.1
  - 2.2
  - 2.3
  - 2.4
  - 2.5
  - 2.6
  - 2.7
  - 2.8
  - 2.9
  - 2.10

    [error]
        path: contacts.yml -> service -> endpoints -> DeleteContact -> examples[0] -> headers
        issue: "Intercom-Version" is not a valid example for this enum. Enum values are:
  - 1.0
  - 1.1
  - 1.2
  - 1.3
  - 1.4
  - 2.0
  - 2.1
  - 2.2
  - 2.3
  - 2.4
  - 2.5
  - 2.6
  - 2.7
  - 2.8
  - 2.9
  - 2.10

    [error]
        path: contacts.yml -> service -> endpoints -> listCompaniesForAContact -> examples[0] -> headers
        issue: "Intercom-Version" is not a valid example for this enum. Enum values are:
  - 1.0
  - 1.1
  - 1.2
  - 1.3
  - 1.4
  - 2.0
  - 2.1
  - 2.2
  - 2.3
  - 2.4
  - 2.5
  - 2.6
  - 2.7
  - 2.8
  - 2.9
  - 2.10

    [error]
        path: contacts.yml -> service -> endpoints -> ListContacts -> examples[0] -> headers
        issue: "Intercom-Version" is not a valid example for this enum. Enum values are:
  - 1.0
  - 1.1
  - 1.2
  - 1.3
  - 1.4
  - 2.0
  - 2.1
  - 2.2
  - 2.3
  - 2.4
  - 2.5
  - 2.6
  - 2.7
  - 2.8
  - 2.9
  - 2.10

    [error]
        path: contacts.yml -> service -> endpoints -> listSegmentsForAContact -> examples[0] -> headers
        issue: "Intercom-Version" is not a valid example for this enum. Enum values are:
  - 1.0
  - 1.1
  - 1.2
  - 1.3
  - 1.4
  - 2.0
  - 2.1
  - 2.2
  - 2.3
  - 2.4
  - 2.5
  - 2.6
  - 2.7
  - 2.8
  - 2.9
  - 2.10

    [error]
        path: contacts.yml -> service -> endpoints -> listSubscriptionsForAContact -> examples[0] -> headers
        issue: "Intercom-Version" is not a valid example for this enum. Enum values are:
  - 1.0
  - 1.1
  - 1.2
  - 1.3
  - 1.4
  - 2.0
  - 2.1
  - 2.2
  - 2.3
  - 2.4
  - 2.5
  - 2.6
  - 2.7
  - 2.8
  - 2.9
  - 2.10

    [error]
        path: contacts.yml -> service -> endpoints -> listTagsForAContact -> examples[0] -> headers
        issue: "Intercom-Version" is not a valid example for this enum. Enum values are:
  - 1.0
  - 1.1
  - 1.2
  - 1.3
  - 1.4
  - 2.0
  - 2.1
  - 2.2
  - 2.3
  - 2.4
  - 2.5
  - 2.6
  - 2.7
  - 2.8
  - 2.9
  - 2.10

    [error]
        path: contacts.yml -> service -> endpoints -> MergeContact -> examples[0] -> headers
        issue: "Intercom-Version" is not a valid example for this enum. Enum values are:
  - 1.0
  - 1.1
  - 1.2
  - 1.3
  - 1.4
  - 2.0
  - 2.1
  - 2.2
  - 2.3
  - 2.4
  - 2.5
  - 2.6
  - 2.7
  - 2.8
  - 2.9
  - 2.10

    [error]
        path: contacts.yml -> service -> endpoints -> SearchContacts -> examples[0] -> headers
        issue: "Intercom-Version" is not a valid example for this enum. Enum values are:
  - 1.0
  - 1.1
  - 1.2
  - 1.3
  - 1.4
  - 2.0
  - 2.1
  - 2.2
  - 2.3
  - 2.4
  - 2.5
  - 2.6
  - 2.7
  - 2.8
  - 2.9
  - 2.10

    [error]
        path: contacts.yml -> service -> endpoints -> ShowContact -> examples[0] -> headers
        issue: "Intercom-Version" is not a valid example for this enum. Enum values are:
  - 1.0
  - 1.1
  - 1.2
  - 1.3
  - 1.4
  - 2.0
  - 2.1
  - 2.2
  - 2.3
  - 2.4
  - 2.5
  - 2.6
  - 2.7
  - 2.8
  - 2.9
  - 2.10

    [error]
        path: contacts.yml -> service -> endpoints -> UnarchiveContact -> examples[0] -> headers
        issue: "Intercom-Version" is not a valid example for this enum. Enum values are:
  - 1.0
  - 1.1
  - 1.2
  - 1.3
  - 1.4
  - 2.0
  - 2.1
  - 2.2
  - 2.3
  - 2.4
  - 2.5
  - 2.6
  - 2.7
  - 2.8
  - 2.9
  - 2.10

    [error]
        path: contacts.yml -> service -> endpoints -> UpdateContact -> examples[0] -> headers
        issue: "Intercom-Version" is not a valid example for this enum. Enum values are:
  - 1.0
  - 1.1
  - 1.2
  - 1.3
  - 1.4
  - 2.0
  - 2.1
  - 2.2
  - 2.3
  - 2.4
  - 2.5
  - 2.6
  - 2.7
  - 2.8
  - 2.9
  - 2.10

    [error]
        path: conversations.yml -> service -> endpoints -> attachContactToConversation -> examples[0] -> headers
        issue: "Intercom-Version" is not a valid example for this enum. Enum values are:
  - 1.0
  - 1.1
  - 1.2
  - 1.3
  - 1.4
  - 2.0
  - 2.1
  - 2.2
  - 2.3
  - 2.4
  - 2.5
  - 2.6
  - 2.7
  - 2.8
  - 2.9
  - 2.10

    [error]
        path: conversations.yml -> service -> endpoints -> attachContactToConversation -> examples[1] -> headers
        issue: "Intercom-Version" is not a valid example for this enum. Enum values are:
  - 1.0
  - 1.1
  - 1.2
  - 1.3
  - 1.4
  - 2.0
  - 2.1
  - 2.2
  - 2.3
  - 2.4
  - 2.5
  - 2.6
  - 2.7
  - 2.8
  - 2.9
  - 2.10

    [error]
        path: conversations.yml -> service -> endpoints -> autoAssignConversation -> examples[0] -> headers
        issue: "Intercom-Version" is not a valid example for this enum. Enum values are:
  - 1.0
  - 1.1
  - 1.2
  - 1.3
  - 1.4
  - 2.0
  - 2.1
  - 2.2
  - 2.3
  - 2.4
  - 2.5
  - 2.6
  - 2.7
  - 2.8
  - 2.9
  - 2.10

    [error]
        path: conversations.yml -> service -> endpoints -> convertConversationToTicket -> examples[0] -> headers
        issue: "Intercom-Version" is not a valid example for this enum. Enum values are:
  - 1.0
  - 1.1
  - 1.2
  - 1.3
  - 1.4
  - 2.0
  - 2.1
  - 2.2
  - 2.3
  - 2.4
  - 2.5
  - 2.6
  - 2.7
  - 2.8
  - 2.9
  - 2.10

    [error]
        path: conversations.yml -> service -> endpoints -> convertConversationToTicket -> examples[0] -> response
        issue: Expected example to be an object. Example is: "ticket"

    [error]
        path: conversations.yml -> service -> endpoints -> convertConversationToTicket -> examples[1] -> headers
        issue: "Intercom-Version" is not a valid example for this enum. Enum values are:
  - 1.0
  - 1.1
  - 1.2
  - 1.3
  - 1.4
  - 2.0
  - 2.1
  - 2.2
  - 2.3
  - 2.4
  - 2.5
  - 2.6
  - 2.7
  - 2.8
  - 2.9
  - 2.10

    [error]
        path: conversations.yml -> service -> endpoints -> convertConversationToTicket -> examples[1] -> response
        issue: Expected example to be an object. Example is: "ticket"

    [error]
        path: conversations.yml -> service -> endpoints -> createConversation -> examples[0] -> headers
        issue: "Intercom-Version" is not a valid example for this enum. Enum values are:
  - 1.0
  - 1.1
  - 1.2
  - 1.3
  - 1.4
  - 2.0
  - 2.1
  - 2.2
  - 2.3
  - 2.4
  - 2.5
  - 2.6
  - 2.7
  - 2.8
  - 2.9
  - 2.10

    [error]
        path: conversations.yml -> service -> endpoints -> createConversation -> examples[1] -> headers
        issue: "Intercom-Version" is not a valid example for this enum. Enum values are:
  - 1.0
  - 1.1
  - 1.2
  - 1.3
  - 1.4
  - 2.0
  - 2.1
  - 2.2
  - 2.3
  - 2.4
  - 2.5
  - 2.6
  - 2.7
  - 2.8
  - 2.9
  - 2.10

    [error]
        path: conversations.yml -> service -> endpoints -> detachContactFromConversation -> examples[0] -> headers
        issue: "Intercom-Version" is not a valid example for this enum. Enum values are:
  - 1.0
  - 1.1
  - 1.2
  - 1.3
  - 1.4
  - 2.0
  - 2.1
  - 2.2
  - 2.3
  - 2.4
  - 2.5
  - 2.6
  - 2.7
  - 2.8
  - 2.9
  - 2.10

    [error]
        path: conversations.yml -> service -> endpoints -> detachContactFromConversation -> examples[1] -> headers
        issue: "Intercom-Version" is not a valid example for this enum. Enum values are:
  - 1.0
  - 1.1
  - 1.2
  - 1.3
  - 1.4
  - 2.0
  - 2.1
  - 2.2
  - 2.3
  - 2.4
  - 2.5
  - 2.6
  - 2.7
  - 2.8
  - 2.9
  - 2.10

    [error]
        path: conversations.yml -> service -> endpoints -> detachContactFromConversation -> examples[2] -> headers
        issue: "Intercom-Version" is not a valid example for this enum. Enum values are:
  - 1.0
  - 1.1
  - 1.2
  - 1.3
  - 1.4
  - 2.0
  - 2.1
  - 2.2
  - 2.3
  - 2.4
  - 2.5
  - 2.6
  - 2.7
  - 2.8
  - 2.9
  - 2.10

    [error]
        path: conversations.yml -> service -> endpoints -> detachContactFromConversation -> examples[3] -> headers
        issue: "Intercom-Version" is not a valid example for this enum. Enum values are:
  - 1.0
  - 1.1
  - 1.2
  - 1.3
  - 1.4
  - 2.0
  - 2.1
  - 2.2
  - 2.3
  - 2.4
  - 2.5
  - 2.6
  - 2.7
  - 2.8
  - 2.9
  - 2.10

    [error]
        path: conversations.yml -> service -> endpoints -> listConversations -> examples[0] -> headers
        issue: "Intercom-Version" is not a valid example for this enum. Enum values are:
  - 1.0
  - 1.1
  - 1.2
  - 1.3
  - 1.4
  - 2.0
  - 2.1
  - 2.2
  - 2.3
  - 2.4
  - 2.5
  - 2.6
  - 2.7
  - 2.8
  - 2.9
  - 2.10

    [error]
        path: conversations.yml -> service -> endpoints -> manageConversation -> examples[0] -> headers
        issue: "Intercom-Version" is not a valid example for this enum. Enum values are:
  - 1.0
  - 1.1
  - 1.2
  - 1.3
  - 1.4
  - 2.0
  - 2.1
  - 2.2
  - 2.3
  - 2.4
  - 2.5
  - 2.6
  - 2.7
  - 2.8
  - 2.9
  - 2.10

    [error]
        path: conversations.yml -> service -> endpoints -> manageConversation -> examples[1] -> headers
        issue: "Intercom-Version" is not a valid example for this enum. Enum values are:
  - 1.0
  - 1.1
  - 1.2
  - 1.3
  - 1.4
  - 2.0
  - 2.1
  - 2.2
  - 2.3
  - 2.4
  - 2.5
  - 2.6
  - 2.7
  - 2.8
  - 2.9
  - 2.10

    [error]
        path: conversations.yml -> service -> endpoints -> manageConversation -> examples[2] -> headers
        issue: "Intercom-Version" is not a valid example for this enum. Enum values are:
  - 1.0
  - 1.1
  - 1.2
  - 1.3
  - 1.4
  - 2.0
  - 2.1
  - 2.2
  - 2.3
  - 2.4
  - 2.5
  - 2.6
  - 2.7
  - 2.8
  - 2.9
  - 2.10

    [error]
        path: conversations.yml -> service -> endpoints -> manageConversation -> examples[3] -> headers
        issue: "Intercom-Version" is not a valid example for this enum. Enum values are:
  - 1.0
  - 1.1
  - 1.2
  - 1.3
  - 1.4
  - 2.0
  - 2.1
  - 2.2
  - 2.3
  - 2.4
  - 2.5
  - 2.6
  - 2.7
  - 2.8
  - 2.9
  - 2.10

    [error]
        path: conversations.yml -> service -> endpoints -> manageConversation -> examples[4] -> headers
        issue: "Intercom-Version" is not a valid example for this enum. Enum values are:
  - 1.0
  - 1.1
  - 1.2
  - 1.3
  - 1.4
  - 2.0
  - 2.1
  - 2.2
  - 2.3
  - 2.4
  - 2.5
  - 2.6
  - 2.7
  - 2.8
  - 2.9
  - 2.10

    [error]
        path: conversations.yml -> service -> endpoints -> redactConversation -> examples[0] -> headers
        issue: "Intercom-Version" is not a valid example for this enum. Enum values are:
  - 1.0
  - 1.1
  - 1.2
  - 1.3
  - 1.4
  - 2.0
  - 2.1
  - 2.2
  - 2.3
  - 2.4
  - 2.5
  - 2.6
  - 2.7
  - 2.8
  - 2.9
  - 2.10

    [error]
        path: conversations.yml -> service -> endpoints -> redactConversation -> examples[1] -> headers
        issue: "Intercom-Version" is not a valid example for this enum. Enum values are:
  - 1.0
  - 1.1
  - 1.2
  - 1.3
  - 1.4
  - 2.0
  - 2.1
  - 2.2
  - 2.3
  - 2.4
  - 2.5
  - 2.6
  - 2.7
  - 2.8
  - 2.9
  - 2.10

    [error]
        path: conversations.yml -> service -> endpoints -> replyConversation -> examples[0] -> headers
        issue: "Intercom-Version" is not a valid example for this enum. Enum values are:
  - 1.0
  - 1.1
  - 1.2
  - 1.3
  - 1.4
  - 2.0
  - 2.1
  - 2.2
  - 2.3
  - 2.4
  - 2.5
  - 2.6
  - 2.7
  - 2.8
  - 2.9
  - 2.10

    [error]
        path: conversations.yml -> service -> endpoints -> replyConversation -> examples[1] -> headers
        issue: "Intercom-Version" is not a valid example for this enum. Enum values are:
  - 1.0
  - 1.1
  - 1.2
  - 1.3
  - 1.4
  - 2.0
  - 2.1
  - 2.2
  - 2.3
  - 2.4
  - 2.5
  - 2.6
  - 2.7
  - 2.8
  - 2.9
  - 2.10

    [error]
        path: conversations.yml -> service -> endpoints -> replyConversation -> examples[2] -> headers
        issue: "Intercom-Version" is not a valid example for this enum. Enum values are:
  - 1.0
  - 1.1
  - 1.2
  - 1.3
  - 1.4
  - 2.0
  - 2.1
  - 2.2
  - 2.3
  - 2.4
  - 2.5
  - 2.6
  - 2.7
  - 2.8
  - 2.9
  - 2.10

    [error]
        path: conversations.yml -> service -> endpoints -> replyConversation -> examples[3] -> headers
        issue: "Intercom-Version" is not a valid example for this enum. Enum values are:
  - 1.0
  - 1.1
  - 1.2
  - 1.3
  - 1.4
  - 2.0
  - 2.1
  - 2.2
  - 2.3
  - 2.4
  - 2.5
  - 2.6
  - 2.7
  - 2.8
  - 2.9
  - 2.10

    [error]
        path: conversations.yml -> service -> endpoints -> retrieveConversation -> examples[0] -> headers
        issue: "Intercom-Version" is not a valid example for this enum. Enum values are:
  - 1.0
  - 1.1
  - 1.2
  - 1.3
  - 1.4
  - 2.0
  - 2.1
  - 2.2
  - 2.3
  - 2.4
  - 2.5
  - 2.6
  - 2.7
  - 2.8
  - 2.9
  - 2.10

    [error]
        path: conversations.yml -> service -> endpoints -> searchConversations -> examples[0] -> headers
        issue: "Intercom-Version" is not a valid example for this enum. Enum values are:
  - 1.0
  - 1.1
  - 1.2
  - 1.3
  - 1.4
  - 2.0
  - 2.1
  - 2.2
  - 2.3
  - 2.4
  - 2.5
  - 2.6
  - 2.7
  - 2.8
  - 2.9
  - 2.10

    [error]
        path: conversations.yml -> service -> endpoints -> updateConversation -> examples[0] -> headers
        issue: "Intercom-Version" is not a valid example for this enum. Enum values are:
  - 1.0
  - 1.1
  - 1.2
  - 1.3
  - 1.4
  - 2.0
  - 2.1
  - 2.2
  - 2.3
  - 2.4
  - 2.5
  - 2.6
  - 2.7
  - 2.8
  - 2.9
  - 2.10

    [error]
        path: conversations.yml -> service -> endpoints -> updateConversation -> examples[1] -> headers
        issue: "Intercom-Version" is not a valid example for this enum. Enum values are:
  - 1.0
  - 1.1
  - 1.2
  - 1.3
  - 1.4
  - 2.0
  - 2.1
  - 2.2
  - 2.3
  - 2.4
  - 2.5
  - 2.6
  - 2.7
  - 2.8
  - 2.9
  - 2.10

    [error]
        path: dataAttributes.yml -> service -> endpoints -> createDataAttribute -> examples[0] -> headers
        issue: "Intercom-Version" is not a valid example for this enum. Enum values are:
  - 1.0
  - 1.1
  - 1.2
  - 1.3
  - 1.4
  - 2.0
  - 2.1
  - 2.2
  - 2.3
  - 2.4
  - 2.5
  - 2.6
  - 2.7
  - 2.8
  - 2.9
  - 2.10

    [error]
        path: dataAttributes.yml -> service -> endpoints -> createDataAttribute -> examples[1] -> headers
        issue: "Intercom-Version" is not a valid example for this enum. Enum values are:
  - 1.0
  - 1.1
  - 1.2
  - 1.3
  - 1.4
  - 2.0
  - 2.1
  - 2.2
  - 2.3
  - 2.4
  - 2.5
  - 2.6
  - 2.7
  - 2.8
  - 2.9
  - 2.10

    [error]
        path: dataAttributes.yml -> service -> endpoints -> createDataAttribute -> examples[2] -> headers
        issue: "Intercom-Version" is not a valid example for this enum. Enum values are:
  - 1.0
  - 1.1
  - 1.2
  - 1.3
  - 1.4
  - 2.0
  - 2.1
  - 2.2
  - 2.3
  - 2.4
  - 2.5
  - 2.6
  - 2.7
  - 2.8
  - 2.9
  - 2.10

    [error]
        path: dataAttributes.yml -> service -> endpoints -> createDataAttribute -> examples[3] -> headers
        issue: "Intercom-Version" is not a valid example for this enum. Enum values are:
  - 1.0
  - 1.1
  - 1.2
  - 1.3
  - 1.4
  - 2.0
  - 2.1
  - 2.2
  - 2.3
  - 2.4
  - 2.5
  - 2.6
  - 2.7
  - 2.8
  - 2.9
  - 2.10

    [error]
        path: dataAttributes.yml -> service -> endpoints -> createDataAttribute -> examples[4] -> headers
        issue: "Intercom-Version" is not a valid example for this enum. Enum values are:
  - 1.0
  - 1.1
  - 1.2
  - 1.3
  - 1.4
  - 2.0
  - 2.1
  - 2.2
  - 2.3
  - 2.4
  - 2.5
  - 2.6
  - 2.7
  - 2.8
  - 2.9
  - 2.10

    [error]
        path: dataAttributes.yml -> service -> endpoints -> createDataAttribute -> examples[5] -> headers
        issue: "Intercom-Version" is not a valid example for this enum. Enum values are:
  - 1.0
  - 1.1
  - 1.2
  - 1.3
  - 1.4
  - 2.0
  - 2.1
  - 2.2
  - 2.3
  - 2.4
  - 2.5
  - 2.6
  - 2.7
  - 2.8
  - 2.9
  - 2.10

    [error]
        path: dataAttributes.yml -> service -> endpoints -> lisDataAttributes -> examples[0] -> headers
        issue: "Intercom-Version" is not a valid example for this enum. Enum values are:
  - 1.0
  - 1.1
  - 1.2
  - 1.3
  - 1.4
  - 2.0
  - 2.1
  - 2.2
  - 2.3
  - 2.4
  - 2.5
  - 2.6
  - 2.7
  - 2.8
  - 2.9
  - 2.10

    [error]
        path: dataAttributes.yml -> service -> endpoints -> updateDataAttribute -> examples[0] -> headers
        issue: "Intercom-Version" is not a valid example for this enum. Enum values are:
  - 1.0
  - 1.1
  - 1.2
  - 1.3
  - 1.4
  - 2.0
  - 2.1
  - 2.2
  - 2.3
  - 2.4
  - 2.5
  - 2.6
  - 2.7
  - 2.8
  - 2.9
  - 2.10

    [error]
        path: dataAttributes.yml -> service -> endpoints -> updateDataAttribute -> examples[1] -> headers
        issue: "Intercom-Version" is not a valid example for this enum. Enum values are:
  - 1.0
  - 1.1
  - 1.2
  - 1.3
  - 1.4
  - 2.0
  - 2.1
  - 2.2
  - 2.3
  - 2.4
  - 2.5
  - 2.6
  - 2.7
  - 2.8
  - 2.9
  - 2.10

    [error]
        path: dataAttributes.yml -> service -> endpoints -> updateDataAttribute -> examples[2] -> headers
        issue: "Intercom-Version" is not a valid example for this enum. Enum values are:
  - 1.0
  - 1.1
  - 1.2
  - 1.3
  - 1.4
  - 2.0
  - 2.1
  - 2.2
  - 2.3
  - 2.4
  - 2.5
  - 2.6
  - 2.7
  - 2.8
  - 2.9
  - 2.10

    [error]
        path: dataAttributes.yml -> service -> endpoints -> updateDataAttribute -> examples[3] -> headers
        issue: "Intercom-Version" is not a valid example for this enum. Enum values are:
  - 1.0
  - 1.1
  - 1.2
  - 1.3
  - 1.4
  - 2.0
  - 2.1
  - 2.2
  - 2.3
  - 2.4
  - 2.5
  - 2.6
  - 2.7
  - 2.8
  - 2.9
  - 2.10

    [error]
        path: dataEvents.yml -> service -> endpoints -> dataEventSummaries -> examples[0] -> headers
        issue: "Intercom-Version" is not a valid example for this enum. Enum values are:
  - 1.0
  - 1.1
  - 1.2
  - 1.3
  - 1.4
  - 2.0
  - 2.1
  - 2.2
  - 2.3
  - 2.4
  - 2.5
  - 2.6
  - 2.7
  - 2.8
  - 2.9
  - 2.10

    [error]
        path: helpCenter.yml -> service -> endpoints -> createCollection -> examples[0] -> headers
        issue: "Intercom-Version" is not a valid example for this enum. Enum values are:
  - 1.0
  - 1.1
  - 1.2
  - 1.3
  - 1.4
  - 2.0
  - 2.1
  - 2.2
  - 2.3
  - 2.4
  - 2.5
  - 2.6
  - 2.7
  - 2.8
  - 2.9
  - 2.10

    [error]
        path: helpCenter.yml -> service -> endpoints -> createCollection -> examples[1] -> headers
        issue: "Intercom-Version" is not a valid example for this enum. Enum values are:
  - 1.0
  - 1.1
  - 1.2
  - 1.3
  - 1.4
  - 2.0
  - 2.1
  - 2.2
  - 2.3
  - 2.4
  - 2.5
  - 2.6
  - 2.7
  - 2.8
  - 2.9
  - 2.10

    [error]
        path: helpCenter.yml -> service -> endpoints -> deleteCollection -> examples[0] -> headers
        issue: "Intercom-Version" is not a valid example for this enum. Enum values are:
  - 1.0
  - 1.1
  - 1.2
  - 1.3
  - 1.4
  - 2.0
  - 2.1
  - 2.2
  - 2.3
  - 2.4
  - 2.5
  - 2.6
  - 2.7
  - 2.8
  - 2.9
  - 2.10

    [error]
        path: helpCenter.yml -> service -> endpoints -> listAllCollections -> examples[0] -> headers
        issue: "Intercom-Version" is not a valid example for this enum. Enum values are:
  - 1.0
  - 1.1
  - 1.2
  - 1.3
  - 1.4
  - 2.0
  - 2.1
  - 2.2
  - 2.3
  - 2.4
  - 2.5
  - 2.6
  - 2.7
  - 2.8
  - 2.9
  - 2.10

    [error]
        path: helpCenter.yml -> service -> endpoints -> listHelpCenters -> examples[0] -> headers
        issue: "Intercom-Version" is not a valid example for this enum. Enum values are:
  - 1.0
  - 1.1
  - 1.2
  - 1.3
  - 1.4
  - 2.0
  - 2.1
  - 2.2
  - 2.3
  - 2.4
  - 2.5
  - 2.6
  - 2.7
  - 2.8
  - 2.9
  - 2.10

    [error]
        path: helpCenter.yml -> service -> endpoints -> retrieveCollection -> examples[0] -> headers
        issue: "Intercom-Version" is not a valid example for this enum. Enum values are:
  - 1.0
  - 1.1
  - 1.2
  - 1.3
  - 1.4
  - 2.0
  - 2.1
  - 2.2
  - 2.3
  - 2.4
  - 2.5
  - 2.6
  - 2.7
  - 2.8
  - 2.9
  - 2.10

    [error]
        path: helpCenter.yml -> service -> endpoints -> retrieveHelpCenter -> examples[0] -> headers
        issue: "Intercom-Version" is not a valid example for this enum. Enum values are:
  - 1.0
  - 1.1
  - 1.2
  - 1.3
  - 1.4
  - 2.0
  - 2.1
  - 2.2
  - 2.3
  - 2.4
  - 2.5
  - 2.6
  - 2.7
  - 2.8
  - 2.9
  - 2.10

    [error]
        path: helpCenter.yml -> service -> endpoints -> updateCollection -> examples[0] -> headers
        issue: "Intercom-Version" is not a valid example for this enum. Enum values are:
  - 1.0
  - 1.1
  - 1.2
  - 1.3
  - 1.4
  - 2.0
  - 2.1
  - 2.2
  - 2.3
  - 2.4
  - 2.5
  - 2.6
  - 2.7
  - 2.8
  - 2.9
  - 2.10

    [error]
        path: helpCenter.yml -> service -> endpoints -> updateCollection -> examples[1] -> headers
        issue: "Intercom-Version" is not a valid example for this enum. Enum values are:
  - 1.0
  - 1.1
  - 1.2
  - 1.3
  - 1.4
  - 2.0
  - 2.1
  - 2.2
  - 2.3
  - 2.4
  - 2.5
  - 2.6
  - 2.7
  - 2.8
  - 2.9
  - 2.10

    [error]
        path: messages.yml -> service -> endpoints -> createMessage -> examples[0] -> headers
        issue: "Intercom-Version" is not a valid example for this enum. Enum values are:
  - 1.0
  - 1.1
  - 1.2
  - 1.3
  - 1.4
  - 2.0
  - 2.1
  - 2.2
  - 2.3
  - 2.4
  - 2.5
  - 2.6
  - 2.7
  - 2.8
  - 2.9
  - 2.10

    [error]
        path: messages.yml -> service -> endpoints -> createMessage -> examples[1] -> headers
        issue: "Intercom-Version" is not a valid example for this enum. Enum values are:
  - 1.0
  - 1.1
  - 1.2
  - 1.3
  - 1.4
  - 2.0
  - 2.1
  - 2.2
  - 2.3
  - 2.4
  - 2.5
  - 2.6
  - 2.7
  - 2.8
  - 2.9
  - 2.10

    [error]
        path: messages.yml -> service -> endpoints -> createMessage -> examples[2] -> headers
        issue: "Intercom-Version" is not a valid example for this enum. Enum values are:
  - 1.0
  - 1.1
  - 1.2
  - 1.3
  - 1.4
  - 2.0
  - 2.1
  - 2.2
  - 2.3
  - 2.4
  - 2.5
  - 2.6
  - 2.7
  - 2.8
  - 2.9
  - 2.10

    [error]
        path: messages.yml -> service -> endpoints -> createMessage -> examples[3] -> headers
        issue: "Intercom-Version" is not a valid example for this enum. Enum values are:
  - 1.0
  - 1.1
  - 1.2
  - 1.3
  - 1.4
  - 2.0
  - 2.1
  - 2.2
  - 2.3
  - 2.4
  - 2.5
  - 2.6
  - 2.7
  - 2.8
  - 2.9
  - 2.10

    [error]
        path: messages.yml -> service -> endpoints -> createMessage -> examples[4] -> headers
        issue: "Intercom-Version" is not a valid example for this enum. Enum values are:
  - 1.0
  - 1.1
  - 1.2
  - 1.3
  - 1.4
  - 2.0
  - 2.1
  - 2.2
  - 2.3
  - 2.4
  - 2.5
  - 2.6
  - 2.7
  - 2.8
  - 2.9
  - 2.10

    [error]
        path: messages.yml -> service -> endpoints -> createMessage -> examples[5] -> headers
        issue: "Intercom-Version" is not a valid example for this enum. Enum values are:
  - 1.0
  - 1.1
  - 1.2
  - 1.3
  - 1.4
  - 2.0
  - 2.1
  - 2.2
  - 2.3
  - 2.4
  - 2.5
  - 2.6
  - 2.7
  - 2.8
  - 2.9
  - 2.10

    [error]
        path: news.yml -> service -> endpoints -> createNewsItem -> examples[0] -> headers
        issue: "Intercom-Version" is not a valid example for this enum. Enum values are:
  - 1.0
  - 1.1
  - 1.2
  - 1.3
  - 1.4
  - 2.0
  - 2.1
  - 2.2
  - 2.3
  - 2.4
  - 2.5
  - 2.6
  - 2.7
  - 2.8
  - 2.9
  - 2.10

    [error]
        path: news.yml -> service -> endpoints -> deleteNewsItem -> examples[0] -> headers
        issue: "Intercom-Version" is not a valid example for this enum. Enum values are:
  - 1.0
  - 1.1
  - 1.2
  - 1.3
  - 1.4
  - 2.0
  - 2.1
  - 2.2
  - 2.3
  - 2.4
  - 2.5
  - 2.6
  - 2.7
  - 2.8
  - 2.9
  - 2.10

    [error]
        path: news.yml -> service -> endpoints -> listLiveNewsfeedItems -> examples[0] -> headers
        issue: "Intercom-Version" is not a valid example for this enum. Enum values are:
  - 1.0
  - 1.1
  - 1.2
  - 1.3
  - 1.4
  - 2.0
  - 2.1
  - 2.2
  - 2.3
  - 2.4
  - 2.5
  - 2.6
  - 2.7
  - 2.8
  - 2.9
  - 2.10

    [error]
        path: news.yml -> service -> endpoints -> listNewsfeeds -> examples[0] -> headers
        issue: "Intercom-Version" is not a valid example for this enum. Enum values are:
  - 1.0
  - 1.1
  - 1.2
  - 1.3
  - 1.4
  - 2.0
  - 2.1
  - 2.2
  - 2.3
  - 2.4
  - 2.5
  - 2.6
  - 2.7
  - 2.8
  - 2.9
  - 2.10

    [error]
        path: news.yml -> service -> endpoints -> listNewsItems -> examples[0] -> headers
        issue: "Intercom-Version" is not a valid example for this enum. Enum values are:
  - 1.0
  - 1.1
  - 1.2
  - 1.3
  - 1.4
  - 2.0
  - 2.1
  - 2.2
  - 2.3
  - 2.4
  - 2.5
  - 2.6
  - 2.7
  - 2.8
  - 2.9
  - 2.10

    [error]
        path: news.yml -> service -> endpoints -> retrieveNewsfeed -> examples[0] -> headers
        issue: "Intercom-Version" is not a valid example for this enum. Enum values are:
  - 1.0
  - 1.1
  - 1.2
  - 1.3
  - 1.4
  - 2.0
  - 2.1
  - 2.2
  - 2.3
  - 2.4
  - 2.5
  - 2.6
  - 2.7
  - 2.8
  - 2.9
  - 2.10

    [error]
        path: news.yml -> service -> endpoints -> retrieveNewsItem -> examples[0] -> headers
        issue: "Intercom-Version" is not a valid example for this enum. Enum values are:
  - 1.0
  - 1.1
  - 1.2
  - 1.3
  - 1.4
  - 2.0
  - 2.1
  - 2.2
  - 2.3
  - 2.4
  - 2.5
  - 2.6
  - 2.7
  - 2.8
  - 2.9
  - 2.10

    [error]
        path: news.yml -> service -> endpoints -> updateNewsItem -> examples[0] -> headers
        issue: "Intercom-Version" is not a valid example for this enum. Enum values are:
  - 1.0
  - 1.1
  - 1.2
  - 1.3
  - 1.4
  - 2.0
  - 2.1
  - 2.2
  - 2.3
  - 2.4
  - 2.5
  - 2.6
  - 2.7
  - 2.8
  - 2.9
  - 2.10

    [error]
        path: news.yml -> service -> endpoints -> updateNewsItem -> examples[1] -> headers
        issue: "Intercom-Version" is not a valid example for this enum. Enum values are:
  - 1.0
  - 1.1
  - 1.2
  - 1.3
  - 1.4
  - 2.0
  - 2.1
  - 2.2
  - 2.3
  - 2.4
  - 2.5
  - 2.6
  - 2.7
  - 2.8
  - 2.9
  - 2.10

    [error]
        path: notes.yml -> service -> endpoints -> createNote -> examples[0] -> headers
        issue: "Intercom-Version" is not a valid example for this enum. Enum values are:
  - 1.0
  - 1.1
  - 1.2
  - 1.3
  - 1.4
  - 2.0
  - 2.1
  - 2.2
  - 2.3
  - 2.4
  - 2.5
  - 2.6
  - 2.7
  - 2.8
  - 2.9
  - 2.10

    [error]
        path: notes.yml -> service -> endpoints -> createNote -> examples[1] -> headers
        issue: "Intercom-Version" is not a valid example for this enum. Enum values are:
  - 1.0
  - 1.1
  - 1.2
  - 1.3
  - 1.4
  - 2.0
  - 2.1
  - 2.2
  - 2.3
  - 2.4
  - 2.5
  - 2.6
  - 2.7
  - 2.8
  - 2.9
  - 2.10

    [error]
        path: notes.yml -> service -> endpoints -> createNote -> examples[2] -> headers
        issue: "Intercom-Version" is not a valid example for this enum. Enum values are:
  - 1.0
  - 1.1
  - 1.2
  - 1.3
  - 1.4
  - 2.0
  - 2.1
  - 2.2
  - 2.3
  - 2.4
  - 2.5
  - 2.6
  - 2.7
  - 2.8
  - 2.9
  - 2.10

    [error]
        path: notes.yml -> service -> endpoints -> listNotes -> examples[0] -> headers
        issue: "Intercom-Version" is not a valid example for this enum. Enum values are:
  - 1.0
  - 1.1
  - 1.2
  - 1.3
  - 1.4
  - 2.0
  - 2.1
  - 2.2
  - 2.3
  - 2.4
  - 2.5
  - 2.6
  - 2.7
  - 2.8
  - 2.9
  - 2.10

    [error]
        path: notes.yml -> service -> endpoints -> retrieveNote -> examples[0] -> headers
        issue: "Intercom-Version" is not a valid example for this enum. Enum values are:
  - 1.0
  - 1.1
  - 1.2
  - 1.3
  - 1.4
  - 2.0
  - 2.1
  - 2.2
  - 2.3
  - 2.4
  - 2.5
  - 2.6
  - 2.7
  - 2.8
  - 2.9
  - 2.10

    [error]
        path: segments.yml -> service -> endpoints -> listSegments -> examples[0] -> headers
        issue: "Intercom-Version" is not a valid example for this enum. Enum values are:
  - 1.0
  - 1.1
  - 1.2
  - 1.3
  - 1.4
  - 2.0
  - 2.1
  - 2.2
  - 2.3
  - 2.4
  - 2.5
  - 2.6
  - 2.7
  - 2.8
  - 2.9
  - 2.10

    [error]
        path: segments.yml -> service -> endpoints -> retrieveSegment -> examples[0] -> headers
        issue: "Intercom-Version" is not a valid example for this enum. Enum values are:
  - 1.0
  - 1.1
  - 1.2
  - 1.3
  - 1.4
  - 2.0
  - 2.1
  - 2.2
  - 2.3
  - 2.4
  - 2.5
  - 2.6
  - 2.7
  - 2.8
  - 2.9
  - 2.10

    [error]
        path: subscriptionTypes.yml -> service -> endpoints -> attachSubscriptionTypeToContact -> examples[0] -> headers
        issue: "Intercom-Version" is not a valid example for this enum. Enum values are:
  - 1.0
  - 1.1
  - 1.2
  - 1.3
  - 1.4
  - 2.0
  - 2.1
  - 2.2
  - 2.3
  - 2.4
  - 2.5
  - 2.6
  - 2.7
  - 2.8
  - 2.9
  - 2.10

    [error]
        path: subscriptionTypes.yml -> service -> endpoints -> attachSubscriptionTypeToContact -> examples[1] -> headers
        issue: "Intercom-Version" is not a valid example for this enum. Enum values are:
  - 1.0
  - 1.1
  - 1.2
  - 1.3
  - 1.4
  - 2.0
  - 2.1
  - 2.2
  - 2.3
  - 2.4
  - 2.5
  - 2.6
  - 2.7
  - 2.8
  - 2.9
  - 2.10

    [error]
        path: subscriptionTypes.yml -> service -> endpoints -> attachSubscriptionTypeToContact -> examples[2] -> headers
        issue: "Intercom-Version" is not a valid example for this enum. Enum values are:
  - 1.0
  - 1.1
  - 1.2
  - 1.3
  - 1.4
  - 2.0
  - 2.1
  - 2.2
  - 2.3
  - 2.4
  - 2.5
  - 2.6
  - 2.7
  - 2.8
  - 2.9
  - 2.10

    [error]
        path: subscriptionTypes.yml -> service -> endpoints -> detachSubscriptionTypeToContact -> examples[0] -> headers
        issue: "Intercom-Version" is not a valid example for this enum. Enum values are:
  - 1.0
  - 1.1
  - 1.2
  - 1.3
  - 1.4
  - 2.0
  - 2.1
  - 2.2
  - 2.3
  - 2.4
  - 2.5
  - 2.6
  - 2.7
  - 2.8
  - 2.9
  - 2.10

    [error]
        path: subscriptionTypes.yml -> service -> endpoints -> listSubscriptionTypes -> examples[0] -> headers
        issue: "Intercom-Version" is not a valid example for this enum. Enum values are:
  - 1.0
  - 1.1
  - 1.2
  - 1.3
  - 1.4
  - 2.0
  - 2.1
  - 2.2
  - 2.3
  - 2.4
  - 2.5
  - 2.6
  - 2.7
  - 2.8
  - 2.9
  - 2.10

    [error]
        path: switch.yml -> service -> endpoints -> createPhoneSwitch -> examples[0] -> headers
        issue: "Intercom-Version" is not a valid example for this enum. Enum values are:
  - 1.0
  - 1.1
  - 1.2
  - 1.3
  - 1.4
  - 2.0
  - 2.1
  - 2.2
  - 2.3
  - 2.4
  - 2.5
  - 2.6
  - 2.7
  - 2.8
  - 2.9
  - 2.10

    [error]
        path: switch.yml -> service -> endpoints -> createPhoneSwitch -> examples[1] -> headers
        issue: "Intercom-Version" is not a valid example for this enum. Enum values are:
  - 1.0
  - 1.1
  - 1.2
  - 1.3
  - 1.4
  - 2.0
  - 2.1
  - 2.2
  - 2.3
  - 2.4
  - 2.5
  - 2.6
  - 2.7
  - 2.8
  - 2.9
  - 2.10

    [error]
        path: switch.yml -> service -> endpoints -> createPhoneSwitch -> examples[2] -> headers
        issue: "Intercom-Version" is not a valid example for this enum. Enum values are:
  - 1.0
  - 1.1
  - 1.2
  - 1.3
  - 1.4
  - 2.0
  - 2.1
  - 2.2
  - 2.3
  - 2.4
  - 2.5
  - 2.6
  - 2.7
  - 2.8
  - 2.9
  - 2.10

    [error]
        path: switch.yml -> service -> endpoints -> createPhoneSwitch -> examples[3] -> headers
        issue: "Intercom-Version" is not a valid example for this enum. Enum values are:
  - 1.0
  - 1.1
  - 1.2
  - 1.3
  - 1.4
  - 2.0
  - 2.1
  - 2.2
  - 2.3
  - 2.4
  - 2.5
  - 2.6
  - 2.7
  - 2.8
  - 2.9
  - 2.10

    [error]
        path: tags.yml -> service -> endpoints -> attachTagToContact -> examples[0] -> headers
        issue: "Intercom-Version" is not a valid example for this enum. Enum values are:
  - 1.0
  - 1.1
  - 1.2
  - 1.3
  - 1.4
  - 2.0
  - 2.1
  - 2.2
  - 2.3
  - 2.4
  - 2.5
  - 2.6
  - 2.7
  - 2.8
  - 2.9
  - 2.10

    [error]
        path: tags.yml -> service -> endpoints -> attachTagToContact -> examples[1] -> headers
        issue: "Intercom-Version" is not a valid example for this enum. Enum values are:
  - 1.0
  - 1.1
  - 1.2
  - 1.3
  - 1.4
  - 2.0
  - 2.1
  - 2.2
  - 2.3
  - 2.4
  - 2.5
  - 2.6
  - 2.7
  - 2.8
  - 2.9
  - 2.10

    [error]
        path: tags.yml -> service -> endpoints -> attachTagToContact -> examples[2] -> headers
        issue: "Intercom-Version" is not a valid example for this enum. Enum values are:
  - 1.0
  - 1.1
  - 1.2
  - 1.3
  - 1.4
  - 2.0
  - 2.1
  - 2.2
  - 2.3
  - 2.4
  - 2.5
  - 2.6
  - 2.7
  - 2.8
  - 2.9
  - 2.10

    [error]
        path: tags.yml -> service -> endpoints -> attachTagToConversation -> examples[0] -> headers
        issue: "Intercom-Version" is not a valid example for this enum. Enum values are:
  - 1.0
  - 1.1
  - 1.2
  - 1.3
  - 1.4
  - 2.0
  - 2.1
  - 2.2
  - 2.3
  - 2.4
  - 2.5
  - 2.6
  - 2.7
  - 2.8
  - 2.9
  - 2.10

    [error]
        path: tags.yml -> service -> endpoints -> attachTagToConversation -> examples[1] -> headers
        issue: "Intercom-Version" is not a valid example for this enum. Enum values are:
  - 1.0
  - 1.1
  - 1.2
  - 1.3
  - 1.4
  - 2.0
  - 2.1
  - 2.2
  - 2.3
  - 2.4
  - 2.5
  - 2.6
  - 2.7
  - 2.8
  - 2.9
  - 2.10

    [error]
        path: tags.yml -> service -> endpoints -> attachTagToTicket -> examples[0] -> headers
        issue: "Intercom-Version" is not a valid example for this enum. Enum values are:
  - 1.0
  - 1.1
  - 1.2
  - 1.3
  - 1.4
  - 2.0
  - 2.1
  - 2.2
  - 2.3
  - 2.4
  - 2.5
  - 2.6
  - 2.7
  - 2.8
  - 2.9
  - 2.10

    [error]
        path: tags.yml -> service -> endpoints -> attachTagToTicket -> examples[1] -> headers
        issue: "Intercom-Version" is not a valid example for this enum. Enum values are:
  - 1.0
  - 1.1
  - 1.2
  - 1.3
  - 1.4
  - 2.0
  - 2.1
  - 2.2
  - 2.3
  - 2.4
  - 2.5
  - 2.6
  - 2.7
  - 2.8
  - 2.9
  - 2.10

    [error]
        path: tags.yml -> service -> endpoints -> createTag -> examples[0] -> headers
        issue: "Intercom-Version" is not a valid example for this enum. Enum values are:
  - 1.0
  - 1.1
  - 1.2
  - 1.3
  - 1.4
  - 2.0
  - 2.1
  - 2.2
  - 2.3
  - 2.4
  - 2.5
  - 2.6
  - 2.7
  - 2.8
  - 2.9
  - 2.10

    [error]
        path: tags.yml -> service -> endpoints -> createTag -> examples[1] -> headers
        issue: "Intercom-Version" is not a valid example for this enum. Enum values are:
  - 1.0
  - 1.1
  - 1.2
  - 1.3
  - 1.4
  - 2.0
  - 2.1
  - 2.2
  - 2.3
  - 2.4
  - 2.5
  - 2.6
  - 2.7
  - 2.8
  - 2.9
  - 2.10

    [error]
        path: tags.yml -> service -> endpoints -> createTag -> examples[2] -> headers
        issue: "Intercom-Version" is not a valid example for this enum. Enum values are:
  - 1.0
  - 1.1
  - 1.2
  - 1.3
  - 1.4
  - 2.0
  - 2.1
  - 2.2
  - 2.3
  - 2.4
  - 2.5
  - 2.6
  - 2.7
  - 2.8
  - 2.9
  - 2.10

    [error]
        path: tags.yml -> service -> endpoints -> createTag -> examples[3] -> headers
        issue: "Intercom-Version" is not a valid example for this enum. Enum values are:
  - 1.0
  - 1.1
  - 1.2
  - 1.3
  - 1.4
  - 2.0
  - 2.1
  - 2.2
  - 2.3
  - 2.4
  - 2.5
  - 2.6
  - 2.7
  - 2.8
  - 2.9
  - 2.10

    [error]
        path: tags.yml -> service -> endpoints -> deleteTag -> examples[0] -> headers
        issue: "Intercom-Version" is not a valid example for this enum. Enum values are:
  - 1.0
  - 1.1
  - 1.2
  - 1.3
  - 1.4
  - 2.0
  - 2.1
  - 2.2
  - 2.3
  - 2.4
  - 2.5
  - 2.6
  - 2.7
  - 2.8
  - 2.9
  - 2.10

    [error]
        path: tags.yml -> service -> endpoints -> detachTagFromContact -> examples[0] -> headers
        issue: "Intercom-Version" is not a valid example for this enum. Enum values are:
  - 1.0
  - 1.1
  - 1.2
  - 1.3
  - 1.4
  - 2.0
  - 2.1
  - 2.2
  - 2.3
  - 2.4
  - 2.5
  - 2.6
  - 2.7
  - 2.8
  - 2.9
  - 2.10

    [error]
        path: tags.yml -> service -> endpoints -> detachTagFromConversation -> examples[0] -> headers
        issue: "Intercom-Version" is not a valid example for this enum. Enum values are:
  - 1.0
  - 1.1
  - 1.2
  - 1.3
  - 1.4
  - 2.0
  - 2.1
  - 2.2
  - 2.3
  - 2.4
  - 2.5
  - 2.6
  - 2.7
  - 2.8
  - 2.9
  - 2.10

    [error]
        path: tags.yml -> service -> endpoints -> detachTagFromConversation -> examples[1] -> headers
        issue: "Intercom-Version" is not a valid example for this enum. Enum values are:
  - 1.0
  - 1.1
  - 1.2
  - 1.3
  - 1.4
  - 2.0
  - 2.1
  - 2.2
  - 2.3
  - 2.4
  - 2.5
  - 2.6
  - 2.7
  - 2.8
  - 2.9
  - 2.10

    [error]
        path: tags.yml -> service -> endpoints -> detachTagFromConversation -> examples[2] -> headers
        issue: "Intercom-Version" is not a valid example for this enum. Enum values are:
  - 1.0
  - 1.1
  - 1.2
  - 1.3
  - 1.4
  - 2.0
  - 2.1
  - 2.2
  - 2.3
  - 2.4
  - 2.5
  - 2.6
  - 2.7
  - 2.8
  - 2.9
  - 2.10

    [error]
        path: tags.yml -> service -> endpoints -> detachTagFromTicket -> examples[0] -> headers
        issue: "Intercom-Version" is not a valid example for this enum. Enum values are:
  - 1.0
  - 1.1
  - 1.2
  - 1.3
  - 1.4
  - 2.0
  - 2.1
  - 2.2
  - 2.3
  - 2.4
  - 2.5
  - 2.6
  - 2.7
  - 2.8
  - 2.9
  - 2.10

    [error]
        path: tags.yml -> service -> endpoints -> detachTagFromTicket -> examples[1] -> headers
        issue: "Intercom-Version" is not a valid example for this enum. Enum values are:
  - 1.0
  - 1.1
  - 1.2
  - 1.3
  - 1.4
  - 2.0
  - 2.1
  - 2.2
  - 2.3
  - 2.4
  - 2.5
  - 2.6
  - 2.7
  - 2.8
  - 2.9
  - 2.10

    [error]
        path: tags.yml -> service -> endpoints -> detachTagFromTicket -> examples[2] -> headers
        issue: "Intercom-Version" is not a valid example for this enum. Enum values are:
  - 1.0
  - 1.1
  - 1.2
  - 1.3
  - 1.4
  - 2.0
  - 2.1
  - 2.2
  - 2.3
  - 2.4
  - 2.5
  - 2.6
  - 2.7
  - 2.8
  - 2.9
  - 2.10

    [error]
        path: tags.yml -> service -> endpoints -> findTag -> examples[0] -> headers
        issue: "Intercom-Version" is not a valid example for this enum. Enum values are:
  - 1.0
  - 1.1
  - 1.2
  - 1.3
  - 1.4
  - 2.0
  - 2.1
  - 2.2
  - 2.3
  - 2.4
  - 2.5
  - 2.6
  - 2.7
  - 2.8
  - 2.9
  - 2.10

    [error]
        path: tags.yml -> service -> endpoints -> listTags -> examples[0] -> headers
        issue: "Intercom-Version" is not a valid example for this enum. Enum values are:
  - 1.0
  - 1.1
  - 1.2
  - 1.3
  - 1.4
  - 2.0
  - 2.1
  - 2.2
  - 2.3
  - 2.4
  - 2.5
  - 2.6
  - 2.7
  - 2.8
  - 2.9
  - 2.10

    [error]
        path: teams.yml -> service -> endpoints -> listTeams -> examples[0] -> headers
        issue: "Intercom-Version" is not a valid example for this enum. Enum values are:
  - 1.0
  - 1.1
  - 1.2
  - 1.3
  - 1.4
  - 2.0
  - 2.1
  - 2.2
  - 2.3
  - 2.4
  - 2.5
  - 2.6
  - 2.7
  - 2.8
  - 2.9
  - 2.10

    [error]
        path: teams.yml -> service -> endpoints -> retrieveTeam -> examples[0] -> headers
        issue: "Intercom-Version" is not a valid example for this enum. Enum values are:
  - 1.0
  - 1.1
  - 1.2
  - 1.3
  - 1.4
  - 2.0
  - 2.1
  - 2.2
  - 2.3
  - 2.4
  - 2.5
  - 2.6
  - 2.7
  - 2.8
  - 2.9
  - 2.10

    [error]
        path: tickets.yml -> service -> endpoints -> createTicket -> examples[0] -> headers
        issue: "Intercom-Version" is not a valid example for this enum. Enum values are:
  - 1.0
  - 1.1
  - 1.2
  - 1.3
  - 1.4
  - 2.0
  - 2.1
  - 2.2
  - 2.3
  - 2.4
  - 2.5
  - 2.6
  - 2.7
  - 2.8
  - 2.9
  - 2.10

    [error]
        path: tickets.yml -> service -> endpoints -> createTicket -> examples[0] -> response
        issue: Expected example to be an object. Example is: "ticket"

    [error]
        path: tickets.yml -> service -> endpoints -> getTicket -> examples[0] -> headers
        issue: "Intercom-Version" is not a valid example for this enum. Enum values are:
  - 1.0
  - 1.1
  - 1.2
  - 1.3
  - 1.4
  - 2.0
  - 2.1
  - 2.2
  - 2.3
  - 2.4
  - 2.5
  - 2.6
  - 2.7
  - 2.8
  - 2.9
  - 2.10

    [error]
        path: tickets.yml -> service -> endpoints -> getTicket -> examples[0] -> response
        issue: Expected example to be an object. Example is: "ticket"

    [error]
        path: tickets.yml -> service -> endpoints -> replyTicket -> examples[0] -> headers
        issue: "Intercom-Version" is not a valid example for this enum. Enum values are:
  - 1.0
  - 1.1
  - 1.2
  - 1.3
  - 1.4
  - 2.0
  - 2.1
  - 2.2
  - 2.3
  - 2.4
  - 2.5
  - 2.6
  - 2.7
  - 2.8
  - 2.9
  - 2.10

    [error]
        path: tickets.yml -> service -> endpoints -> replyTicket -> examples[1] -> headers
        issue: "Intercom-Version" is not a valid example for this enum. Enum values are:
  - 1.0
  - 1.1
  - 1.2
  - 1.3
  - 1.4
  - 2.0
  - 2.1
  - 2.2
  - 2.3
  - 2.4
  - 2.5
  - 2.6
  - 2.7
  - 2.8
  - 2.9
  - 2.10

    [error]
        path: tickets.yml -> service -> endpoints -> replyTicket -> examples[2] -> headers
        issue: "Intercom-Version" is not a valid example for this enum. Enum values are:
  - 1.0
  - 1.1
  - 1.2
  - 1.3
  - 1.4
  - 2.0
  - 2.1
  - 2.2
  - 2.3
  - 2.4
  - 2.5
  - 2.6
  - 2.7
  - 2.8
  - 2.9
  - 2.10

    [error]
        path: tickets.yml -> service -> endpoints -> replyTicket -> examples[3] -> headers
        issue: "Intercom-Version" is not a valid example for this enum. Enum values are:
  - 1.0
  - 1.1
  - 1.2
  - 1.3
  - 1.4
  - 2.0
  - 2.1
  - 2.2
  - 2.3
  - 2.4
  - 2.5
  - 2.6
  - 2.7
  - 2.8
  - 2.9
  - 2.10

    [error]
        path: tickets.yml -> service -> endpoints -> replyTicket -> examples[4] -> headers
        issue: "Intercom-Version" is not a valid example for this enum. Enum values are:
  - 1.0
  - 1.1
  - 1.2
  - 1.3
  - 1.4
  - 2.0
  - 2.1
  - 2.2
  - 2.3
  - 2.4
  - 2.5
  - 2.6
  - 2.7
  - 2.8
  - 2.9
  - 2.10

    [error]
        path: tickets.yml -> service -> endpoints -> searchTickets -> examples[0] -> headers
        issue: "Intercom-Version" is not a valid example for this enum. Enum values are:
  - 1.0
  - 1.1
  - 1.2
  - 1.3
  - 1.4
  - 2.0
  - 2.1
  - 2.2
  - 2.3
  - 2.4
  - 2.5
  - 2.6
  - 2.7
  - 2.8
  - 2.9
  - 2.10

    [error]
        path: tickets.yml -> service -> endpoints -> searchTickets -> examples[0] -> response
        issue: Expected example to be an object. Example is: "ticket"

    [error]
        path: tickets.yml -> service -> endpoints -> updateTicket -> examples[0] -> headers
        issue: "Intercom-Version" is not a valid example for this enum. Enum values are:
  - 1.0
  - 1.1
  - 1.2
  - 1.3
  - 1.4
  - 2.0
  - 2.1
  - 2.2
  - 2.3
  - 2.4
  - 2.5
  - 2.6
  - 2.7
  - 2.8
  - 2.9
  - 2.10

    [error]
        path: tickets.yml -> service -> endpoints -> updateTicket -> examples[0] -> response
        issue: Expected example to be an object. Example is: "ticket"

    [error]
        path: tickets.yml -> service -> endpoints -> updateTicket -> examples[1] -> headers
        issue: "Intercom-Version" is not a valid example for this enum. Enum values are:
  - 1.0
  - 1.1
  - 1.2
  - 1.3
  - 1.4
  - 2.0
  - 2.1
  - 2.2
  - 2.3
  - 2.4
  - 2.5
  - 2.6
  - 2.7
  - 2.8
  - 2.9
  - 2.10

    [error]
        path: tickets.yml -> service -> endpoints -> updateTicket -> examples[1] -> response
        issue: Expected example to be an object. Example is: "ticket"

    [error]
        path: tickets.yml -> service -> endpoints -> updateTicket -> examples[2] -> headers
        issue: "Intercom-Version" is not a valid example for this enum. Enum values are:
  - 1.0
  - 1.1
  - 1.2
  - 1.3
  - 1.4
  - 2.0
  - 2.1
  - 2.2
  - 2.3
  - 2.4
  - 2.5
  - 2.6
  - 2.7
  - 2.8
  - 2.9
  - 2.10

    [error]
        path: tickets.yml -> service -> endpoints -> updateTicket -> examples[2] -> response
        issue: Expected example to be an object. Example is: "ticket"

    [error]
        path: tickets.yml -> types -> Ticket -> properties -> type -> type
        issue: Default values are not supported for the named type

    [error]
        path: ticketTypeAttributes.yml -> service -> endpoints -> createTicketTypeAttribute -> examples[0] -> headers
        issue: "Intercom-Version" is not a valid example for this enum. Enum values are:
  - 1.0
  - 1.1
  - 1.2
  - 1.3
  - 1.4
  - 2.0
  - 2.1
  - 2.2
  - 2.3
  - 2.4
  - 2.5
  - 2.6
  - 2.7
  - 2.8
  - 2.9
  - 2.10

    [error]
        path: ticketTypeAttributes.yml -> service -> endpoints -> updateTicketTypeAttribute -> examples[0] -> headers
        issue: "Intercom-Version" is not a valid example for this enum. Enum values are:
  - 1.0
  - 1.1
  - 1.2
  - 1.3
  - 1.4
  - 2.0
  - 2.1
  - 2.2
  - 2.3
  - 2.4
  - 2.5
  - 2.6
  - 2.7
  - 2.8
  - 2.9
  - 2.10

    [error]
        path: ticketTypes.yml -> service -> endpoints -> createTicketType -> examples[0] -> headers
        issue: "Intercom-Version" is not a valid example for this enum. Enum values are:
  - 1.0
  - 1.1
  - 1.2
  - 1.3
  - 1.4
  - 2.0
  - 2.1
  - 2.2
  - 2.3
  - 2.4
  - 2.5
  - 2.6
  - 2.7
  - 2.8
  - 2.9
  - 2.10

    [error]
        path: ticketTypes.yml -> service -> endpoints -> getTicketType -> examples[0] -> headers
        issue: "Intercom-Version" is not a valid example for this enum. Enum values are:
  - 1.0
  - 1.1
  - 1.2
  - 1.3
  - 1.4
  - 2.0
  - 2.1
  - 2.2
  - 2.3
  - 2.4
  - 2.5
  - 2.6
  - 2.7
  - 2.8
  - 2.9
  - 2.10

    [error]
        path: ticketTypes.yml -> service -> endpoints -> listTicketTypes -> examples[0] -> headers
        issue: "Intercom-Version" is not a valid example for this enum. Enum values are:
  - 1.0
  - 1.1
  - 1.2
  - 1.3
  - 1.4
  - 2.0
  - 2.1
  - 2.2
  - 2.3
  - 2.4
  - 2.5
  - 2.6
  - 2.7
  - 2.8
  - 2.9
  - 2.10

    [error]
        path: ticketTypes.yml -> service -> endpoints -> updateTicketType -> examples[0] -> headers
        issue: "Intercom-Version" is not a valid example for this enum. Enum values are:
  - 1.0
  - 1.1
  - 1.2
  - 1.3
  - 1.4
  - 2.0
  - 2.1
  - 2.2
  - 2.3
  - 2.4
  - 2.5
  - 2.6
  - 2.7
  - 2.8
  - 2.9
  - 2.10

    [error]
        path: visitors.yml -> service -> endpoints -> convertVisitor -> examples[0] -> headers
        issue: "Intercom-Version" is not a valid example for this enum. Enum values are:
  - 1.0
  - 1.1
  - 1.2
  - 1.3
  - 1.4
  - 2.0
  - 2.1
  - 2.2
  - 2.3
  - 2.4
  - 2.5
  - 2.6
  - 2.7
  - 2.8
  - 2.9
  - 2.10

    [error]
        path: visitors.yml -> service -> endpoints -> retrieveVisitorWithUserId -> examples[0] -> headers
        issue: "Intercom-Version" is not a valid example for this enum. Enum values are:
  - 1.0
  - 1.1
  - 1.2
  - 1.3
  - 1.4
  - 2.0
  - 2.1
  - 2.2
  - 2.3
  - 2.4
  - 2.5
  - 2.6
  - 2.7
  - 2.8
  - 2.9
  - 2.10

    [error]
        path: visitors.yml -> service -> endpoints -> updateVisitor -> examples[0] -> headers
        issue: "Intercom-Version" is not a valid example for this enum. Enum values are:
  - 1.0
  - 1.1
  - 1.2
  - 1.3
  - 1.4
  - 2.0
  - 2.1
  - 2.2
  - 2.3
  - 2.4
  - 2.5
  - 2.6
  - 2.7
  - 2.8
  - 2.9
  - 2.10

    [error]
        path: visitors.yml -> service -> endpoints -> updateVisitor -> examples[1] -> headers
        issue: "Intercom-Version" is not a valid example for this enum. Enum values are:
  - 1.0
  - 1.1
  - 1.2
  - 1.3
  - 1.4
  - 2.0
  - 2.1
  - 2.2
  - 2.3
  - 2.4
  - 2.5
  - 2.6
  - 2.7
  - 2.8
  - 2.9
  - 2.10

Found 176 errors and 6 warnings in <n> seconds. Run fern check --warnings to print out the warnings not shown.
