Warnings for generators.yml:
	Using "api.path" is deprecated. Please use "api.specs[].openapi" or "api.specs[].asyncapi" instead.
[sdk] 8 errors
    [error]
        path: admin.yml -> service -> endpoints -> exportMemory
        issue: Endpoint requires auth, but no auth is defined.

    [error]
        path: admin.yml -> service -> endpoints -> freezeWrites
        issue: Endpoint requires auth, but no auth is defined.

    [error]
        path: memory.yml -> service -> endpoints -> entityTimeline
        issue: Endpoint requires auth, but no auth is defined.

    [error]
        path: memory.yml -> service -> endpoints -> forgetMemory
        issue: Endpoint requires auth, but no auth is defined.

    [error]
        path: memory.yml -> service -> endpoints -> getMemory
        issue: Endpoint requires auth, but no auth is defined.

    [error]
        path: memory.yml -> service -> endpoints -> queryMemory
        issue: Endpoint requires auth, but no auth is defined.

    [error]
        path: memory.yml -> service -> endpoints -> supersedeMemory
        issue: Endpoint requires auth, but no auth is defined.

    [error]
        path: memory.yml -> service -> endpoints -> writeMemory
        issue: Endpoint requires auth, but no auth is defined.

Found 8 errors and 2 warnings in <n> seconds. Run fern check --warnings to print out the warnings not shown.
