Warnings for generators.yml:
	Using "api.path" is deprecated. Please use "api.specs[].openapi" or "api.specs[].asyncapi" instead.
[sdk] 7 errors
    [error]
        path: __package__.yml -> service -> endpoints -> Get Participants Profile -> examples[0] -> response
        issue: "_" is not a valid example for this enum. Enum values are:
  - !
  - .
  - >
  - /
  - <
  - *
  - -
  - |

    [error]
        path: __package__.yml -> service -> endpoints -> Get Participants Profile -> examples[0] -> response
        issue: "_" is not a valid example for this enum. Enum values are:
  - !
  - .
  - >
  - /
  - <
  - *
  - -
  - =
  - |

    [error]
        path: __package__.yml -> service -> endpoints -> Get Participants Profile
        issue: Path parameter is unreferenced in endpoint: requestordid.

    [error]
        path: __package__.yml -> service -> endpoints -> Get Participants Profile
        issue: Path parameter is unreferenced in endpoint: counterpartydid.

    [error]
        path: __package__.yml -> service -> endpoints -> Get Participants Profile
        issue: Endpoint requires auth, but no auth is defined.

    [error]
        path: __package__.yml -> types -> DelimiterItem
        issue: Enum name  for value ! is not suitable for code generation. It must start with a letter and only contain letters, numbers, and underscores. If your API is defined using OpenAPI, you can use the x-fern-enum extension to specify a valid name: https://buildwithfern.com/learn/api-definitions/openapi/extensions/enum-descriptions-and-names

    [error]
        path: __package__.yml -> types -> SpecialCharactersItem
        issue: Enum name  for value ! is not suitable for code generation. It must start with a letter and only contain letters, numbers, and underscores. If your API is defined using OpenAPI, you can use the x-fern-enum extension to specify a valid name: https://buildwithfern.com/learn/api-definitions/openapi/extensions/enum-descriptions-and-names

Found 7 errors and 0 warnings in <n> seconds.
