Warnings for generators.yml:
	Using "api.path" is deprecated. Please use "api.specs[].openapi" or "api.specs[].asyncapi" instead.
[sdk] 27 errors
    [error]
        path: __package__.yml -> types -> MetabaseLegacyMbqlSchemaField -> extends -> MetabaseLegacyMbqlSchemaRequireBaseTypeForFieldName
        issue: Objects can only extend other objects, and MetabaseLegacyMbqlSchemaRequireBaseTypeForFieldName is not an object.

    [error]
        path: __package__.yml -> types -> MetabaseLegacyMbqlSchemaMbqlQuery -> extends -> MetabaseLegacyMbqlSchemaRemoveFieldRefsFromFieldsAlreadyInBreakout
        issue: Objects can only extend other objects, and MetabaseLegacyMbqlSchemaRemoveFieldRefsFromFieldsAlreadyInBreakout is not an object.

    [error]
        path: __package__.yml -> types -> MetabaseLegacyMbqlSchemaQuery -> extends -> MetabaseLegacyMbqlSchemaCheckQueryDoesNotHaveSourceMetadata
        issue: Objects can only extend other objects, and MetabaseLegacyMbqlSchemaCheckQueryDoesNotHaveSourceMetadata is not an object.

    [error]
        path: __package__.yml -> types -> MetabaseLegacyMbqlSchemaTemplateTagMap -> extends -> MetabaseLibSchemaTemplateTagTemplateTagMapValidateNames
        issue: Objects can only extend other objects, and MetabaseLibSchemaTemplateTagTemplateTagMapValidateNames is not an object.

    [error]
        path: __package__.yml -> types -> MetabaseLibSchemaFields -> extends -> MetabaseLibSchemaDeduplicateRefsIgnoringSourceFieldNameWhenPossible
        issue: Objects can only extend other objects, and MetabaseLibSchemaDeduplicateRefsIgnoringSourceFieldNameWhenPossible is not an object.

    [error]
        path: __package__.yml -> types -> MetabaseLibSchemaFields -> extends -> MetabaseLibSchemaUtilDistinctMbqlClauses
        issue: Objects can only extend other objects, and MetabaseLibSchemaUtilDistinctMbqlClauses is not an object.

    [error]
        path: __package__.yml -> types -> MetabaseLibSchemaJoinJoin -> extends -> MetabaseLibSchemaJoinValidateFieldAliasesMatchJoinAlias
        issue: Objects can only extend other objects, and MetabaseLibSchemaJoinValidateFieldAliasesMatchJoinAlias is not an object.

    [error]
        path: __package__.yml -> types -> MetabaseLibSchemaMetadataColumn -> extends -> MetabaseLibSchemaCommonKebabCasedMap
        issue: Objects can only extend other objects, and MetabaseLibSchemaCommonKebabCasedMap is not an object.

    [error]
        path: __package__.yml -> types -> MetabaseLibSchemaMetadataLibOrLegacyColumnZero -> extends -> MetabaseLibSchemaCommonKebabCasedMap
        issue: Objects can only extend other objects, and MetabaseLibSchemaCommonKebabCasedMap is not an object.

    [error]
        path: __package__.yml -> types -> MetabaseLibSchemaParameterParameter -> extends -> MetabaseLibSchemaCommonKebabCasedMap
        issue: Objects can only extend other objects, and MetabaseLibSchemaCommonKebabCasedMap is not an object.

    [error]
        path: __package__.yml -> types -> MetabaseLibSchemaQuery -> extends -> MetabaseLibSchemaUtilUniqueUuids
        issue: Objects can only extend other objects, and MetabaseLibSchemaUtilUniqueUuids is not an object.

    [error]
        path: __package__.yml -> types -> MetabaseLibSchemaStageMbql -> extends -> MetabaseLibSchemaStageValidRefs
        issue: Objects can only extend other objects, and MetabaseLibSchemaStageValidRefs is not an object.

    [error]
        path: __package__.yml -> types -> MetabaseLibSchemaTemplateTagRawValue -> extends -> MetabaseLibSchemaTemplateTagDisallowDimension
        issue: Objects can only extend other objects, and MetabaseLibSchemaTemplateTagDisallowDimension is not an object.

    [error]
        path: __package__.yml -> types -> MetabaseLibSchemaTemplateTagSnippet -> extends -> MetabaseLibSchemaTemplateTagDisallowDimension
        issue: Objects can only extend other objects, and MetabaseLibSchemaTemplateTagDisallowDimension is not an object.

    [error]
        path: __package__.yml -> types -> MetabaseLibSchemaTemplateTagSourceQuery -> extends -> MetabaseLibSchemaTemplateTagDisallowDimension
        issue: Objects can only extend other objects, and MetabaseLibSchemaTemplateTagDisallowDimension is not an object.

    [error]
        path: __package__.yml -> types -> MetabaseLibSchemaTemplateTagSourceTable -> extends -> MetabaseLibSchemaTemplateTagDisallowDimension
        issue: Objects can only extend other objects, and MetabaseLibSchemaTemplateTagDisallowDimension is not an object.

    [error]
        path: __package__.yml -> types -> MetabaseLibSchemaTemplateTagTemplateTagMap -> extends -> MetabaseLibSchemaTemplateTagTemplateTagMapValidateNames
        issue: Objects can only extend other objects, and MetabaseLibSchemaTemplateTagTemplateTagMapValidateNames is not an object.

    [error]
        path: __package__.yml -> types -> MetabaseLibSchemaTestSpecTestRawValueSpec -> extends -> MetabaseLibSchemaTemplateTagDisallowDimension
        issue: Objects can only extend other objects, and MetabaseLibSchemaTemplateTagDisallowDimension is not an object.

    [error]
        path: __package__.yml -> types -> MetabaseLibSchemaTestSpecTestSnippetSpec -> extends -> MetabaseLibSchemaTemplateTagDisallowDimension
        issue: Objects can only extend other objects, and MetabaseLibSchemaTemplateTagDisallowDimension is not an object.

    [error]
        path: __package__.yml -> types -> MetabaseLibSchemaTestSpecTestSourceQuerySpec -> extends -> MetabaseLibSchemaTemplateTagDisallowDimension
        issue: Objects can only extend other objects, and MetabaseLibSchemaTemplateTagDisallowDimension is not an object.

    [error]
        path: __package__.yml -> types -> MetabaseQueriesSchemaQueryOne -> extends -> MetabaseLibSchemaUtilUniqueUuids
        issue: Objects can only extend other objects, and MetabaseLibSchemaUtilUniqueUuids is not an object.

    [error]
        path: apiAction.yml -> service -> endpoints -> putApiActionId
        issue: Multiple request properties have the name id. This is not suitable for code generation. Use the "name" property (or "x-fern-parameter-name" in OpenAPI) to deconflict.
  - Path parameter "id"
  - Body property: <Request Body> -> id

    [error]
        path: apiDatabase.yml -> service -> endpoints -> postApiDatabaseIdPermissionWorkspaceCheck
        issue: Path parameter is unreferenced in endpoint: cached.

    [error]
        path: apiEeScimV2.yml -> service -> endpoints -> putApiEeScimV2GroupsId
        issue: Multiple request properties have the name id. This is not suitable for code generation. Use the "name" property (or "x-fern-parameter-name" in OpenAPI) to deconflict.
  - Path parameter "id"
  - Body property: <Request Body> -> id

    [error]
        path: apiEeScimV2.yml -> service -> endpoints -> putApiEeScimV2UsersId
        issue: Multiple request properties have the name id. This is not suitable for code generation. Use the "name" property (or "x-fern-parameter-name" in OpenAPI) to deconflict.
  - Path parameter "id"
  - Body property: <Request Body> -> id

    [error]
        path: apiTable.yml -> service -> endpoints -> getApiTableCardidFks
        issue: Path parameter is unreferenced in endpoint: id.

    [error]
        path: apiTable.yml -> service -> endpoints -> getApiTableCardidQueryMetadata
        issue: Path parameter is unreferenced in endpoint: id.

Found 27 errors and 66 warnings in <n> seconds. Run fern check --warnings to print out the warnings not shown.
