Warnings for generators.yml:
	Using "api.path" is deprecated. Please use "api.specs[].openapi" or "api.specs[].asyncapi" instead.
[sdk] 38 errors
    [error]
        path: git.yml -> types -> GitCreateTreeRequestTreeItemMode
        issue: Enum value 100644 is not suitable for code generation. Add a "name" property that starts with a letter and contains only letters, numbers, and underscores. If your API is defined using OpenAPI, you can use the x-fern-enum extension to specify a valid name: https://buildwithfern.com/learn/api-definitions/openapi/extensions/enum-descriptions-and-names

    [error]
        path: git.yml -> types -> GitCreateTreeRequestTreeItemMode
        issue: Enum value 100755 is not suitable for code generation. Add a "name" property that starts with a letter and contains only letters, numbers, and underscores. If your API is defined using OpenAPI, you can use the x-fern-enum extension to specify a valid name: https://buildwithfern.com/learn/api-definitions/openapi/extensions/enum-descriptions-and-names

    [error]
        path: git.yml -> types -> GitCreateTreeRequestTreeItemMode
        issue: Enum value 040000 is not suitable for code generation. Add a "name" property that starts with a letter and contains only letters, numbers, and underscores. If your API is defined using OpenAPI, you can use the x-fern-enum extension to specify a valid name: https://buildwithfern.com/learn/api-definitions/openapi/extensions/enum-descriptions-and-names

    [error]
        path: git.yml -> types -> GitCreateTreeRequestTreeItemMode
        issue: Enum value 160000 is not suitable for code generation. Add a "name" property that starts with a letter and contains only letters, numbers, and underscores. If your API is defined using OpenAPI, you can use the x-fern-enum extension to specify a valid name: https://buildwithfern.com/learn/api-definitions/openapi/extensions/enum-descriptions-and-names

    [error]
        path: git.yml -> types -> GitCreateTreeRequestTreeItemMode
        issue: Enum value 120000 is not suitable for code generation. Add a "name" property that starts with a letter and contains only letters, numbers, and underscores. If your API is defined using OpenAPI, you can use the x-fern-enum extension to specify a valid name: https://buildwithfern.com/learn/api-definitions/openapi/extensions/enum-descriptions-and-names

    [error]
        path: orgs.yml -> service -> endpoints -> convertMemberToOutsideCollaborator -> examples[0] -> request
        issue: Expected example to be an object. Example is: undefined

    [error]
        path: reactions.yml -> types -> ReactionsCreateForCommitCommentRequestContent
        issue: Enum name 1 for value +1 is not suitable for code generation. It must start with a letter and only contain letters, numbers, and underscores. If your API is defined using OpenAPI, you can use the x-fern-enum extension to specify a valid name: https://buildwithfern.com/learn/api-definitions/openapi/extensions/enum-descriptions-and-names

    [error]
        path: reactions.yml -> types -> ReactionsCreateForCommitCommentResponseContent
        issue: Enum name 1 for value +1 is not suitable for code generation. It must start with a letter and only contain letters, numbers, and underscores. If your API is defined using OpenAPI, you can use the x-fern-enum extension to specify a valid name: https://buildwithfern.com/learn/api-definitions/openapi/extensions/enum-descriptions-and-names

    [error]
        path: reactions.yml -> types -> ReactionsCreateForIssueCommentRequestContent
        issue: Enum name 1 for value +1 is not suitable for code generation. It must start with a letter and only contain letters, numbers, and underscores. If your API is defined using OpenAPI, you can use the x-fern-enum extension to specify a valid name: https://buildwithfern.com/learn/api-definitions/openapi/extensions/enum-descriptions-and-names

    [error]
        path: reactions.yml -> types -> ReactionsCreateForIssueCommentResponseContent
        issue: Enum name 1 for value +1 is not suitable for code generation. It must start with a letter and only contain letters, numbers, and underscores. If your API is defined using OpenAPI, you can use the x-fern-enum extension to specify a valid name: https://buildwithfern.com/learn/api-definitions/openapi/extensions/enum-descriptions-and-names

    [error]
        path: reactions.yml -> types -> ReactionsCreateForIssueRequestContent
        issue: Enum name 1 for value +1 is not suitable for code generation. It must start with a letter and only contain letters, numbers, and underscores. If your API is defined using OpenAPI, you can use the x-fern-enum extension to specify a valid name: https://buildwithfern.com/learn/api-definitions/openapi/extensions/enum-descriptions-and-names

    [error]
        path: reactions.yml -> types -> ReactionsCreateForIssueResponseContent
        issue: Enum name 1 for value +1 is not suitable for code generation. It must start with a letter and only contain letters, numbers, and underscores. If your API is defined using OpenAPI, you can use the x-fern-enum extension to specify a valid name: https://buildwithfern.com/learn/api-definitions/openapi/extensions/enum-descriptions-and-names

    [error]
        path: reactions.yml -> types -> ReactionsCreateForPullRequestReviewCommentRequestContent
        issue: Enum name 1 for value +1 is not suitable for code generation. It must start with a letter and only contain letters, numbers, and underscores. If your API is defined using OpenAPI, you can use the x-fern-enum extension to specify a valid name: https://buildwithfern.com/learn/api-definitions/openapi/extensions/enum-descriptions-and-names

    [error]
        path: reactions.yml -> types -> ReactionsCreateForPullRequestReviewCommentResponseContent
        issue: Enum name 1 for value +1 is not suitable for code generation. It must start with a letter and only contain letters, numbers, and underscores. If your API is defined using OpenAPI, you can use the x-fern-enum extension to specify a valid name: https://buildwithfern.com/learn/api-definitions/openapi/extensions/enum-descriptions-and-names

    [error]
        path: reactions.yml -> types -> ReactionsCreateForTeamDiscussionCommentInOrgRequestContent
        issue: Enum name 1 for value +1 is not suitable for code generation. It must start with a letter and only contain letters, numbers, and underscores. If your API is defined using OpenAPI, you can use the x-fern-enum extension to specify a valid name: https://buildwithfern.com/learn/api-definitions/openapi/extensions/enum-descriptions-and-names

    [error]
        path: reactions.yml -> types -> ReactionsCreateForTeamDiscussionCommentInOrgResponseContent
        issue: Enum name 1 for value +1 is not suitable for code generation. It must start with a letter and only contain letters, numbers, and underscores. If your API is defined using OpenAPI, you can use the x-fern-enum extension to specify a valid name: https://buildwithfern.com/learn/api-definitions/openapi/extensions/enum-descriptions-and-names

    [error]
        path: reactions.yml -> types -> ReactionsCreateForTeamDiscussionCommentLegacyRequestContent
        issue: Enum name 1 for value +1 is not suitable for code generation. It must start with a letter and only contain letters, numbers, and underscores. If your API is defined using OpenAPI, you can use the x-fern-enum extension to specify a valid name: https://buildwithfern.com/learn/api-definitions/openapi/extensions/enum-descriptions-and-names

    [error]
        path: reactions.yml -> types -> ReactionsCreateForTeamDiscussionCommentLegacyResponseContent
        issue: Enum name 1 for value +1 is not suitable for code generation. It must start with a letter and only contain letters, numbers, and underscores. If your API is defined using OpenAPI, you can use the x-fern-enum extension to specify a valid name: https://buildwithfern.com/learn/api-definitions/openapi/extensions/enum-descriptions-and-names

    [error]
        path: reactions.yml -> types -> ReactionsCreateForTeamDiscussionInOrgRequestContent
        issue: Enum name 1 for value +1 is not suitable for code generation. It must start with a letter and only contain letters, numbers, and underscores. If your API is defined using OpenAPI, you can use the x-fern-enum extension to specify a valid name: https://buildwithfern.com/learn/api-definitions/openapi/extensions/enum-descriptions-and-names

    [error]
        path: reactions.yml -> types -> ReactionsCreateForTeamDiscussionInOrgResponseContent
        issue: Enum name 1 for value +1 is not suitable for code generation. It must start with a letter and only contain letters, numbers, and underscores. If your API is defined using OpenAPI, you can use the x-fern-enum extension to specify a valid name: https://buildwithfern.com/learn/api-definitions/openapi/extensions/enum-descriptions-and-names

    [error]
        path: reactions.yml -> types -> ReactionsCreateForTeamDiscussionLegacyRequestContent
        issue: Enum name 1 for value +1 is not suitable for code generation. It must start with a letter and only contain letters, numbers, and underscores. If your API is defined using OpenAPI, you can use the x-fern-enum extension to specify a valid name: https://buildwithfern.com/learn/api-definitions/openapi/extensions/enum-descriptions-and-names

    [error]
        path: reactions.yml -> types -> ReactionsCreateForTeamDiscussionLegacyResponseContent
        issue: Enum name 1 for value +1 is not suitable for code generation. It must start with a letter and only contain letters, numbers, and underscores. If your API is defined using OpenAPI, you can use the x-fern-enum extension to specify a valid name: https://buildwithfern.com/learn/api-definitions/openapi/extensions/enum-descriptions-and-names

    [error]
        path: reactions.yml -> types -> ReactionsListForCommitCommentRequestContent
        issue: Enum name 1 for value +1 is not suitable for code generation. It must start with a letter and only contain letters, numbers, and underscores. If your API is defined using OpenAPI, you can use the x-fern-enum extension to specify a valid name: https://buildwithfern.com/learn/api-definitions/openapi/extensions/enum-descriptions-and-names

    [error]
        path: reactions.yml -> types -> ReactionsListForCommitCommentResponseItemContent
        issue: Enum name 1 for value +1 is not suitable for code generation. It must start with a letter and only contain letters, numbers, and underscores. If your API is defined using OpenAPI, you can use the x-fern-enum extension to specify a valid name: https://buildwithfern.com/learn/api-definitions/openapi/extensions/enum-descriptions-and-names

    [error]
        path: reactions.yml -> types -> ReactionsListForIssueCommentRequestContent
        issue: Enum name 1 for value +1 is not suitable for code generation. It must start with a letter and only contain letters, numbers, and underscores. If your API is defined using OpenAPI, you can use the x-fern-enum extension to specify a valid name: https://buildwithfern.com/learn/api-definitions/openapi/extensions/enum-descriptions-and-names

    [error]
        path: reactions.yml -> types -> ReactionsListForIssueCommentResponseItemContent
        issue: Enum name 1 for value +1 is not suitable for code generation. It must start with a letter and only contain letters, numbers, and underscores. If your API is defined using OpenAPI, you can use the x-fern-enum extension to specify a valid name: https://buildwithfern.com/learn/api-definitions/openapi/extensions/enum-descriptions-and-names

    [error]
        path: reactions.yml -> types -> ReactionsListForIssueRequestContent
        issue: Enum name 1 for value +1 is not suitable for code generation. It must start with a letter and only contain letters, numbers, and underscores. If your API is defined using OpenAPI, you can use the x-fern-enum extension to specify a valid name: https://buildwithfern.com/learn/api-definitions/openapi/extensions/enum-descriptions-and-names

    [error]
        path: reactions.yml -> types -> ReactionsListForIssueResponseItemContent
        issue: Enum name 1 for value +1 is not suitable for code generation. It must start with a letter and only contain letters, numbers, and underscores. If your API is defined using OpenAPI, you can use the x-fern-enum extension to specify a valid name: https://buildwithfern.com/learn/api-definitions/openapi/extensions/enum-descriptions-and-names

    [error]
        path: reactions.yml -> types -> ReactionsListForPullRequestReviewCommentRequestContent
        issue: Enum name 1 for value +1 is not suitable for code generation. It must start with a letter and only contain letters, numbers, and underscores. If your API is defined using OpenAPI, you can use the x-fern-enum extension to specify a valid name: https://buildwithfern.com/learn/api-definitions/openapi/extensions/enum-descriptions-and-names

    [error]
        path: reactions.yml -> types -> ReactionsListForPullRequestReviewCommentResponseItemContent
        issue: Enum name 1 for value +1 is not suitable for code generation. It must start with a letter and only contain letters, numbers, and underscores. If your API is defined using OpenAPI, you can use the x-fern-enum extension to specify a valid name: https://buildwithfern.com/learn/api-definitions/openapi/extensions/enum-descriptions-and-names

    [error]
        path: reactions.yml -> types -> ReactionsListForTeamDiscussionCommentInOrgRequestContent
        issue: Enum name 1 for value +1 is not suitable for code generation. It must start with a letter and only contain letters, numbers, and underscores. If your API is defined using OpenAPI, you can use the x-fern-enum extension to specify a valid name: https://buildwithfern.com/learn/api-definitions/openapi/extensions/enum-descriptions-and-names

    [error]
        path: reactions.yml -> types -> ReactionsListForTeamDiscussionCommentInOrgResponseItemContent
        issue: Enum name 1 for value +1 is not suitable for code generation. It must start with a letter and only contain letters, numbers, and underscores. If your API is defined using OpenAPI, you can use the x-fern-enum extension to specify a valid name: https://buildwithfern.com/learn/api-definitions/openapi/extensions/enum-descriptions-and-names

    [error]
        path: reactions.yml -> types -> ReactionsListForTeamDiscussionCommentLegacyRequestContent
        issue: Enum name 1 for value +1 is not suitable for code generation. It must start with a letter and only contain letters, numbers, and underscores. If your API is defined using OpenAPI, you can use the x-fern-enum extension to specify a valid name: https://buildwithfern.com/learn/api-definitions/openapi/extensions/enum-descriptions-and-names

    [error]
        path: reactions.yml -> types -> ReactionsListForTeamDiscussionCommentLegacyResponseItemContent
        issue: Enum name 1 for value +1 is not suitable for code generation. It must start with a letter and only contain letters, numbers, and underscores. If your API is defined using OpenAPI, you can use the x-fern-enum extension to specify a valid name: https://buildwithfern.com/learn/api-definitions/openapi/extensions/enum-descriptions-and-names

    [error]
        path: reactions.yml -> types -> ReactionsListForTeamDiscussionInOrgRequestContent
        issue: Enum name 1 for value +1 is not suitable for code generation. It must start with a letter and only contain letters, numbers, and underscores. If your API is defined using OpenAPI, you can use the x-fern-enum extension to specify a valid name: https://buildwithfern.com/learn/api-definitions/openapi/extensions/enum-descriptions-and-names

    [error]
        path: reactions.yml -> types -> ReactionsListForTeamDiscussionInOrgResponseItemContent
        issue: Enum name 1 for value +1 is not suitable for code generation. It must start with a letter and only contain letters, numbers, and underscores. If your API is defined using OpenAPI, you can use the x-fern-enum extension to specify a valid name: https://buildwithfern.com/learn/api-definitions/openapi/extensions/enum-descriptions-and-names

    [error]
        path: reactions.yml -> types -> ReactionsListForTeamDiscussionLegacyRequestContent
        issue: Enum name 1 for value +1 is not suitable for code generation. It must start with a letter and only contain letters, numbers, and underscores. If your API is defined using OpenAPI, you can use the x-fern-enum extension to specify a valid name: https://buildwithfern.com/learn/api-definitions/openapi/extensions/enum-descriptions-and-names

    [error]
        path: reactions.yml -> types -> ReactionsListForTeamDiscussionLegacyResponseItemContent
        issue: Enum name 1 for value +1 is not suitable for code generation. It must start with a letter and only contain letters, numbers, and underscores. If your API is defined using OpenAPI, you can use the x-fern-enum extension to specify a valid name: https://buildwithfern.com/learn/api-definitions/openapi/extensions/enum-descriptions-and-names

Found 38 errors and 60 warnings in <n> seconds. Run fern check --warnings to print out the warnings not shown.
