Warnings for generators.yml:
	Using "api.path" is deprecated. Please use "api.specs[].openapi" or "api.specs[].asyncapi" instead.
[sdk] 39 errors
    [error]
        path: actions.yml -> service -> endpoints -> updateEnvironmentVariable
        issue: Multiple request properties have the name name. This is not suitable for code generation. Use the "name" property (or "x-fern-parameter-name" in OpenAPI) to deconflict.
  - Path parameter "name"
  - Body property: <Request Body> -> name

    [error]
        path: actions.yml -> service -> endpoints -> updateOrgVariable
        issue: Multiple request properties have the name name. This is not suitable for code generation. Use the "name" property (or "x-fern-parameter-name" in OpenAPI) to deconflict.
  - Path parameter "name"
  - Body property: <Request Body> -> name

    [error]
        path: actions.yml -> service -> endpoints -> updateRepoVariable
        issue: Multiple request properties have the name name. This is not suitable for code generation. Use the "name" property (or "x-fern-parameter-name" in OpenAPI) to deconflict.
  - Path parameter "name"
  - Body property: <Request Body> -> name

    [error]
        path: agents.yml -> service -> endpoints -> updateOrgVariable
        issue: Multiple request properties have the name name. This is not suitable for code generation. Use the "name" property (or "x-fern-parameter-name" in OpenAPI) to deconflict.
  - Path parameter "name"
  - Body property: <Request Body> -> name

    [error]
        path: agents.yml -> service -> endpoints -> updateRepoVariable
        issue: Multiple request properties have the name name. This is not suitable for code generation. Use the "name" property (or "x-fern-parameter-name" in OpenAPI) to deconflict.
  - Path parameter "name"
  - Body property: <Request Body> -> name

    [error]
        path: codeScanning.yml -> service -> endpoints -> createVariantAnalysis
        issue: Duplicate example name: Response for a successful variant analysis submission

    [error]
        path: git.yml -> types -> GitCreateTreeRequestTreeItemMode
        issue: Enum value 100644 is not suitable for code generation. Add a "name" property that starts with a letter and contains only letters, numbers, and underscores. If your API is defined using OpenAPI, you can use the x-fern-enum extension to specify a valid name: https://buildwithfern.com/learn/api-definitions/openapi/extensions/enum-descriptions-and-names

    [error]
        path: git.yml -> types -> GitCreateTreeRequestTreeItemMode
        issue: Enum value 100755 is not suitable for code generation. Add a "name" property that starts with a letter and contains only letters, numbers, and underscores. If your API is defined using OpenAPI, you can use the x-fern-enum extension to specify a valid name: https://buildwithfern.com/learn/api-definitions/openapi/extensions/enum-descriptions-and-names

    [error]
        path: git.yml -> types -> GitCreateTreeRequestTreeItemMode
        issue: Enum value 040000 is not suitable for code generation. Add a "name" property that starts with a letter and contains only letters, numbers, and underscores. If your API is defined using OpenAPI, you can use the x-fern-enum extension to specify a valid name: https://buildwithfern.com/learn/api-definitions/openapi/extensions/enum-descriptions-and-names

    [error]
        path: git.yml -> types -> GitCreateTreeRequestTreeItemMode
        issue: Enum value 160000 is not suitable for code generation. Add a "name" property that starts with a letter and contains only letters, numbers, and underscores. If your API is defined using OpenAPI, you can use the x-fern-enum extension to specify a valid name: https://buildwithfern.com/learn/api-definitions/openapi/extensions/enum-descriptions-and-names

    [error]
        path: git.yml -> types -> GitCreateTreeRequestTreeItemMode
        issue: Enum value 120000 is not suitable for code generation. Add a "name" property that starts with a letter and contains only letters, numbers, and underscores. If your API is defined using OpenAPI, you can use the x-fern-enum extension to specify a valid name: https://buildwithfern.com/learn/api-definitions/openapi/extensions/enum-descriptions-and-names

    [error]
        path: issues.yml -> service -> endpoints -> getEvent -> examples[0] -> response
        issue: Unexpected property "node_id"

    [error]
        path: issues.yml -> service -> endpoints -> getEvent -> examples[0] -> response
        issue: Unexpected property "description"

    [error]
        path: issues.yml -> service -> endpoints -> getEvent -> examples[0] -> response
        issue: Unexpected property "created_at"

    [error]
        path: issues.yml -> service -> endpoints -> getEvent -> examples[0] -> response
        issue: Unexpected property "updated_at"

    [error]
        path: issues.yml -> service -> endpoints -> getEvent -> examples[0] -> response
        issue: Unexpected property "is_enabled"

    [error]
        path: issues.yml -> service -> endpoints -> listEventsForRepo -> examples[0] -> response
        issue: Unexpected property "node_id"

    [error]
        path: issues.yml -> service -> endpoints -> listEventsForRepo -> examples[0] -> response
        issue: Unexpected property "description"

    [error]
        path: orgs.yml -> service -> endpoints -> convertMemberToOutsideCollaborator -> examples[0] -> request
        issue: Expected example to be an object. Example is: undefined

    [error]
        path: reactions.yml -> types -> ReactionsCreateForCommitCommentRequestContent
        issue: Enum name 1 for value +1 is not suitable for code generation. It must start with a letter and only contain letters, numbers, and underscores. If your API is defined using OpenAPI, you can use the x-fern-enum extension to specify a valid name: https://buildwithfern.com/learn/api-definitions/openapi/extensions/enum-descriptions-and-names

    [error]
        path: reactions.yml -> types -> ReactionsCreateForCommitCommentResponseContent
        issue: Enum name 1 for value +1 is not suitable for code generation. It must start with a letter and only contain letters, numbers, and underscores. If your API is defined using OpenAPI, you can use the x-fern-enum extension to specify a valid name: https://buildwithfern.com/learn/api-definitions/openapi/extensions/enum-descriptions-and-names

    [error]
        path: reactions.yml -> types -> ReactionsCreateForIssueCommentRequestContent
        issue: Enum name 1 for value +1 is not suitable for code generation. It must start with a letter and only contain letters, numbers, and underscores. If your API is defined using OpenAPI, you can use the x-fern-enum extension to specify a valid name: https://buildwithfern.com/learn/api-definitions/openapi/extensions/enum-descriptions-and-names

    [error]
        path: reactions.yml -> types -> ReactionsCreateForIssueCommentResponseContent
        issue: Enum name 1 for value +1 is not suitable for code generation. It must start with a letter and only contain letters, numbers, and underscores. If your API is defined using OpenAPI, you can use the x-fern-enum extension to specify a valid name: https://buildwithfern.com/learn/api-definitions/openapi/extensions/enum-descriptions-and-names

    [error]
        path: reactions.yml -> types -> ReactionsCreateForIssueRequestContent
        issue: Enum name 1 for value +1 is not suitable for code generation. It must start with a letter and only contain letters, numbers, and underscores. If your API is defined using OpenAPI, you can use the x-fern-enum extension to specify a valid name: https://buildwithfern.com/learn/api-definitions/openapi/extensions/enum-descriptions-and-names

    [error]
        path: reactions.yml -> types -> ReactionsCreateForIssueResponseContent
        issue: Enum name 1 for value +1 is not suitable for code generation. It must start with a letter and only contain letters, numbers, and underscores. If your API is defined using OpenAPI, you can use the x-fern-enum extension to specify a valid name: https://buildwithfern.com/learn/api-definitions/openapi/extensions/enum-descriptions-and-names

    [error]
        path: reactions.yml -> types -> ReactionsCreateForPullRequestReviewCommentRequestContent
        issue: Enum name 1 for value +1 is not suitable for code generation. It must start with a letter and only contain letters, numbers, and underscores. If your API is defined using OpenAPI, you can use the x-fern-enum extension to specify a valid name: https://buildwithfern.com/learn/api-definitions/openapi/extensions/enum-descriptions-and-names

    [error]
        path: reactions.yml -> types -> ReactionsCreateForPullRequestReviewCommentResponseContent
        issue: Enum name 1 for value +1 is not suitable for code generation. It must start with a letter and only contain letters, numbers, and underscores. If your API is defined using OpenAPI, you can use the x-fern-enum extension to specify a valid name: https://buildwithfern.com/learn/api-definitions/openapi/extensions/enum-descriptions-and-names

    [error]
        path: reactions.yml -> types -> ReactionsCreateForReleaseRequestContent
        issue: Enum name 1 for value +1 is not suitable for code generation. It must start with a letter and only contain letters, numbers, and underscores. If your API is defined using OpenAPI, you can use the x-fern-enum extension to specify a valid name: https://buildwithfern.com/learn/api-definitions/openapi/extensions/enum-descriptions-and-names

    [error]
        path: reactions.yml -> types -> ReactionsCreateForReleaseResponseContent
        issue: Enum name 1 for value +1 is not suitable for code generation. It must start with a letter and only contain letters, numbers, and underscores. If your API is defined using OpenAPI, you can use the x-fern-enum extension to specify a valid name: https://buildwithfern.com/learn/api-definitions/openapi/extensions/enum-descriptions-and-names

    [error]
        path: reactions.yml -> types -> ReactionsListForCommitCommentRequestContent
        issue: Enum name 1 for value +1 is not suitable for code generation. It must start with a letter and only contain letters, numbers, and underscores. If your API is defined using OpenAPI, you can use the x-fern-enum extension to specify a valid name: https://buildwithfern.com/learn/api-definitions/openapi/extensions/enum-descriptions-and-names

    [error]
        path: reactions.yml -> types -> ReactionsListForCommitCommentResponseItemContent
        issue: Enum name 1 for value +1 is not suitable for code generation. It must start with a letter and only contain letters, numbers, and underscores. If your API is defined using OpenAPI, you can use the x-fern-enum extension to specify a valid name: https://buildwithfern.com/learn/api-definitions/openapi/extensions/enum-descriptions-and-names

    [error]
        path: reactions.yml -> types -> ReactionsListForIssueCommentRequestContent
        issue: Enum name 1 for value +1 is not suitable for code generation. It must start with a letter and only contain letters, numbers, and underscores. If your API is defined using OpenAPI, you can use the x-fern-enum extension to specify a valid name: https://buildwithfern.com/learn/api-definitions/openapi/extensions/enum-descriptions-and-names

    [error]
        path: reactions.yml -> types -> ReactionsListForIssueCommentResponseItemContent
        issue: Enum name 1 for value +1 is not suitable for code generation. It must start with a letter and only contain letters, numbers, and underscores. If your API is defined using OpenAPI, you can use the x-fern-enum extension to specify a valid name: https://buildwithfern.com/learn/api-definitions/openapi/extensions/enum-descriptions-and-names

    [error]
        path: reactions.yml -> types -> ReactionsListForIssueRequestContent
        issue: Enum name 1 for value +1 is not suitable for code generation. It must start with a letter and only contain letters, numbers, and underscores. If your API is defined using OpenAPI, you can use the x-fern-enum extension to specify a valid name: https://buildwithfern.com/learn/api-definitions/openapi/extensions/enum-descriptions-and-names

    [error]
        path: reactions.yml -> types -> ReactionsListForIssueResponseItemContent
        issue: Enum name 1 for value +1 is not suitable for code generation. It must start with a letter and only contain letters, numbers, and underscores. If your API is defined using OpenAPI, you can use the x-fern-enum extension to specify a valid name: https://buildwithfern.com/learn/api-definitions/openapi/extensions/enum-descriptions-and-names

    [error]
        path: reactions.yml -> types -> ReactionsListForPullRequestReviewCommentRequestContent
        issue: Enum name 1 for value +1 is not suitable for code generation. It must start with a letter and only contain letters, numbers, and underscores. If your API is defined using OpenAPI, you can use the x-fern-enum extension to specify a valid name: https://buildwithfern.com/learn/api-definitions/openapi/extensions/enum-descriptions-and-names

    [error]
        path: reactions.yml -> types -> ReactionsListForPullRequestReviewCommentResponseItemContent
        issue: Enum name 1 for value +1 is not suitable for code generation. It must start with a letter and only contain letters, numbers, and underscores. If your API is defined using OpenAPI, you can use the x-fern-enum extension to specify a valid name: https://buildwithfern.com/learn/api-definitions/openapi/extensions/enum-descriptions-and-names

    [error]
        path: reactions.yml -> types -> ReactionsListForReleaseRequestContent
        issue: Enum name 1 for value +1 is not suitable for code generation. It must start with a letter and only contain letters, numbers, and underscores. If your API is defined using OpenAPI, you can use the x-fern-enum extension to specify a valid name: https://buildwithfern.com/learn/api-definitions/openapi/extensions/enum-descriptions-and-names

    [error]
        path: reactions.yml -> types -> ReactionsListForReleaseResponseItemContent
        issue: Enum name 1 for value +1 is not suitable for code generation. It must start with a letter and only contain letters, numbers, and underscores. If your API is defined using OpenAPI, you can use the x-fern-enum extension to specify a valid name: https://buildwithfern.com/learn/api-definitions/openapi/extensions/enum-descriptions-and-names

Found 39 errors and 151 warnings in <n> seconds. Run fern check --warnings to print out the warnings not shown.
