Warnings for generators.yml:
	Using "api.path" is deprecated. Please use "api.specs[].openapi" or "api.specs[].asyncapi" instead.
[sdk] 6 errors
    [error]
        path: __package__.yml -> service -> endpoints -> finalizeTheAssetsAndQueueValidation
        issue: Endpoint requires auth, but no auth is defined.

    [error]
        path: __package__.yml -> service -> endpoints -> reserveOrReReadOneIdempotentSubmission
        issue: Endpoint requires auth, but no auth is defined.

    [error]
        path: __package__.yml -> service -> endpoints -> theConnectedAccountAndInstallation
        issue: Endpoint requires auth, but no auth is defined.

    [error]
        path: __package__.yml -> service -> endpoints -> theDurableReceipt
        issue: Endpoint requires auth, but no auth is defined.

    [error]
        path: __package__.yml -> service -> endpoints -> uploadTheReplayAsRawBytes
        issue: Endpoint requires auth, but no auth is defined.

    [error]
        path: __package__.yml -> service -> endpoints -> uploadTheSingleExactOsuWhenTheServerAskedForIt
        issue: Endpoint requires auth, but no auth is defined.

Found 6 errors and 0 warnings in <n> seconds.
