Warnings for generators.yml:
	Using "api.path" is deprecated. Please use "api.specs[].openapi" or "api.specs[].asyncapi" instead.
[sdk] 21 errors
    [error]
        path: __package__.yml -> service -> endpoints -> DeleteCustomersCustomerSubscriptionsSubscriptionExposedId -> examples[0] -> response
        issue: Expected example to be an object. Example is: "schedule"

    [error]
        path: __package__.yml -> service -> endpoints -> DeleteSubscriptionsSubscriptionExposedId -> examples[0] -> response
        issue: Expected example to be an object. Example is: "schedule"

    [error]
        path: __package__.yml -> service -> endpoints -> GetCustomersCustomerSubscriptions -> examples[0] -> response
        issue: Expected example to be an object. Example is: "schedule"

    [error]
        path: __package__.yml -> service -> endpoints -> GetCustomersCustomerSubscriptionsSubscriptionExposedId -> examples[0] -> response
        issue: Expected example to be an object. Example is: "schedule"

    [error]
        path: __package__.yml -> service -> endpoints -> GetFinancialConnectionsAccounts -> examples[0] -> response
        issue: Expected example to be an object. Example is: "ownership"

    [error]
        path: __package__.yml -> service -> endpoints -> GetFinancialConnectionsAccountsAccount -> examples[0] -> response
        issue: Expected example to be an object. Example is: "ownership"

    [error]
        path: __package__.yml -> service -> endpoints -> GetLinkedAccounts -> examples[0] -> response
        issue: Expected example to be an object. Example is: "ownership"

    [error]
        path: __package__.yml -> service -> endpoints -> GetLinkedAccountsAccount -> examples[0] -> response
        issue: Expected example to be an object. Example is: "ownership"

    [error]
        path: __package__.yml -> service -> endpoints -> GetSubscriptions -> examples[0] -> response
        issue: Expected example to be an object. Example is: "schedule"

    [error]
        path: __package__.yml -> service -> endpoints -> GetSubscriptionsSearch -> examples[0] -> response
        issue: Expected example to be an object. Example is: "schedule"

    [error]
        path: __package__.yml -> service -> endpoints -> GetSubscriptionsSubscriptionExposedId -> examples[0] -> response
        issue: Expected example to be an object. Example is: "schedule"

    [error]
        path: __package__.yml -> service -> endpoints -> PostCustomersCustomerSubscriptions -> examples[0] -> response
        issue: Expected example to be an object. Example is: "schedule"

    [error]
        path: __package__.yml -> service -> endpoints -> PostCustomersCustomerSubscriptionsSubscriptionExposedId -> examples[0] -> response
        issue: Expected example to be an object. Example is: "schedule"

    [error]
        path: __package__.yml -> service -> endpoints -> PostFiles
        issue: file_link_data is exploded and must be a list. Did you mean list<optional<PostFilesRequestFileLinkData>>?

    [error]
        path: __package__.yml -> service -> endpoints -> PostFinancialConnectionsAccountsAccountDisconnect -> examples[0] -> response
        issue: Expected example to be an object. Example is: "ownership"

    [error]
        path: __package__.yml -> service -> endpoints -> PostFinancialConnectionsAccountsAccountRefresh -> examples[0] -> response
        issue: Expected example to be an object. Example is: "ownership"

    [error]
        path: __package__.yml -> service -> endpoints -> PostLinkedAccountsAccountDisconnect -> examples[0] -> response
        issue: Expected example to be an object. Example is: "ownership"

    [error]
        path: __package__.yml -> service -> endpoints -> PostLinkedAccountsAccountRefresh -> examples[0] -> response
        issue: Expected example to be an object. Example is: "ownership"

    [error]
        path: __package__.yml -> service -> endpoints -> PostSubscriptions -> examples[0] -> response
        issue: Expected example to be an object. Example is: "schedule"

    [error]
        path: __package__.yml -> service -> endpoints -> PostSubscriptionsSubscriptionExposedId -> examples[0] -> response
        issue: Expected example to be an object. Example is: "schedule"

    [error]
        path: __package__.yml -> service -> endpoints -> PostSubscriptionsSubscriptionResume -> examples[0] -> response
        issue: Expected example to be an object. Example is: "schedule"

Found 21 errors and 21 warnings in <n> seconds. Run fern check --warnings to print out the warnings not shown.
