rule docs/corpus-licensing.md sha256 f01729ef062b5c065460cbb7cfc7e2b86a1b5a6e11e2b702029a1aeb0efc8373: admits Apache-2.0, MIT, BSD, CC0, GPL, AGPL, LGPL, MPL, EPL, CC-BY, CC-BY-SA, CC-BY-ND
info.license: '' -> None
GET LICENSE: HTTP 404
GET LICENSE.md: HTTP 200
licence file LICENSE.md -> CC0
--- LICENSE.md (first 30 non-blank lines) ---
Creative Commons Legal Code
CC0 1.0 Universal
    CREATIVE COMMONS CORPORATION IS NOT A LAW FIRM AND DOES NOT PROVIDE
    LEGAL SERVICES. DISTRIBUTION OF THIS DOCUMENT DOES NOT CREATE AN
    ATTORNEY-CLIENT RELATIONSHIP. CREATIVE COMMONS PROVIDES THIS
    INFORMATION ON AN "AS-IS" BASIS. CREATIVE COMMONS MAKES NO WARRANTIES
    REGARDING THE USE OF THIS DOCUMENT OR THE INFORMATION OR WORKS
    PROVIDED HEREUNDER, AND DISCLAIMS LIABILITY FOR DAMAGES RESULTING FROM
    THE USE OF THIS DOCUMENT OR THE INFORMATION OR WORKS PROVIDED
    HEREUNDER.
Statement of Purpose
The laws of most jurisdictions throughout the world automatically confer
exclusive Copyright and Related Rights (defined below) upon the creator
and subsequent owner(s) (each and all, an "owner") of an original work of
authorship and/or a database (each, a "Work").
Certain owners wish to permanently relinquish those rights to a Work for
the purpose of contributing to a commons of creative, cultural and
scientific works ("Commons") that the public can reliably and without fear
of later claims of infringement build upon, modify, incorporate in other
works, reuse and redistribute as freely as possible in any form whatsoever
and for any purposes, including without limitation commercial purposes.
These owners may contribute to the Commons to promote the ideal of a free
culture and the further production of creative, cultural and scientific
works, or to gain reputation or greater distribution for their Work in
part through the use and efforts of others.
For these and/or other purposes and motivations, and without any
expectation of additional consideration or compensation, the person
associating CC0 with a Work (the "Affirmer"), to the extent that he or she
is an owner of Copyright and Related Rights in the Work, voluntarily
elects to apply CC0 to the Work and publicly distribute the Work under its
caller judgement: a copy of AssemblyAI's own API description, whose source licence caps redistribution at a revenue ceiling this repository cannot undertake to honour (CORPUS.md's REJECTED assemblyai-autosdk row) — a redistributor's or an aggregation's licence cannot grant more than the publisher's
outcome: failed: a copy of AssemblyAI's own API description, whose source licence caps redistribution at a revenue ceiling this repository cannot undertake to honour (CORPUS.md's REJECTED assemblyai-autosdk row) — a redistributor's or an aggregation's licence cannot grant more than the publisher's
