Warnings for generators.yml:
	Using "api.path" is deprecated. Please use "api.specs[].openapi" or "api.specs[].asyncapi" instead.
[api]: Writing preview to <work>/fern/.preview
[api]: python-sdk Started.
[api]: python-sdk fernapi/fern-python-sdk Started.
[api]: python-sdk Found 0 errors and 11 warnings in 2.271 seconds. Run fern check --warnings to print out the warnings not shown.
[api]: python-sdk fernapi/fern-python-sdk Executing generator fernapi/fern-python-sdk using container image: fernapi/fern-python-sdk:5.20.0
[api]: python-sdk fernapi/fern-python-sdk Generator logs here: /tmp/tmp-4050090-peAx38N36FZC
[api]: python-sdk fernapi/fern-python-sdk Container execution failed: Container exited with code 1.
                                          Output mode: downloadFiles
                                          Failed to run command: ruff check --fix --no-cache --ignore E741 /fern/output
                                          b'fern/output/types/editoast_error.py:2737:7: F811 Redefinition of unused `EditoastError_EditoastTrainScheduleExceptionNotFound` from line 2561\n     |\n2735 |             smart_union = True\n2736 |             extra = pydantic.Extra.allow\n2737 | class EditoastError_EditoastTrainScheduleExceptionNotFound(UniversalBaseModel):\n     |       ^^^^^^^^^^^^^^^^^^^^^^^^^^^^^^^^^^^^^^^^^^^^^^^^^^^^ F811\n2738 |     """\n2739 |     Generated error type for Editoast\n     |\n     = help: Remove definition: `EditoastError_EditoastTrainScheduleExceptionNotFound`\n\nFound 917 errors (916 fixed, 1 remaining).\n'
                                          b''
                                          /usr/local/lib/python3.13/site-packages/pydantic/_internal/_config.py:386: UserWarning: Valid config keys have changed in V2:
                                          * 'allow_population_by_field_name' has been renamed to 'validate_by_name'
                                          * 'smart_union' has been removed
                                            warnings.warn(message, UserWarning)
                                          /usr/local/lib/python3.13/site-packages/pydantic/_internal/_config.py:386: UserWarning: Valid config keys have changed in V2:
                                          * 'allow_population_by_field_name' has been renamed to 'validate_by_name'
                                            warnings.warn(message, UserWarning)
                                          Traceback (most recent call last):
                                            File "/src/fern_python/cli/publisher.py", line 108, in _run_command
                                              completed_command = subprocess.run(
                                                  command,
                                              ...<4 lines>...
                                                  env=env,
                                              )
                                            File "/usr/local/lib/python3.13/subprocess.py", line 577, in run
                                              raise CalledProcessError(retcode, process.args,
                                                                       output=stdout, stderr=stderr)
                                          subprocess.CalledProcessError: Command '['ruff', 'check', '--fix', '--no-cache', '--ignore', 'E741', '/fern/output']' returned non-zero exit status 1.
                                          
                                          During handling of the above exception, another exception occurred:
                                          
                                          Traceback (most recent call last):
                                            File "<frozen runpy>", line 203, in _run_module_as_main
                                            File "<frozen runpy>", line 88, in _run_code
                                            File "/src/fern_python/generators/sdk/cli.py", line 13, in <module>
                                              typer.run(main)
                                              ~~~~~~~~~^^^^^^
                                            File "/usr/local/lib/python3.13/site-packages/typer/main.py", line 1050, in run
                                              app()
                                              ~~~^^
                                            File "/usr/local/lib/python3.13/site-packages/typer/main.py", line 328, in __call__
                                              raise e
                                            File "/usr/local/lib/python3.13/site-packages/typer/main.py", line 311, in __call__
                                              return get_command(self)(*args, **kwargs)
                                                     ~~~~~~~~~~~~~~~~~^^^^^^^^^^^^^^^^^
                                            File "/usr/local/lib/python3.13/site-packages/click/core.py", line 1524, in __call__
                                              return self.main(*args, **kwargs)
                                                     ~~~~~~~~~^^^^^^^^^^^^^^^^^
                                            File "/usr/local/lib/python3.13/site-packages/typer/core.py", line 716, in main
                                              return _main(
                                                  self,
                                              ...<5 lines>...
                                                  **extra,
                                              )
                                            File "/usr/local/lib/python3.13/site-packages/typer/core.py", line 216, in _main
                                              rv = self.invoke(ctx)
                                            File "/usr/local/lib/python3.13/site-packages/click/core.py", line 1308, in invoke
                                              return ctx.invoke(self.callback, **ctx.params)
                                                     ~~~~~~~~~~^^^^^^^^^^^^^^^^^^^^^^^^^^^^^
                                            File "/usr/local/lib/python3.13/site-packages/click/core.py", line 877, in invoke
                                              return callback(*args, **kwargs)
                                            File "/usr/local/lib/python3.13/site-packages/typer/main.py", line 683, in wrapper
                                              return callback(**use_params)  # type: ignore
                                            File "/src/fern_python/generators/sdk/cli.py", line 9, in main
                                              cli.run()
                                              ~~~~~~~^^
                                            File "/src/fern_python/cli/generator_cli.py", line 60, in run
                                              raise e
                                            File "/src/fern_python/cli/generator_cli.py", line 44, in run
                                              self.abstract_generator.generate_project(
                                              ~~~~~~~~~~~~~~~~~~~~~~~~~~~~~~~~~~~~~~~~^
                                                  generator_exec_wrapper=generator_exec_wrapper,
                                                  ^^^^^^^^^^^^^^^^^^^^^^^^^^^^^^^^^^^^^^^^^^^^^^
                                                  ir=ir,
                                                  ^^^^^^
                                                  generator_config=config,
                                                  ^^^^^^^^^^^^^^^^^^^^^^^^
                                              )
                                              ^
                                            File "/src/fern_python/cli/abstract_generator.py", line 225, in generate_project
                                              publisher.run_ruff_check_fix("/fern/output", cwd="/")
                                              ~~~~~~~~~~~~~~~~~~~~~~~~~~~~^^^^^^^^^^^^^^^^^^^^^^^^^
                                            File "/src/fern_python/cli/publisher.py", line 31, in run_ruff_check_fix
                                              self._run_command(
                                              ~~~~~~~~~~~~~~~~~^
                                                  command=command,
                                                  ^^^^^^^^^^^^^^^^
                                                  safe_command=" ".join(command),
                                                  ^^^^^^^^^^^^^^^^^^^^^^^^^^^^^^^
                                                  cwd=cwd,
                                                  ^^^^^^^^
                                              )
                                              ^
                                            File "/src/fern_python/cli/publisher.py", line 131, in _run_command
                                              raise Exception("Failed to run command", safe_command)
                                          Exception: ('Failed to run command', 'ruff check --fix --no-cache --ignore E741 /fern/output')
[api]: python-sdk fernapi/fern-python-sdk Failed.
[api]: python-sdk Failed.
