exit=1
Traceback (most recent call last):
  File "<string>", line 1, in <module>
    import probe, pkgutil, importlib; [importlib.import_module(m.name) for m in pkgutil.walk_packages(probe.__path__, probe.__name__ + ".")]; print("all SDK modules import: PASS")
                                       ~~~~~~~~~~~~~~~~~~~~~~~^^^^^^^^
  File "/home/whoop/.local/share/uv/python/cpython-3.14.7-linux-x86_64-gnu/lib/python3.14/importlib/__init__.py", line 88, in import_module
    return _bootstrap._gcd_import(name[level:], package, level)
           ~~~~~~~~~~~~~~~~~~~~~~^^^^^^^^^^^^^^^^^^^^^^^^^^^^^^
  File "<frozen importlib._bootstrap>", line 1406, in _gcd_import
  File "<frozen importlib._bootstrap>", line 1371, in _find_and_load
  File "<frozen importlib._bootstrap>", line 1342, in _find_and_load_unlocked
  File "<frozen importlib._bootstrap>", line 938, in _load_unlocked
  File "<frozen importlib._bootstrap_external>", line 759, in exec_module
  File "<frozen importlib._bootstrap>", line 491, in _call_with_frames_removed
  File "/home/whoop/ai-orchestrator/runs/Close-crozier-s-remaining-Fern-parity-gaps-and-decide-where-crozier-may-out-generate-Fern/scratch/37723-27/sdk-905d87c6b9f10eecc25fabcbd3dae791b0c8e717ff3ed75f5fa3ef4cdc8b81e4/src/probe/authorisation_service/client.py", line 9, in <module>
    from ..types.presentation_definition_response import PresentationDefinitionResponse
  File "/home/whoop/ai-orchestrator/runs/Close-crozier-s-remaining-Fern-parity-gaps-and-decide-where-crozier-may-out-generate-Fern/scratch/37723-27/sdk-905d87c6b9f10eecc25fabcbd3dae791b0c8e717ff3ed75f5fa3ef4cdc8b81e4/src/probe/types/presentation_definition_response.py", line 10, in <module>
    from .input_descriptor_v2 import InputDescriptorV2
  File "/home/whoop/ai-orchestrator/runs/Close-crozier-s-remaining-Fern-parity-gaps-and-decide-where-crozier-may-out-generate-Fern/scratch/37723-27/sdk-905d87c6b9f10eecc25fabcbd3dae791b0c8e717ff3ed75f5fa3ef4cdc8b81e4/src/probe/types/input_descriptor_v2.py", line 9, in <module>
    from .constraints_v2 import ConstraintsV2
  File "/home/whoop/ai-orchestrator/runs/Close-crozier-s-remaining-Fern-parity-gaps-and-decide-where-crozier-may-out-generate-Fern/scratch/37723-27/sdk-905d87c6b9f10eecc25fabcbd3dae791b0c8e717ff3ed75f5fa3ef4cdc8b81e4/src/probe/types/constraints_v2.py", line 9, in <module>
    from .field_v2 import FieldV2
  File "/home/whoop/ai-orchestrator/runs/Close-crozier-s-remaining-Fern-parity-gaps-and-decide-where-crozier-may-out-generate-Fern/scratch/37723-27/sdk-905d87c6b9f10eecc25fabcbd3dae791b0c8e717ff3ed75f5fa3ef4cdc8b81e4/src/probe/types/field_v2.py", line 49, in <module>
    from .filter_v2 import FilterV2
  File "/home/whoop/ai-orchestrator/runs/Close-crozier-s-remaining-Fern-parity-gaps-and-decide-where-crozier-may-out-generate-Fern/scratch/37723-27/sdk-905d87c6b9f10eecc25fabcbd3dae791b0c8e717ff3ed75f5fa3ef4cdc8b81e4/src/probe/types/filter_v2.py", line 11, in <module>
    class FilterV2(FilterV2Base):
                   ^^^^^^^^^^^^
NameError: name 'FilterV2Base' is not defined
