exit=1
src/probe/working_groups/raw_client.py:66: error: Argument "type_" to "parse_obj_as" has incompatible type "<typing special form>"; expected "type[Never]"  [arg-type]
src/probe/working_groups/raw_client.py:77: error: Argument "type_" to "parse_obj_as" has incompatible type "<typing special form>"; expected "type[Never]"  [arg-type]
src/probe/working_groups/raw_client.py:128: error: Argument "type_" to "parse_obj_as" has incompatible type "<typing special form>"; expected "type[Never]"  [arg-type]
src/probe/working_groups/raw_client.py:182: error: Argument "type_" to "parse_obj_as" has incompatible type "<typing special form>"; expected "type[Never]"  [arg-type]
src/probe/working_groups/raw_client.py:241: error: Argument "type_" to "parse_obj_as" has incompatible type "<typing special form>"; expected "type[Never]"  [arg-type]
src/probe/working_groups/raw_client.py:252: error: Argument "type_" to "parse_obj_as" has incompatible type "<typing special form>"; expected "type[Never]"  [arg-type]
src/probe/working_groups/raw_client.py:303: error: Argument "type_" to "parse_obj_as" has incompatible type "<typing special form>"; expected "type[Never]"  [arg-type]
src/probe/working_groups/raw_client.py:357: error: Argument "type_" to "parse_obj_as" has incompatible type "<typing special form>"; expected "type[Never]"  [arg-type]
src/probe/user_info/raw_client.py:63: error: Argument "type_" to "parse_obj_as" has incompatible type "<typing special form>"; expected "type[Never]"  [arg-type]
src/probe/user_info/raw_client.py:74: error: Argument "type_" to "parse_obj_as" has incompatible type "<typing special form>"; expected "type[Never]"  [arg-type]
src/probe/user_info/raw_client.py:135: error: Argument "type_" to "parse_obj_as" has incompatible type "<typing special form>"; expected "type[Never]"  [arg-type]
src/probe/user_info/raw_client.py:146: error: Argument "type_" to "parse_obj_as" has incompatible type "<typing special form>"; expected "type[Never]"  [arg-type]
src/probe/projects/raw_client.py:63: error: Argument "type_" to "parse_obj_as" has incompatible type "<typing special form>"; expected "type[Never]"  [arg-type]
src/probe/projects/raw_client.py:74: error: Argument "type_" to "parse_obj_as" has incompatible type "<typing special form>"; expected "type[Never]"  [arg-type]
src/probe/projects/raw_client.py:133: error: Argument "type_" to "parse_obj_as" has incompatible type "<typing special form>"; expected "type[Never]"  [arg-type]
src/probe/projects/raw_client.py:144: error: Argument "type_" to "parse_obj_as" has incompatible type "<typing special form>"; expected "type[Never]"  [arg-type]
src/probe/organization_products/raw_client.py:66: error: Argument "type_" to "parse_obj_as" has incompatible type "<typing special form>"; expected "type[Never]"  [arg-type]
src/probe/organization_products/raw_client.py:77: error: Argument "type_" to "parse_obj_as" has incompatible type "<typing special form>"; expected "type[Never]"  [arg-type]
src/probe/organization_products/raw_client.py:88: error: Argument "type_" to "parse_obj_as" has incompatible type "<typing special form>"; expected "type[Never]"  [arg-type]
src/probe/organization_products/raw_client.py:99: error: Argument "type_" to "parse_obj_as" has incompatible type "<typing special form>"; expected "type[Never]"  [arg-type]
src/probe/organization_products/raw_client.py:145: error: Argument "type_" to "parse_obj_as" has incompatible type "<typing special form>"; expected "type[Never]"  [arg-type]
src/probe/organization_products/raw_client.py:156: error: Argument "type_" to "parse_obj_as" has incompatible type "<typing special form>"; expected "type[Never]"  [arg-type]
src/probe/organization_products/raw_client.py:167: error: Argument "type_" to "parse_obj_as" has incompatible type "<typing special form>"; expected "type[Never]"  [arg-type]
src/probe/organization_products/raw_client.py:224: error: Argument "type_" to "parse_obj_as" has incompatible type "<typing special form>"; expected "type[Never]"  [arg-type]
src/probe/organization_products/raw_client.py:235: error: Argument "type_" to "parse_obj_as" has incompatible type "<typing special form>"; expected "type[Never]"  [arg-type]
src/probe/organization_products/raw_client.py:246: error: Argument "type_" to "parse_obj_as" has incompatible type "<typing special form>"; expected "type[Never]"  [arg-type]
src/probe/organization_products/raw_client.py:257: error: Argument "type_" to "parse_obj_as" has incompatible type "<typing special form>"; expected "type[Never]"  [arg-type]
src/probe/organization_products/raw_client.py:314: error: Argument "type_" to "parse_obj_as" has incompatible type "<typing special form>"; expected "type[Never]"  [arg-type]
src/probe/organization_products/raw_client.py:325: error: Argument "type_" to "parse_obj_as" has incompatible type "<typing special form>"; expected "type[Never]"  [arg-type]
src/probe/organization_products/raw_client.py:336: error: Argument "type_" to "parse_obj_as" has incompatible type "<typing special form>"; expected "type[Never]"  [arg-type]
src/probe/organization_products/raw_client.py:385: error: Argument "type_" to "parse_obj_as" has incompatible type "<typing special form>"; expected "type[Never]"  [arg-type]
src/probe/organization_products/raw_client.py:396: error: Argument "type_" to "parse_obj_as" has incompatible type "<typing special form>"; expected "type[Never]"  [arg-type]
src/probe/organization_products/raw_client.py:407: error: Argument "type_" to "parse_obj_as" has incompatible type "<typing special form>"; expected "type[Never]"  [arg-type]
src/probe/organization_products/raw_client.py:466: error: Argument "type_" to "parse_obj_as" has incompatible type "<typing special form>"; expected "type[Never]"  [arg-type]
src/probe/organization_products/raw_client.py:477: error: Argument "type_" to "parse_obj_as" has incompatible type "<typing special form>"; expected "type[Never]"  [arg-type]
src/probe/organization_products/raw_client.py:488: error: Argument "type_" to "parse_obj_as" has incompatible type "<typing special form>"; expected "type[Never]"  [arg-type]
src/probe/organization_products/raw_client.py:499: error: Argument "type_" to "parse_obj_as" has incompatible type "<typing special form>"; expected "type[Never]"  [arg-type]
src/probe/organization_products/raw_client.py:545: error: Argument "type_" to "parse_obj_as" has incompatible type "<typing special form>"; expected "type[Never]"  [arg-type]
src/probe/organization_products/raw_client.py:556: error: Argument "type_" to "parse_obj_as" has incompatible type "<typing special form>"; expected "type[Never]"  [arg-type]
src/probe/organization_products/raw_client.py:567: error: Argument "type_" to "parse_obj_as" has incompatible type "<typing special form>"; expected "type[Never]"  [arg-type]
src/probe/organization_products/raw_client.py:624: error: Argument "type_" to "parse_obj_as" has incompatible type "<typing special form>"; expected "type[Never]"  [arg-type]
src/probe/organization_products/raw_client.py:635: error: Argument "type_" to "parse_obj_as" has incompatible type "<typing special form>"; expected "type[Never]"  [arg-type]
src/probe/organization_products/raw_client.py:646: error: Argument "type_" to "parse_obj_as" has incompatible type "<typing special form>"; expected "type[Never]"  [arg-type]
src/probe/organization_products/raw_client.py:657: error: Argument "type_" to "parse_obj_as" has incompatible type "<typing special form>"; expected "type[Never]"  [arg-type]
src/probe/organization_products/raw_client.py:714: error: Argument "type_" to "parse_obj_as" has incompatible type "<typing special form>"; expected "type[Never]"  [arg-type]
src/probe/organization_products/raw_client.py:725: error: Argument "type_" to "parse_obj_as" has incompatible type "<typing special form>"; expected "type[Never]"  [arg-type]
src/probe/organization_products/raw_client.py:736: error: Argument "type_" to "parse_obj_as" has incompatible type "<typing special form>"; expected "type[Never]"  [arg-type]
src/probe/organization_products/raw_client.py:785: error: Argument "type_" to "parse_obj_as" has incompatible type "<typing special form>"; expected "type[Never]"  [arg-type]
src/probe/organization_products/raw_client.py:796: error: Argument "type_" to "parse_obj_as" has incompatible type "<typing special form>"; expected "type[Never]"  [arg-type]
src/probe/organization_products/raw_client.py:807: error: Argument "type_" to "parse_obj_as" has incompatible type "<typing special form>"; expected "type[Never]"  [arg-type]
src/probe/organization_contacts/raw_client.py:73: error: Argument "type_" to "parse_obj_as" has incompatible type "<typing special form>"; expected "type[Never]"  [arg-type]
src/probe/organization_contacts/raw_client.py:84: error: Argument "type_" to "parse_obj_as" has incompatible type "<typing special form>"; expected "type[Never]"  [arg-type]
src/probe/organization_contacts/raw_client.py:95: error: Argument "type_" to "parse_obj_as" has incompatible type "<typing special form>"; expected "type[Never]"  [arg-type]
src/probe/organization_contacts/raw_client.py:106: error: Argument "type_" to "parse_obj_as" has incompatible type "<typing special form>"; expected "type[Never]"  [arg-type]
src/probe/organization_contacts/raw_client.py:163: error: Argument "type_" to "parse_obj_as" has incompatible type "<typing special form>"; expected "type[Never]"  [arg-type]
src/probe/organization_contacts/raw_client.py:174: error: Argument "type_" to "parse_obj_as" has incompatible type "<typing special form>"; expected "type[Never]"  [arg-type]
src/probe/organization_contacts/raw_client.py:185: error: Argument "type_" to "parse_obj_as" has incompatible type "<typing special form>"; expected "type[Never]"  [arg-type]
src/probe/organization_contacts/raw_client.py:196: error: Argument "type_" to "parse_obj_as" has incompatible type "<typing special form>"; expected "type[Never]"  [arg-type]
src/probe/organization_contacts/raw_client.py:270: error: Argument "type_" to "parse_obj_as" has incompatible type "<typing special form>"; expected "type[Never]"  [arg-type]
src/probe/organization_contacts/raw_client.py:281: error: Argument "type_" to "parse_obj_as" has incompatible type "<typing special form>"; expected "type[Never]"  [arg-type]
src/probe/organization_contacts/raw_client.py:292: error: Argument "type_" to "parse_obj_as" has incompatible type "<typing special form>"; expected "type[Never]"  [arg-type]
src/probe/organization_contacts/raw_client.py:303: error: Argument "type_" to "parse_obj_as" has incompatible type "<typing special form>"; expected "type[Never]"  [arg-type]
src/probe/organization_contacts/raw_client.py:368: error: Argument "type_" to "parse_obj_as" has incompatible type "<typing special form>"; expected "type[Never]"  [arg-type]
src/probe/organization_contacts/raw_client.py:379: error: Argument "type_" to "parse_obj_as" has incompatible type "<typing special form>"; expected "type[Never]"  [arg-type]
src/probe/organization_contacts/raw_client.py:390: error: Argument "type_" to "parse_obj_as" has incompatible type "<typing special form>"; expected "type[Never]"  [arg-type]
src/probe/organization_contacts/raw_client.py:401: error: Argument "type_" to "parse_obj_as" has incompatible type "<typing special form>"; expected "type[Never]"  [arg-type]
src/probe/organization_contacts/raw_client.py:477: error: Argument "type_" to "parse_obj_as" has incompatible type "<typing special form>"; expected "type[Never]"  [arg-type]
src/probe/organization_contacts/raw_client.py:488: error: Argument "type_" to "parse_obj_as" has incompatible type "<typing special form>"; expected "type[Never]"  [arg-type]
src/probe/organization_contacts/raw_client.py:499: error: Argument "type_" to "parse_obj_as" has incompatible type "<typing special form>"; expected "type[Never]"  [arg-type]
src/probe/organization_contacts/raw_client.py:567: error: Argument "type_" to "parse_obj_as" has incompatible type "<typing special form>"; expected "type[Never]"  [arg-type]
src/probe/organization_contacts/raw_client.py:578: error: Argument "type_" to "parse_obj_as" has incompatible type "<typing special form>"; expected "type[Never]"  [arg-type]
src/probe/organization_contacts/raw_client.py:589: error: Argument "type_" to "parse_obj_as" has incompatible type "<typing special form>"; expected "type[Never]"  [arg-type]
src/probe/organization_contacts/raw_client.py:643: error: Argument "type_" to "parse_obj_as" has incompatible type "<typing special form>"; expected "type[Never]"  [arg-type]
src/probe/organization_contacts/raw_client.py:654: error: Argument "type_" to "parse_obj_as" has incompatible type "<typing special form>"; expected "type[Never]"  [arg-type]
src/probe/organization_contacts/raw_client.py:713: error: Argument "type_" to "parse_obj_as" has incompatible type "<typing special form>"; expected "type[Never]"  [arg-type]
src/probe/organization_contacts/raw_client.py:724: error: Argument "type_" to "parse_obj_as" has incompatible type "<typing special form>"; expected "type[Never]"  [arg-type]
src/probe/organization_contacts/raw_client.py:735: error: Argument "type_" to "parse_obj_as" has incompatible type "<typing special form>"; expected "type[Never]"  [arg-type]
src/probe/organization_contacts/raw_client.py:746: error: Argument "type_" to "parse_obj_as" has incompatible type "<typing special form>"; expected "type[Never]"  [arg-type]
src/probe/organization_contacts/raw_client.py:803: error: Argument "type_" to "parse_obj_as" has incompatible type "<typing special form>"; expected "type[Never]"  [arg-type]
src/probe/organization_contacts/raw_client.py:814: error: Argument "type_" to "parse_obj_as" has incompatible type "<typing special form>"; expected "type[Never]"  [arg-type]
src/probe/organization_contacts/raw_client.py:825: error: Argument "type_" to "parse_obj_as" has incompatible type "<typing special form>"; expected "type[Never]"  [arg-type]
src/probe/organization_contacts/raw_client.py:836: error: Argument "type_" to "parse_obj_as" has incompatible type "<typing special form>"; expected "type[Never]"  [arg-type]
src/probe/organization_contacts/raw_client.py:910: error: Argument "type_" to "parse_obj_as" has incompatible type "<typing special form>"; expected "type[Never]"  [arg-type]
src/probe/organization_contacts/raw_client.py:921: error: Argument "type_" to "parse_obj_as" has incompatible type "<typing special form>"; expected "type[Never]"  [arg-type]
src/probe/organization_contacts/raw_client.py:932: error: Argument "type_" to "parse_obj_as" has incompatible type "<typing special form>"; expected "type[Never]"  [arg-type]
src/probe/organization_contacts/raw_client.py:943: error: Argument "type_" to "parse_obj_as" has incompatible type "<typing special form>"; expected "type[Never]"  [arg-type]
src/probe/organization_contacts/raw_client.py:1008: error: Argument "type_" to "parse_obj_as" has incompatible type "<typing special form>"; expected "type[Never]"  [arg-type]
src/probe/organization_contacts/raw_client.py:1019: error: Argument "type_" to "parse_obj_as" has incompatible type "<typing special form>"; expected "type[Never]"  [arg-type]
src/probe/organization_contacts/raw_client.py:1030: error: Argument "type_" to "parse_obj_as" has incompatible type "<typing special form>"; expected "type[Never]"  [arg-type]
src/probe/organization_contacts/raw_client.py:1041: error: Argument "type_" to "parse_obj_as" has incompatible type "<typing special form>"; expected "type[Never]"  [arg-type]
src/probe/organization_contacts/raw_client.py:1117: error: Argument "type_" to "parse_obj_as" has incompatible type "<typing special form>"; expected "type[Never]"  [arg-type]
src/probe/organization_contacts/raw_client.py:1128: error: Argument "type_" to "parse_obj_as" has incompatible type "<typing special form>"; expected "type[Never]"  [arg-type]
src/probe/organization_contacts/raw_client.py:1139: error: Argument "type_" to "parse_obj_as" has incompatible type "<typing special form>"; expected "type[Never]"  [arg-type]
src/probe/organization_contacts/raw_client.py:1207: error: Argument "type_" to "parse_obj_as" has incompatible type "<typing special form>"; expected "type[Never]"  [arg-type]
src/probe/organization_contacts/raw_client.py:1218: error: Argument "type_" to "parse_obj_as" has incompatible type "<typing special form>"; expected "type[Never]"  [arg-type]
src/probe/organization_contacts/raw_client.py:1229: error: Argument "type_" to "parse_obj_as" has incompatible type "<typing special form>"; expected "type[Never]"  [arg-type]
src/probe/organization_contacts/raw_client.py:1283: error: Argument "type_" to "parse_obj_as" has incompatible type "<typing special form>"; expected "type[Never]"  [arg-type]
src/probe/organization_contacts/raw_client.py:1294: error: Argument "type_" to "parse_obj_as" has incompatible type "<typing special form>"; expected "type[Never]"  [arg-type]
src/probe/organization_activity/raw_client.py:80: error: Argument "type_" to "parse_obj_as" has incompatible type "<typing special form>"; expected "type[Never]"  [arg-type]
src/probe/organization_activity/raw_client.py:149: error: Argument "type_" to "parse_obj_as" has incompatible type "<typing special form>"; expected "type[Never]"  [arg-type]
src/probe/organization_activity/raw_client.py:218: error: Argument "type_" to "parse_obj_as" has incompatible type "<typing special form>"; expected "type[Never]"  [arg-type]
src/probe/organization_activity/raw_client.py:229: error: Argument "type_" to "parse_obj_as" has incompatible type "<typing special form>"; expected "type[Never]"  [arg-type]
src/probe/organization_activity/raw_client.py:298: error: Argument "type_" to "parse_obj_as" has incompatible type "<typing special form>"; expected "type[Never]"  [arg-type]
src/probe/organization_activity/raw_client.py:352: error: Argument "type_" to "parse_obj_as" has incompatible type "<typing special form>"; expected "type[Never]"  [arg-type]
src/probe/organization_activity/raw_client.py:426: error: Argument "type_" to "parse_obj_as" has incompatible type "<typing special form>"; expected "type[Never]"  [arg-type]
src/probe/organization_activity/raw_client.py:495: error: Argument "type_" to "parse_obj_as" has incompatible type "<typing special form>"; expected "type[Never]"  [arg-type]
src/probe/organization_activity/raw_client.py:564: error: Argument "type_" to "parse_obj_as" has incompatible type "<typing special form>"; expected "type[Never]"  [arg-type]
src/probe/organization_activity/raw_client.py:575: error: Argument "type_" to "parse_obj_as" has incompatible type "<typing special form>"; expected "type[Never]"  [arg-type]
src/probe/organization_activity/raw_client.py:644: error: Argument "type_" to "parse_obj_as" has incompatible type "<typing special form>"; expected "type[Never]"  [arg-type]
src/probe/organization_activity/raw_client.py:698: error: Argument "type_" to "parse_obj_as" has incompatible type "<typing special form>"; expected "type[Never]"  [arg-type]
src/probe/industry_collaboration_organizations/raw_client.py:63: error: Argument "type_" to "parse_obj_as" has incompatible type "<typing special form>"; expected "type[Never]"  [arg-type]
src/probe/industry_collaboration_organizations/raw_client.py:74: error: Argument "type_" to "parse_obj_as" has incompatible type "<typing special form>"; expected "type[Never]"  [arg-type]
src/probe/industry_collaboration_organizations/raw_client.py:128: error: Argument "type_" to "parse_obj_as" has incompatible type "<typing special form>"; expected "type[Never]"  [arg-type]
src/probe/industry_collaboration_organizations/raw_client.py:139: error: Argument "type_" to "parse_obj_as" has incompatible type "<typing special form>"; expected "type[Never]"  [arg-type]
src/probe/industry_collaboration_organizations/raw_client.py:198: error: Argument "type_" to "parse_obj_as" has incompatible type "<typing special form>"; expected "type[Never]"  [arg-type]
src/probe/industry_collaboration_organizations/raw_client.py:209: error: Argument "type_" to "parse_obj_as" has incompatible type "<typing special form>"; expected "type[Never]"  [arg-type]
src/probe/industry_collaboration_organizations/raw_client.py:263: error: Argument "type_" to "parse_obj_as" has incompatible type "<typing special form>"; expected "type[Never]"  [arg-type]
src/probe/industry_collaboration_organizations/raw_client.py:274: error: Argument "type_" to "parse_obj_as" has incompatible type "<typing special form>"; expected "type[Never]"  [arg-type]
src/probe/organizations/raw_client.py:76: error: Argument "type_" to "parse_obj_as" has incompatible type "<typing special form>"; expected "type[Never]"  [arg-type]
src/probe/organizations/raw_client.py:127: error: Argument "type_" to "parse_obj_as" has incompatible type "<typing special form>"; expected "type[Never]"  [arg-type]
src/probe/organizations/raw_client.py:181: error: Argument "type_" to "parse_obj_as" has incompatible type "<typing special form>"; expected "type[Never]"  [arg-type]
src/probe/organizations/raw_client.py:254: error: Argument "type_" to "parse_obj_as" has incompatible type "<typing special form>"; expected "type[Never]"  [arg-type]
src/probe/organizations/raw_client.py:265: error: Argument "type_" to "parse_obj_as" has incompatible type "<typing special form>"; expected "type[Never]"  [arg-type]
src/probe/organizations/raw_client.py:276: error: Argument "type_" to "parse_obj_as" has incompatible type "<typing special form>"; expected "type[Never]"  [arg-type]
src/probe/organizations/raw_client.py:287: error: Argument "type_" to "parse_obj_as" has incompatible type "<typing special form>"; expected "type[Never]"  [arg-type]
src/probe/organizations/raw_client.py:341: error: Argument "type_" to "parse_obj_as" has incompatible type "<typing special form>"; expected "type[Never]"  [arg-type]
src/probe/organizations/raw_client.py:418: error: Argument "type_" to "parse_obj_as" has incompatible type "<typing special form>"; expected "type[Never]"  [arg-type]
src/probe/organizations/raw_client.py:429: error: Argument "type_" to "parse_obj_as" has incompatible type "<typing special form>"; expected "type[Never]"  [arg-type]
src/probe/organizations/raw_client.py:440: error: Argument "type_" to "parse_obj_as" has incompatible type "<typing special form>"; expected "type[Never]"  [arg-type]
src/probe/organizations/raw_client.py:516: error: Argument "type_" to "parse_obj_as" has incompatible type "<typing special form>"; expected "type[Never]"  [arg-type]
src/probe/organizations/raw_client.py:527: error: Argument "type_" to "parse_obj_as" has incompatible type "<typing special form>"; expected "type[Never]"  [arg-type]
src/probe/organizations/raw_client.py:538: error: Argument "type_" to "parse_obj_as" has incompatible type "<typing special form>"; expected "type[Never]"  [arg-type]
src/probe/organizations/raw_client.py:592: error: Argument "type_" to "parse_obj_as" has incompatible type "<typing special form>"; expected "type[Never]"  [arg-type]
src/probe/organizations/raw_client.py:646: error: Argument "type_" to "parse_obj_as" has incompatible type "<typing special form>"; expected "type[Never]"  [arg-type]
src/probe/organizations/raw_client.py:700: error: Argument "type_" to "parse_obj_as" has incompatible type "<typing special form>"; expected "type[Never]"  [arg-type]
src/probe/organizations/raw_client.py:746: error: Argument "type_" to "parse_obj_as" has incompatible type "<typing special form>"; expected "type[Never]"  [arg-type]
src/probe/organizations/raw_client.py:757: error: Argument "type_" to "parse_obj_as" has incompatible type "<typing special form>"; expected "type[Never]"  [arg-type]
src/probe/organizations/raw_client.py:811: error: Argument "type_" to "parse_obj_as" has incompatible type "<typing special form>"; expected "type[Never]"  [arg-type]
src/probe/organizations/raw_client.py:822: error: Argument "type_" to "parse_obj_as" has incompatible type "<typing special form>"; expected "type[Never]"  [arg-type]
src/probe/organizations/raw_client.py:878: error: Argument "type_" to "parse_obj_as" has incompatible type "<typing special form>"; expected "type[Never]"  [arg-type]
src/probe/organizations/raw_client.py:929: error: Argument "type_" to "parse_obj_as" has incompatible type "<typing special form>"; expected "type[Never]"  [arg-type]
src/probe/organizations/raw_client.py:983: error: Argument "type_" to "parse_obj_as" has incompatible type "<typing special form>"; expected "type[Never]"  [arg-type]
src/probe/organizations/raw_client.py:1056: error: Argument "type_" to "parse_obj_as" has incompatible type "<typing special form>"; expected "type[Never]"  [arg-type]
src/probe/organizations/raw_client.py:1067: error: Argument "type_" to "parse_obj_as" has incompatible type "<typing special form>"; expected "type[Never]"  [arg-type]
src/probe/organizations/raw_client.py:1078: error: Argument "type_" to "parse_obj_as" has incompatible type "<typing special form>"; expected "type[Never]"  [arg-type]
src/probe/organizations/raw_client.py:1089: error: Argument "type_" to "parse_obj_as" has incompatible type "<typing special form>"; expected "type[Never]"  [arg-type]
src/probe/organizations/raw_client.py:1143: error: Argument "type_" to "parse_obj_as" has incompatible type "<typing special form>"; expected "type[Never]"  [arg-type]
src/probe/organizations/raw_client.py:1220: error: Argument "type_" to "parse_obj_as" has incompatible type "<typing special form>"; expected "type[Never]"  [arg-type]
src/probe/organizations/raw_client.py:1231: error: Argument "type_" to "parse_obj_as" has incompatible type "<typing special form>"; expected "type[Never]"  [arg-type]
src/probe/organizations/raw_client.py:1242: error: Argument "type_" to "parse_obj_as" has incompatible type "<typing special form>"; expected "type[Never]"  [arg-type]
src/probe/organizations/raw_client.py:1318: error: Argument "type_" to "parse_obj_as" has incompatible type "<typing special form>"; expected "type[Never]"  [arg-type]
src/probe/organizations/raw_client.py:1329: error: Argument "type_" to "parse_obj_as" has incompatible type "<typing special form>"; expected "type[Never]"  [arg-type]
src/probe/organizations/raw_client.py:1340: error: Argument "type_" to "parse_obj_as" has incompatible type "<typing special form>"; expected "type[Never]"  [arg-type]
src/probe/organizations/raw_client.py:1394: error: Argument "type_" to "parse_obj_as" has incompatible type "<typing special form>"; expected "type[Never]"  [arg-type]
src/probe/organizations/raw_client.py:1448: error: Argument "type_" to "parse_obj_as" has incompatible type "<typing special form>"; expected "type[Never]"  [arg-type]
src/probe/organizations/raw_client.py:1502: error: Argument "type_" to "parse_obj_as" has incompatible type "<typing special form>"; expected "type[Never]"  [arg-type]
src/probe/organizations/raw_client.py:1548: error: Argument "type_" to "parse_obj_as" has incompatible type "<typing special form>"; expected "type[Never]"  [arg-type]
src/probe/organizations/raw_client.py:1559: error: Argument "type_" to "parse_obj_as" has incompatible type "<typing special form>"; expected "type[Never]"  [arg-type]
src/probe/organizations/raw_client.py:1613: error: Argument "type_" to "parse_obj_as" has incompatible type "<typing special form>"; expected "type[Never]"  [arg-type]
src/probe/organizations/raw_client.py:1624: error: Argument "type_" to "parse_obj_as" has incompatible type "<typing special form>"; expected "type[Never]"  [arg-type]
Found 160 errors in 8 files (checked 119 source files)
