--- fern check (exit 0) ---
Warnings for generators.yml:
::warning::Warnings for generators.yml:
	Using "api.path" is deprecated. Please use "api.specs[].openapi" or "api.specs[].asyncapi" instead.
::warning::	Using "api.path" is deprecated. Please use "api.specs[].openapi" or "api.specs[].asyncapi" instead.
All checks passed

--- fern generate (exit 0) ---
Warnings for generators.yml:
::warning::Warnings for generators.yml:
	Using "api.path" is deprecated. Please use "api.specs[].openapi" or "api.specs[].asyncapi" instead.
::warning::	Using "api.path" is deprecated. Please use "api.specs[].openapi" or "api.specs[].asyncapi" instead.
[api]: Writing preview to <scratch>/4d183aef6bb6e0b176e334c7e2d7ebc28e9cb022c4c0ef69956de9347a596839/preview
[api]: python-sdk Started.
[api]: python-sdk fernapi/fern-python-sdk Started.
[api]: python-sdk ✓ All checks passed
[api]: python-sdk fernapi/fern-python-sdk Executing generator fernapi/fern-python-sdk using container image: fernapi/fern-python-sdk:5.20.0
[api]: python-sdk fernapi/fern-python-sdk Generator logs here: /tmp/tmp-2552136-oySfi5L9CJnM
[api]: python-sdk fernapi/fern-python-sdk Wrote files to <scratch>/4d183aef6bb6e0b176e334c7e2d7ebc28e9cb022c4c0ef69956de9347a596839/preview/fern-python-sdk
[api]: python-sdk fernapi/fern-python-sdk Finished.
[api]: python-sdk Finished.

