--- fern check (exit 0) ---
Warnings for generators.yml:
::warning::Warnings for generators.yml:
	Using "api.path" is deprecated. Please use "api.specs[].openapi" or "api.specs[].asyncapi" instead.
::warning::	Using "api.path" is deprecated. Please use "api.specs[].openapi" or "api.specs[].asyncapi" instead.
All checks passed

--- fern generate (exit 0) ---
Warnings for generators.yml:
::warning::Warnings for generators.yml:
	Using "api.path" is deprecated. Please use "api.specs[].openapi" or "api.specs[].asyncapi" instead.
::warning::	Using "api.path" is deprecated. Please use "api.specs[].openapi" or "api.specs[].asyncapi" instead.
[api]: Writing preview to <scratch>/635dc44c0c79413776d5c1cadb4a1abba963430fb39ca64ff1498022dad4f6cf/preview
[api]: python-sdk Started.
[api]: python-sdk fernapi/fern-python-sdk Started.
[api]: python-sdk ✓ All checks passed
[api]: python-sdk fernapi/fern-python-sdk Executing generator fernapi/fern-python-sdk using container image: fernapi/fern-python-sdk:5.20.0
[api]: python-sdk fernapi/fern-python-sdk Generator logs here: /tmp/tmp-106156-ZKmEskX5ps4t
[api]: python-sdk fernapi/fern-python-sdk Wrote files to <scratch>/635dc44c0c79413776d5c1cadb4a1abba963430fb39ca64ff1498022dad4f6cf/preview/fern-python-sdk
[api]: python-sdk fernapi/fern-python-sdk Finished.
[api]: python-sdk Finished.

