exit=1
src/probe/repo_search/types/post_api_quicksearch_response_spaces_item.py:13: error: Name "id" already defined on line 12  [no-redef]
src/probe/repo_search/types/post_api_quicksearch_response_papers_item.py:13: error: Name "id" already defined on line 12  [no-redef]
src/probe/repo_search/types/post_api_quicksearch_response_models_item.py:13: error: Name "id" already defined on line 12  [no-redef]
src/probe/repo_search/types/post_api_quicksearch_response_datasets_item.py:13: error: Name "id" already defined on line 12  [no-redef]
src/probe/repo_search/types/post_api_quicksearch_response_buckets_item.py:13: error: Name "id" already defined on line 12  [no-redef]
src/probe/repo_search/types/get_api_quicksearch_response_spaces_item.py:13: error: Name "id" already defined on line 12  [no-redef]
src/probe/repo_search/types/get_api_quicksearch_response_papers_item.py:13: error: Name "id" already defined on line 12  [no-redef]
src/probe/repo_search/types/get_api_quicksearch_response_models_item.py:13: error: Name "id" already defined on line 12  [no-redef]
src/probe/repo_search/types/get_api_quicksearch_response_datasets_item.py:13: error: Name "id" already defined on line 12  [no-redef]
src/probe/repo_search/types/get_api_quicksearch_response_buckets_item.py:13: error: Name "id" already defined on line 12  [no-redef]
src/probe/discussions/types/post_api_repo_type_namespace_repo_discussions_num_comment_response_new_message_data_reactions_item_reaction.py:12: error: Attempted to reuse member name "_" in Enum definition "PostApiRepoTypeNamespaceRepoDiscussionsNumCommentResponseNewMessageDataReactionsItemReaction"  [misc]
src/probe/discussions/types/post_api_repo_type_namespace_repo_discussions_num_comment_response_new_message_data_reactions_item_reaction.py:13: error: Attempted to reuse member name "_" in Enum definition "PostApiRepoTypeNamespaceRepoDiscussionsNumCommentResponseNewMessageDataReactionsItemReaction"  [misc]
src/probe/discussions/types/post_api_repo_type_namespace_repo_discussions_num_comment_response_new_message_data_reactions_item_reaction.py:14: error: Attempted to reuse member name "_" in Enum definition "PostApiRepoTypeNamespaceRepoDiscussionsNumCommentResponseNewMessageDataReactionsItemReaction"  [misc]
src/probe/discussions/types/post_api_repo_type_namespace_repo_discussions_num_comment_response_new_message_data_reactions_item_reaction.py:15: error: Attempted to reuse member name "_" in Enum definition "PostApiRepoTypeNamespaceRepoDiscussionsNumCommentResponseNewMessageDataReactionsItemReaction"  [misc]
src/probe/discussions/types/post_api_repo_type_namespace_repo_discussions_num_comment_response_new_message_data_reactions_item_reaction.py:16: error: Attempted to reuse member name "_" in Enum definition "PostApiRepoTypeNamespaceRepoDiscussionsNumCommentResponseNewMessageDataReactionsItemReaction"  [misc]
src/probe/discussions/types/post_api_repo_type_namespace_repo_discussions_num_comment_response_new_message_data_reactions_item_reaction.py:17: error: Attempted to reuse member name "_" in Enum definition "PostApiRepoTypeNamespaceRepoDiscussionsNumCommentResponseNewMessageDataReactionsItemReaction"  [misc]
src/probe/discussions/types/post_api_repo_type_namespace_repo_discussions_num_comment_response_new_message_data_reactions_item_reaction.py:18: error: Attempted to reuse member name "_" in Enum definition "PostApiRepoTypeNamespaceRepoDiscussionsNumCommentResponseNewMessageDataReactionsItemReaction"  [misc]
src/probe/discussions/types/post_api_repo_type_namespace_repo_discussions_num_comment_response_new_message_data_reactions_item_reaction.py:19: error: Attempted to reuse member name "_" in Enum definition "PostApiRepoTypeNamespaceRepoDiscussionsNumCommentResponseNewMessageDataReactionsItemReaction"  [misc]
src/probe/discussions/types/post_api_repo_type_namespace_repo_discussions_num_comment_response_new_message_data_reactions_item_reaction.py:20: error: Attempted to reuse member name "_" in Enum definition "PostApiRepoTypeNamespaceRepoDiscussionsNumCommentResponseNewMessageDataReactionsItemReaction"  [misc]
src/probe/discussions/types/post_api_repo_type_namespace_repo_discussions_num_comment_response_new_message_data_reactions_item_reaction.py:21: error: Attempted to reuse member name "_" in Enum definition "PostApiRepoTypeNamespaceRepoDiscussionsNumCommentResponseNewMessageDataReactionsItemReaction"  [misc]
src/probe/discussions/types/post_api_repo_type_namespace_repo_discussions_num_comment_response_new_message_data_reactions_item_reaction.py:22: error: Attempted to reuse member name "_" in Enum definition "PostApiRepoTypeNamespaceRepoDiscussionsNumCommentResponseNewMessageDataReactionsItemReaction"  [misc]
src/probe/discussions/types/post_api_posts_username_post_slug_comment_response_new_message_data_reactions_item_reaction.py:12: error: Attempted to reuse member name "_" in Enum definition "PostApiPostsUsernamePostSlugCommentResponseNewMessageDataReactionsItemReaction"  [misc]
src/probe/discussions/types/post_api_posts_username_post_slug_comment_response_new_message_data_reactions_item_reaction.py:13: error: Attempted to reuse member name "_" in Enum definition "PostApiPostsUsernamePostSlugCommentResponseNewMessageDataReactionsItemReaction"  [misc]
src/probe/discussions/types/post_api_posts_username_post_slug_comment_response_new_message_data_reactions_item_reaction.py:14: error: Attempted to reuse member name "_" in Enum definition "PostApiPostsUsernamePostSlugCommentResponseNewMessageDataReactionsItemReaction"  [misc]
src/probe/discussions/types/post_api_posts_username_post_slug_comment_response_new_message_data_reactions_item_reaction.py:15: error: Attempted to reuse member name "_" in Enum definition "PostApiPostsUsernamePostSlugCommentResponseNewMessageDataReactionsItemReaction"  [misc]
src/probe/discussions/types/post_api_posts_username_post_slug_comment_response_new_message_data_reactions_item_reaction.py:16: error: Attempted to reuse member name "_" in Enum definition "PostApiPostsUsernamePostSlugCommentResponseNewMessageDataReactionsItemReaction"  [misc]
src/probe/discussions/types/post_api_posts_username_post_slug_comment_response_new_message_data_reactions_item_reaction.py:17: error: Attempted to reuse member name "_" in Enum definition "PostApiPostsUsernamePostSlugCommentResponseNewMessageDataReactionsItemReaction"  [misc]
src/probe/discussions/types/post_api_posts_username_post_slug_comment_response_new_message_data_reactions_item_reaction.py:18: error: Attempted to reuse member name "_" in Enum definition "PostApiPostsUsernamePostSlugCommentResponseNewMessageDataReactionsItemReaction"  [misc]
src/probe/discussions/types/post_api_posts_username_post_slug_comment_response_new_message_data_reactions_item_reaction.py:19: error: Attempted to reuse member name "_" in Enum definition "PostApiPostsUsernamePostSlugCommentResponseNewMessageDataReactionsItemReaction"  [misc]
src/probe/discussions/types/post_api_posts_username_post_slug_comment_response_new_message_data_reactions_item_reaction.py:20: error: Attempted to reuse member name "_" in Enum definition "PostApiPostsUsernamePostSlugCommentResponseNewMessageDataReactionsItemReaction"  [misc]
src/probe/discussions/types/post_api_posts_username_post_slug_comment_response_new_message_data_reactions_item_reaction.py:21: error: Attempted to reuse member name "_" in Enum definition "PostApiPostsUsernamePostSlugCommentResponseNewMessageDataReactionsItemReaction"  [misc]
src/probe/discussions/types/post_api_posts_username_post_slug_comment_response_new_message_data_reactions_item_reaction.py:22: error: Attempted to reuse member name "_" in Enum definition "PostApiPostsUsernamePostSlugCommentResponseNewMessageDataReactionsItemReaction"  [misc]
src/probe/discussions/types/post_api_posts_username_post_slug_comment_comment_id_reply_response_new_message_data_reactions_item_reaction.py:12: error: Attempted to reuse member name "_" in Enum definition "PostApiPostsUsernamePostSlugCommentCommentIdReplyResponseNewMessageDataReactionsItemReaction"  [misc]
src/probe/discussions/types/post_api_posts_username_post_slug_comment_comment_id_reply_response_new_message_data_reactions_item_reaction.py:13: error: Attempted to reuse member name "_" in Enum definition "PostApiPostsUsernamePostSlugCommentCommentIdReplyResponseNewMessageDataReactionsItemReaction"  [misc]
src/probe/discussions/types/post_api_posts_username_post_slug_comment_comment_id_reply_response_new_message_data_reactions_item_reaction.py:14: error: Attempted to reuse member name "_" in Enum definition "PostApiPostsUsernamePostSlugCommentCommentIdReplyResponseNewMessageDataReactionsItemReaction"  [misc]
src/probe/discussions/types/post_api_posts_username_post_slug_comment_comment_id_reply_response_new_message_data_reactions_item_reaction.py:15: error: Attempted to reuse member name "_" in Enum definition "PostApiPostsUsernamePostSlugCommentCommentIdReplyResponseNewMessageDataReactionsItemReaction"  [misc]
src/probe/discussions/types/post_api_posts_username_post_slug_comment_comment_id_reply_response_new_message_data_reactions_item_reaction.py:16: error: Attempted to reuse member name "_" in Enum definition "PostApiPostsUsernamePostSlugCommentCommentIdReplyResponseNewMessageDataReactionsItemReaction"  [misc]
src/probe/discussions/types/post_api_posts_username_post_slug_comment_comment_id_reply_response_new_message_data_reactions_item_reaction.py:17: error: Attempted to reuse member name "_" in Enum definition "PostApiPostsUsernamePostSlugCommentCommentIdReplyResponseNewMessageDataReactionsItemReaction"  [misc]
src/probe/discussions/types/post_api_posts_username_post_slug_comment_comment_id_reply_response_new_message_data_reactions_item_reaction.py:18: error: Attempted to reuse member name "_" in Enum definition "PostApiPostsUsernamePostSlugCommentCommentIdReplyResponseNewMessageDataReactionsItemReaction"  [misc]
src/probe/discussions/types/post_api_posts_username_post_slug_comment_comment_id_reply_response_new_message_data_reactions_item_reaction.py:19: error: Attempted to reuse member name "_" in Enum definition "PostApiPostsUsernamePostSlugCommentCommentIdReplyResponseNewMessageDataReactionsItemReaction"  [misc]
src/probe/discussions/types/post_api_posts_username_post_slug_comment_comment_id_reply_response_new_message_data_reactions_item_reaction.py:20: error: Attempted to reuse member name "_" in Enum definition "PostApiPostsUsernamePostSlugCommentCommentIdReplyResponseNewMessageDataReactionsItemReaction"  [misc]
src/probe/discussions/types/post_api_posts_username_post_slug_comment_comment_id_reply_response_new_message_data_reactions_item_reaction.py:21: error: Attempted to reuse member name "_" in Enum definition "PostApiPostsUsernamePostSlugCommentCommentIdReplyResponseNewMessageDataReactionsItemReaction"  [misc]
src/probe/discussions/types/post_api_posts_username_post_slug_comment_comment_id_reply_response_new_message_data_reactions_item_reaction.py:22: error: Attempted to reuse member name "_" in Enum definition "PostApiPostsUsernamePostSlugCommentCommentIdReplyResponseNewMessageDataReactionsItemReaction"  [misc]
src/probe/discussions/types/post_api_papers_paper_id_comment_response_new_message_data_reactions_item_reaction.py:12: error: Attempted to reuse member name "_" in Enum definition "PostApiPapersPaperIdCommentResponseNewMessageDataReactionsItemReaction"  [misc]
src/probe/discussions/types/post_api_papers_paper_id_comment_response_new_message_data_reactions_item_reaction.py:13: error: Attempted to reuse member name "_" in Enum definition "PostApiPapersPaperIdCommentResponseNewMessageDataReactionsItemReaction"  [misc]
src/probe/discussions/types/post_api_papers_paper_id_comment_response_new_message_data_reactions_item_reaction.py:14: error: Attempted to reuse member name "_" in Enum definition "PostApiPapersPaperIdCommentResponseNewMessageDataReactionsItemReaction"  [misc]
src/probe/discussions/types/post_api_papers_paper_id_comment_response_new_message_data_reactions_item_reaction.py:15: error: Attempted to reuse member name "_" in Enum definition "PostApiPapersPaperIdCommentResponseNewMessageDataReactionsItemReaction"  [misc]
src/probe/discussions/types/post_api_papers_paper_id_comment_response_new_message_data_reactions_item_reaction.py:16: error: Attempted to reuse member name "_" in Enum definition "PostApiPapersPaperIdCommentResponseNewMessageDataReactionsItemReaction"  [misc]
src/probe/discussions/types/post_api_papers_paper_id_comment_response_new_message_data_reactions_item_reaction.py:17: error: Attempted to reuse member name "_" in Enum definition "PostApiPapersPaperIdCommentResponseNewMessageDataReactionsItemReaction"  [misc]
src/probe/discussions/types/post_api_papers_paper_id_comment_response_new_message_data_reactions_item_reaction.py:18: error: Attempted to reuse member name "_" in Enum definition "PostApiPapersPaperIdCommentResponseNewMessageDataReactionsItemReaction"  [misc]
src/probe/discussions/types/post_api_papers_paper_id_comment_response_new_message_data_reactions_item_reaction.py:19: error: Attempted to reuse member name "_" in Enum definition "PostApiPapersPaperIdCommentResponseNewMessageDataReactionsItemReaction"  [misc]
src/probe/discussions/types/post_api_papers_paper_id_comment_response_new_message_data_reactions_item_reaction.py:20: error: Attempted to reuse member name "_" in Enum definition "PostApiPapersPaperIdCommentResponseNewMessageDataReactionsItemReaction"  [misc]
src/probe/discussions/types/post_api_papers_paper_id_comment_response_new_message_data_reactions_item_reaction.py:21: error: Attempted to reuse member name "_" in Enum definition "PostApiPapersPaperIdCommentResponseNewMessageDataReactionsItemReaction"  [misc]
src/probe/discussions/types/post_api_papers_paper_id_comment_response_new_message_data_reactions_item_reaction.py:22: error: Attempted to reuse member name "_" in Enum definition "PostApiPapersPaperIdCommentResponseNewMessageDataReactionsItemReaction"  [misc]
src/probe/discussions/types/post_api_papers_paper_id_comment_comment_id_reply_response_new_message_data_reactions_item_reaction.py:12: error: Attempted to reuse member name "_" in Enum definition "PostApiPapersPaperIdCommentCommentIdReplyResponseNewMessageDataReactionsItemReaction"  [misc]
src/probe/discussions/types/post_api_papers_paper_id_comment_comment_id_reply_response_new_message_data_reactions_item_reaction.py:13: error: Attempted to reuse member name "_" in Enum definition "PostApiPapersPaperIdCommentCommentIdReplyResponseNewMessageDataReactionsItemReaction"  [misc]
src/probe/discussions/types/post_api_papers_paper_id_comment_comment_id_reply_response_new_message_data_reactions_item_reaction.py:14: error: Attempted to reuse member name "_" in Enum definition "PostApiPapersPaperIdCommentCommentIdReplyResponseNewMessageDataReactionsItemReaction"  [misc]
src/probe/discussions/types/post_api_papers_paper_id_comment_comment_id_reply_response_new_message_data_reactions_item_reaction.py:15: error: Attempted to reuse member name "_" in Enum definition "PostApiPapersPaperIdCommentCommentIdReplyResponseNewMessageDataReactionsItemReaction"  [misc]
src/probe/discussions/types/post_api_papers_paper_id_comment_comment_id_reply_response_new_message_data_reactions_item_reaction.py:16: error: Attempted to reuse member name "_" in Enum definition "PostApiPapersPaperIdCommentCommentIdReplyResponseNewMessageDataReactionsItemReaction"  [misc]
src/probe/discussions/types/post_api_papers_paper_id_comment_comment_id_reply_response_new_message_data_reactions_item_reaction.py:17: error: Attempted to reuse member name "_" in Enum definition "PostApiPapersPaperIdCommentCommentIdReplyResponseNewMessageDataReactionsItemReaction"  [misc]
src/probe/discussions/types/post_api_papers_paper_id_comment_comment_id_reply_response_new_message_data_reactions_item_reaction.py:18: error: Attempted to reuse member name "_" in Enum definition "PostApiPapersPaperIdCommentCommentIdReplyResponseNewMessageDataReactionsItemReaction"  [misc]
src/probe/discussions/types/post_api_papers_paper_id_comment_comment_id_reply_response_new_message_data_reactions_item_reaction.py:19: error: Attempted to reuse member name "_" in Enum definition "PostApiPapersPaperIdCommentCommentIdReplyResponseNewMessageDataReactionsItemReaction"  [misc]
src/probe/discussions/types/post_api_papers_paper_id_comment_comment_id_reply_response_new_message_data_reactions_item_reaction.py:20: error: Attempted to reuse member name "_" in Enum definition "PostApiPapersPaperIdCommentCommentIdReplyResponseNewMessageDataReactionsItemReaction"  [misc]
src/probe/discussions/types/post_api_papers_paper_id_comment_comment_id_reply_response_new_message_data_reactions_item_reaction.py:21: error: Attempted to reuse member name "_" in Enum definition "PostApiPapersPaperIdCommentCommentIdReplyResponseNewMessageDataReactionsItemReaction"  [misc]
src/probe/discussions/types/post_api_papers_paper_id_comment_comment_id_reply_response_new_message_data_reactions_item_reaction.py:22: error: Attempted to reuse member name "_" in Enum definition "PostApiPapersPaperIdCommentCommentIdReplyResponseNewMessageDataReactionsItemReaction"  [misc]
src/probe/discussions/types/post_api_blog_slug_comment_response_new_message_data_reactions_item_reaction.py:12: error: Attempted to reuse member name "_" in Enum definition "PostApiBlogSlugCommentResponseNewMessageDataReactionsItemReaction"  [misc]
src/probe/discussions/types/post_api_blog_slug_comment_response_new_message_data_reactions_item_reaction.py:13: error: Attempted to reuse member name "_" in Enum definition "PostApiBlogSlugCommentResponseNewMessageDataReactionsItemReaction"  [misc]
src/probe/discussions/types/post_api_blog_slug_comment_response_new_message_data_reactions_item_reaction.py:14: error: Attempted to reuse member name "_" in Enum definition "PostApiBlogSlugCommentResponseNewMessageDataReactionsItemReaction"  [misc]
src/probe/discussions/types/post_api_blog_slug_comment_response_new_message_data_reactions_item_reaction.py:15: error: Attempted to reuse member name "_" in Enum definition "PostApiBlogSlugCommentResponseNewMessageDataReactionsItemReaction"  [misc]
src/probe/discussions/types/post_api_blog_slug_comment_response_new_message_data_reactions_item_reaction.py:16: error: Attempted to reuse member name "_" in Enum definition "PostApiBlogSlugCommentResponseNewMessageDataReactionsItemReaction"  [misc]
src/probe/discussions/types/post_api_blog_slug_comment_response_new_message_data_reactions_item_reaction.py:17: error: Attempted to reuse member name "_" in Enum definition "PostApiBlogSlugCommentResponseNewMessageDataReactionsItemReaction"  [misc]
src/probe/discussions/types/post_api_blog_slug_comment_response_new_message_data_reactions_item_reaction.py:18: error: Attempted to reuse member name "_" in Enum definition "PostApiBlogSlugCommentResponseNewMessageDataReactionsItemReaction"  [misc]
src/probe/discussions/types/post_api_blog_slug_comment_response_new_message_data_reactions_item_reaction.py:19: error: Attempted to reuse member name "_" in Enum definition "PostApiBlogSlugCommentResponseNewMessageDataReactionsItemReaction"  [misc]
src/probe/discussions/types/post_api_blog_slug_comment_response_new_message_data_reactions_item_reaction.py:20: error: Attempted to reuse member name "_" in Enum definition "PostApiBlogSlugCommentResponseNewMessageDataReactionsItemReaction"  [misc]
src/probe/discussions/types/post_api_blog_slug_comment_response_new_message_data_reactions_item_reaction.py:21: error: Attempted to reuse member name "_" in Enum definition "PostApiBlogSlugCommentResponseNewMessageDataReactionsItemReaction"  [misc]
src/probe/discussions/types/post_api_blog_slug_comment_response_new_message_data_reactions_item_reaction.py:22: error: Attempted to reuse member name "_" in Enum definition "PostApiBlogSlugCommentResponseNewMessageDataReactionsItemReaction"  [misc]
src/probe/discussions/types/post_api_blog_slug_comment_comment_id_reply_response_new_message_data_reactions_item_reaction.py:12: error: Attempted to reuse member name "_" in Enum definition "PostApiBlogSlugCommentCommentIdReplyResponseNewMessageDataReactionsItemReaction"  [misc]
src/probe/discussions/types/post_api_blog_slug_comment_comment_id_reply_response_new_message_data_reactions_item_reaction.py:13: error: Attempted to reuse member name "_" in Enum definition "PostApiBlogSlugCommentCommentIdReplyResponseNewMessageDataReactionsItemReaction"  [misc]
src/probe/discussions/types/post_api_blog_slug_comment_comment_id_reply_response_new_message_data_reactions_item_reaction.py:14: error: Attempted to reuse member name "_" in Enum definition "PostApiBlogSlugCommentCommentIdReplyResponseNewMessageDataReactionsItemReaction"  [misc]
src/probe/discussions/types/post_api_blog_slug_comment_comment_id_reply_response_new_message_data_reactions_item_reaction.py:15: error: Attempted to reuse member name "_" in Enum definition "PostApiBlogSlugCommentCommentIdReplyResponseNewMessageDataReactionsItemReaction"  [misc]
src/probe/discussions/types/post_api_blog_slug_comment_comment_id_reply_response_new_message_data_reactions_item_reaction.py:16: error: Attempted to reuse member name "_" in Enum definition "PostApiBlogSlugCommentCommentIdReplyResponseNewMessageDataReactionsItemReaction"  [misc]
src/probe/discussions/types/post_api_blog_slug_comment_comment_id_reply_response_new_message_data_reactions_item_reaction.py:17: error: Attempted to reuse member name "_" in Enum definition "PostApiBlogSlugCommentCommentIdReplyResponseNewMessageDataReactionsItemReaction"  [misc]
src/probe/discussions/types/post_api_blog_slug_comment_comment_id_reply_response_new_message_data_reactions_item_reaction.py:18: error: Attempted to reuse member name "_" in Enum definition "PostApiBlogSlugCommentCommentIdReplyResponseNewMessageDataReactionsItemReaction"  [misc]
src/probe/discussions/types/post_api_blog_slug_comment_comment_id_reply_response_new_message_data_reactions_item_reaction.py:19: error: Attempted to reuse member name "_" in Enum definition "PostApiBlogSlugCommentCommentIdReplyResponseNewMessageDataReactionsItemReaction"  [misc]
src/probe/discussions/types/post_api_blog_slug_comment_comment_id_reply_response_new_message_data_reactions_item_reaction.py:20: error: Attempted to reuse member name "_" in Enum definition "PostApiBlogSlugCommentCommentIdReplyResponseNewMessageDataReactionsItemReaction"  [misc]
src/probe/discussions/types/post_api_blog_slug_comment_comment_id_reply_response_new_message_data_reactions_item_reaction.py:21: error: Attempted to reuse member name "_" in Enum definition "PostApiBlogSlugCommentCommentIdReplyResponseNewMessageDataReactionsItemReaction"  [misc]
src/probe/discussions/types/post_api_blog_slug_comment_comment_id_reply_response_new_message_data_reactions_item_reaction.py:22: error: Attempted to reuse member name "_" in Enum definition "PostApiBlogSlugCommentCommentIdReplyResponseNewMessageDataReactionsItemReaction"  [misc]
src/probe/discussions/types/post_api_blog_namespace_slug_comment_response_new_message_data_reactions_item_reaction.py:12: error: Attempted to reuse member name "_" in Enum definition "PostApiBlogNamespaceSlugCommentResponseNewMessageDataReactionsItemReaction"  [misc]
src/probe/discussions/types/post_api_blog_namespace_slug_comment_response_new_message_data_reactions_item_reaction.py:13: error: Attempted to reuse member name "_" in Enum definition "PostApiBlogNamespaceSlugCommentResponseNewMessageDataReactionsItemReaction"  [misc]
src/probe/discussions/types/post_api_blog_namespace_slug_comment_response_new_message_data_reactions_item_reaction.py:14: error: Attempted to reuse member name "_" in Enum definition "PostApiBlogNamespaceSlugCommentResponseNewMessageDataReactionsItemReaction"  [misc]
src/probe/discussions/types/post_api_blog_namespace_slug_comment_response_new_message_data_reactions_item_reaction.py:15: error: Attempted to reuse member name "_" in Enum definition "PostApiBlogNamespaceSlugCommentResponseNewMessageDataReactionsItemReaction"  [misc]
src/probe/discussions/types/post_api_blog_namespace_slug_comment_response_new_message_data_reactions_item_reaction.py:16: error: Attempted to reuse member name "_" in Enum definition "PostApiBlogNamespaceSlugCommentResponseNewMessageDataReactionsItemReaction"  [misc]
src/probe/discussions/types/post_api_blog_namespace_slug_comment_response_new_message_data_reactions_item_reaction.py:17: error: Attempted to reuse member name "_" in Enum definition "PostApiBlogNamespaceSlugCommentResponseNewMessageDataReactionsItemReaction"  [misc]
src/probe/discussions/types/post_api_blog_namespace_slug_comment_response_new_message_data_reactions_item_reaction.py:18: error: Attempted to reuse member name "_" in Enum definition "PostApiBlogNamespaceSlugCommentResponseNewMessageDataReactionsItemReaction"  [misc]
src/probe/discussions/types/post_api_blog_namespace_slug_comment_response_new_message_data_reactions_item_reaction.py:19: error: Attempted to reuse member name "_" in Enum definition "PostApiBlogNamespaceSlugCommentResponseNewMessageDataReactionsItemReaction"  [misc]
src/probe/discussions/types/post_api_blog_namespace_slug_comment_response_new_message_data_reactions_item_reaction.py:20: error: Attempted to reuse member name "_" in Enum definition "PostApiBlogNamespaceSlugCommentResponseNewMessageDataReactionsItemReaction"  [misc]
src/probe/discussions/types/post_api_blog_namespace_slug_comment_response_new_message_data_reactions_item_reaction.py:21: error: Attempted to reuse member name "_" in Enum definition "PostApiBlogNamespaceSlugCommentResponseNewMessageDataReactionsItemReaction"  [misc]
src/probe/discussions/types/post_api_blog_namespace_slug_comment_response_new_message_data_reactions_item_reaction.py:22: error: Attempted to reuse member name "_" in Enum definition "PostApiBlogNamespaceSlugCommentResponseNewMessageDataReactionsItemReaction"  [misc]
src/probe/discussions/types/post_api_blog_namespace_slug_comment_comment_id_reply_response_new_message_data_reactions_item_reaction.py:12: error: Attempted to reuse member name "_" in Enum definition "PostApiBlogNamespaceSlugCommentCommentIdReplyResponseNewMessageDataReactionsItemReaction"  [misc]
src/probe/discussions/types/post_api_blog_namespace_slug_comment_comment_id_reply_response_new_message_data_reactions_item_reaction.py:13: error: Attempted to reuse member name "_" in Enum definition "PostApiBlogNamespaceSlugCommentCommentIdReplyResponseNewMessageDataReactionsItemReaction"  [misc]
src/probe/discussions/types/post_api_blog_namespace_slug_comment_comment_id_reply_response_new_message_data_reactions_item_reaction.py:14: error: Attempted to reuse member name "_" in Enum definition "PostApiBlogNamespaceSlugCommentCommentIdReplyResponseNewMessageDataReactionsItemReaction"  [misc]
src/probe/discussions/types/post_api_blog_namespace_slug_comment_comment_id_reply_response_new_message_data_reactions_item_reaction.py:15: error: Attempted to reuse member name "_" in Enum definition "PostApiBlogNamespaceSlugCommentCommentIdReplyResponseNewMessageDataReactionsItemReaction"  [misc]
src/probe/discussions/types/post_api_blog_namespace_slug_comment_comment_id_reply_response_new_message_data_reactions_item_reaction.py:16: error: Attempted to reuse member name "_" in Enum definition "PostApiBlogNamespaceSlugCommentCommentIdReplyResponseNewMessageDataReactionsItemReaction"  [misc]
src/probe/discussions/types/post_api_blog_namespace_slug_comment_comment_id_reply_response_new_message_data_reactions_item_reaction.py:17: error: Attempted to reuse member name "_" in Enum definition "PostApiBlogNamespaceSlugCommentCommentIdReplyResponseNewMessageDataReactionsItemReaction"  [misc]
src/probe/discussions/types/post_api_blog_namespace_slug_comment_comment_id_reply_response_new_message_data_reactions_item_reaction.py:18: error: Attempted to reuse member name "_" in Enum definition "PostApiBlogNamespaceSlugCommentCommentIdReplyResponseNewMessageDataReactionsItemReaction"  [misc]
src/probe/discussions/types/post_api_blog_namespace_slug_comment_comment_id_reply_response_new_message_data_reactions_item_reaction.py:19: error: Attempted to reuse member name "_" in Enum definition "PostApiBlogNamespaceSlugCommentCommentIdReplyResponseNewMessageDataReactionsItemReaction"  [misc]
src/probe/discussions/types/post_api_blog_namespace_slug_comment_comment_id_reply_response_new_message_data_reactions_item_reaction.py:20: error: Attempted to reuse member name "_" in Enum definition "PostApiBlogNamespaceSlugCommentCommentIdReplyResponseNewMessageDataReactionsItemReaction"  [misc]
src/probe/discussions/types/post_api_blog_namespace_slug_comment_comment_id_reply_response_new_message_data_reactions_item_reaction.py:21: error: Attempted to reuse member name "_" in Enum definition "PostApiBlogNamespaceSlugCommentCommentIdReplyResponseNewMessageDataReactionsItemReaction"  [misc]
src/probe/discussions/types/post_api_blog_namespace_slug_comment_comment_id_reply_response_new_message_data_reactions_item_reaction.py:22: error: Attempted to reuse member name "_" in Enum definition "PostApiBlogNamespaceSlugCommentCommentIdReplyResponseNewMessageDataReactionsItemReaction"  [misc]
src/probe/discussions/types/get_api_repo_type_namespace_repo_discussions_response_discussions_item_top_reactions_item_reaction.py:12: error: Attempted to reuse member name "_" in Enum definition "GetApiRepoTypeNamespaceRepoDiscussionsResponseDiscussionsItemTopReactionsItemReaction"  [misc]
src/probe/discussions/types/get_api_repo_type_namespace_repo_discussions_response_discussions_item_top_reactions_item_reaction.py:13: error: Attempted to reuse member name "_" in Enum definition "GetApiRepoTypeNamespaceRepoDiscussionsResponseDiscussionsItemTopReactionsItemReaction"  [misc]
src/probe/discussions/types/get_api_repo_type_namespace_repo_discussions_response_discussions_item_top_reactions_item_reaction.py:14: error: Attempted to reuse member name "_" in Enum definition "GetApiRepoTypeNamespaceRepoDiscussionsResponseDiscussionsItemTopReactionsItemReaction"  [misc]
src/probe/discussions/types/get_api_repo_type_namespace_repo_discussions_response_discussions_item_top_reactions_item_reaction.py:15: error: Attempted to reuse member name "_" in Enum definition "GetApiRepoTypeNamespaceRepoDiscussionsResponseDiscussionsItemTopReactionsItemReaction"  [misc]
src/probe/discussions/types/get_api_repo_type_namespace_repo_discussions_response_discussions_item_top_reactions_item_reaction.py:16: error: Attempted to reuse member name "_" in Enum definition "GetApiRepoTypeNamespaceRepoDiscussionsResponseDiscussionsItemTopReactionsItemReaction"  [misc]
src/probe/discussions/types/get_api_repo_type_namespace_repo_discussions_response_discussions_item_top_reactions_item_reaction.py:17: error: Attempted to reuse member name "_" in Enum definition "GetApiRepoTypeNamespaceRepoDiscussionsResponseDiscussionsItemTopReactionsItemReaction"  [misc]
src/probe/discussions/types/get_api_repo_type_namespace_repo_discussions_response_discussions_item_top_reactions_item_reaction.py:18: error: Attempted to reuse member name "_" in Enum definition "GetApiRepoTypeNamespaceRepoDiscussionsResponseDiscussionsItemTopReactionsItemReaction"  [misc]
src/probe/discussions/types/get_api_repo_type_namespace_repo_discussions_response_discussions_item_top_reactions_item_reaction.py:19: error: Attempted to reuse member name "_" in Enum definition "GetApiRepoTypeNamespaceRepoDiscussionsResponseDiscussionsItemTopReactionsItemReaction"  [misc]
src/probe/discussions/types/get_api_repo_type_namespace_repo_discussions_response_discussions_item_top_reactions_item_reaction.py:20: error: Attempted to reuse member name "_" in Enum definition "GetApiRepoTypeNamespaceRepoDiscussionsResponseDiscussionsItemTopReactionsItemReaction"  [misc]
src/probe/discussions/types/get_api_repo_type_namespace_repo_discussions_response_discussions_item_top_reactions_item_reaction.py:21: error: Attempted to reuse member name "_" in Enum definition "GetApiRepoTypeNamespaceRepoDiscussionsResponseDiscussionsItemTopReactionsItemReaction"  [misc]
src/probe/discussions/types/get_api_repo_type_namespace_repo_discussions_response_discussions_item_top_reactions_item_reaction.py:22: error: Attempted to reuse member name "_" in Enum definition "GetApiRepoTypeNamespaceRepoDiscussionsResponseDiscussionsItemTopReactionsItemReaction"  [misc]
src/probe/scim/raw_client.py:434: error: Argument "type_" to "parse_obj_as" has incompatible type "<typing special form>"; expected "type[Never]"  [arg-type]
src/probe/scim/raw_client.py:574: error: Argument "type_" to "parse_obj_as" has incompatible type "<typing special form>"; expected "type[Never]"  [arg-type]
src/probe/scim/raw_client.py:618: error: Argument "type_" to "parse_obj_as" has incompatible type "<typing special form>"; expected "type[Never]"  [arg-type]
src/probe/scim/raw_client.py:697: error: Argument "type_" to "parse_obj_as" has incompatible type "<typing special form>"; expected "type[Never]"  [arg-type]
src/probe/scim/raw_client.py:841: error: Argument "type_" to "parse_obj_as" has incompatible type "<typing special form>"; expected "type[Never]"  [arg-type]
src/probe/scim/raw_client.py:1017: error: Argument "type_" to "parse_obj_as" has incompatible type "<typing special form>"; expected "type[Never]"  [arg-type]
src/probe/scim/raw_client.py:1342: error: Argument "type_" to "parse_obj_as" has incompatible type "<typing special form>"; expected "type[Never]"  [arg-type]
src/probe/scim/raw_client.py:1388: error: Argument "type_" to "parse_obj_as" has incompatible type "<typing special form>"; expected "type[Never]"  [arg-type]
src/probe/scim/raw_client.py:1399: error: Argument "type_" to "parse_obj_as" has incompatible type "<typing special form>"; expected "type[Never]"  [arg-type]
src/probe/scim/raw_client.py:1795: error: Argument "type_" to "parse_obj_as" has incompatible type "<typing special form>"; expected "type[Never]"  [arg-type]
src/probe/scim/raw_client.py:1935: error: Argument "type_" to "parse_obj_as" has incompatible type "<typing special form>"; expected "type[Never]"  [arg-type]
src/probe/scim/raw_client.py:1979: error: Argument "type_" to "parse_obj_as" has incompatible type "<typing special form>"; expected "type[Never]"  [arg-type]
src/probe/scim/raw_client.py:2058: error: Argument "type_" to "parse_obj_as" has incompatible type "<typing special form>"; expected "type[Never]"  [arg-type]
src/probe/scim/raw_client.py:2202: error: Argument "type_" to "parse_obj_as" has incompatible type "<typing special form>"; expected "type[Never]"  [arg-type]
src/probe/scim/raw_client.py:2378: error: Argument "type_" to "parse_obj_as" has incompatible type "<typing special form>"; expected "type[Never]"  [arg-type]
src/probe/scim/raw_client.py:2703: error: Argument "type_" to "parse_obj_as" has incompatible type "<typing special form>"; expected "type[Never]"  [arg-type]
src/probe/scim/raw_client.py:2749: error: Argument "type_" to "parse_obj_as" has incompatible type "<typing special form>"; expected "type[Never]"  [arg-type]
src/probe/scim/raw_client.py:2760: error: Argument "type_" to "parse_obj_as" has incompatible type "<typing special form>"; expected "type[Never]"  [arg-type]
src/probe/jobs/raw_client.py:822: error: Argument "type_" to "parse_obj_as" has incompatible type "<typing special form>"; expected "type[Never]"  [arg-type]
src/probe/jobs/raw_client.py:1672: error: Argument "type_" to "parse_obj_as" has incompatible type "<typing special form>"; expected "type[Never]"  [arg-type]
src/probe/spaces/raw_client.py:618: error: Argument "type_" to "parse_obj_as" has incompatible type "<typing special form>"; expected "type[Never]"  [arg-type]
src/probe/spaces/raw_client.py:1291: error: Argument "type_" to "parse_obj_as" has incompatible type "<typing special form>"; expected "type[Never]"  [arg-type]
src/probe/spaces/raw_client.py:2387: error: Argument "type_" to "parse_obj_as" has incompatible type "<typing special form>"; expected "type[Never]"  [arg-type]
src/probe/spaces/raw_client.py:3060: error: Argument "type_" to "parse_obj_as" has incompatible type "<typing special form>"; expected "type[Never]"  [arg-type]
src/probe/datasets/raw_client.py:633: error: Argument "type_" to "parse_obj_as" has incompatible type "<typing special form>"; expected "type[Never]"  [arg-type]
src/probe/datasets/raw_client.py:1306: error: Argument "type_" to "parse_obj_as" has incompatible type "<typing special form>"; expected "type[Never]"  [arg-type]
src/probe/datasets/raw_client.py:2444: error: Argument "type_" to "parse_obj_as" has incompatible type "<typing special form>"; expected "type[Never]"  [arg-type]
src/probe/datasets/raw_client.py:3117: error: Argument "type_" to "parse_obj_as" has incompatible type "<typing special form>"; expected "type[Never]"  [arg-type]
src/probe/models/raw_client.py:638: error: Argument "type_" to "parse_obj_as" has incompatible type "<typing special form>"; expected "type[Never]"  [arg-type]
src/probe/models/raw_client.py:1422: error: Argument "type_" to "parse_obj_as" has incompatible type "<typing special form>"; expected "type[Never]"  [arg-type]
src/probe/models/raw_client.py:2558: error: Argument "type_" to "parse_obj_as" has incompatible type "<typing special form>"; expected "type[Never]"  [arg-type]
src/probe/models/raw_client.py:3342: error: Argument "type_" to "parse_obj_as" has incompatible type "<typing special form>"; expected "type[Never]"  [arg-type]
src/probe/collections/raw_client.py:405: error: Argument "type_" to "parse_obj_as" has incompatible type "<typing special form>"; expected "type[Never]"  [arg-type]
src/probe/collections/raw_client.py:485: error: Argument "type_" to "parse_obj_as" has incompatible type "<typing special form>"; expected "type[Never]"  [arg-type]
src/probe/collections/raw_client.py:868: error: Argument "type_" to "parse_obj_as" has incompatible type "<typing special form>"; expected "type[Never]"  [arg-type]
src/probe/collections/raw_client.py:948: error: Argument "type_" to "parse_obj_as" has incompatible type "<typing special form>"; expected "type[Never]"  [arg-type]
Found 156 errors in 26 files (checked 1516 source files)
