Warnings for generators.yml:
::warning::Warnings for generators.yml:
	Using "api.path" is deprecated. Please use "api.specs[].openapi" or "api.specs[].asyncapi" instead.
::warning::	Using "api.path" is deprecated. Please use "api.specs[].openapi" or "api.specs[].asyncapi" instead.
[api]: Failed to parse openapi document AgenticDriver SDK protocol
::error title=[api]%3A::Failed to parse openapi document AgenticDriver SDK protocol
[api]: Unexpected error: Failed to resolve schema reference: ToolExecutionResult/$defs/__schema0 
       CliError: Unexpected error: Failed to resolve schema reference: ToolExecutionResult/$defs/__schema0
           at e.getResolvedSchema (/home/whoop/.npm/_npx/cabd989ada0defb0/node_modules/fern-api/cli.cjs:207:19561)
           at e.getAllRequiredProperties (/home/whoop/.npm/_npx/cabd989ada0defb0/node_modules/fern-api/cli.cjs:207:19198)
           at e.buildExampleHelper (/home/whoop/.npm/_npx/cabd989ada0defb0/node_modules/fern-api/cli.cjs:207:14172)
           at e.buildExampleHelper (/home/whoop/.npm/_npx/cabd989ada0defb0/node_modules/fern-api/cli.cjs:207:12174)
           at e.buildExampleHelper (/home/whoop/.npm/_npx/cabd989ada0defb0/node_modules/fern-api/cli.cjs:207:10588)
           at e.buildExample (/home/whoop/.npm/_npx/cabd989ada0defb0/node_modules/fern-api/cli.cjs:207:8892)
           at d1r.buildEndpointExample (/home/whoop/.npm/_npx/cabd989ada0defb0/node_modules/fern-api/cli.cjs:210:1754)
           at /home/whoop/.npm/_npx/cabd989ada0defb0/node_modules/fern-api/cli.cjs:210:148756
           at Array.map (<anonymous>)
           at Wsc (/home/whoop/.npm/_npx/cabd989ada0defb0/node_modules/fern-api/cli.cjs:210:148660)
::error title=[api]%3A::Unexpected error: Failed to resolve schema reference: ToolExecutionResult/$defs/__schema0 %0ACliError: Unexpected error: Failed to resolve schema reference: ToolExecutionResult/$defs/__schema0%0A    at e.getResolvedSchema (/home/whoop/.npm/_npx/cabd989ada0defb0/node_modules/fern-api/cli.cjs:207:19561)%0A    at e.getAllRequiredProperties (/home/whoop/.npm/_npx/cabd989ada0defb0/node_modules/fern-api/cli.cjs:207:19198)%0A    at e.buildExampleHelper (/home/whoop/.npm/_npx/cabd989ada0defb0/node_modules/fern-api/cli.cjs:207:14172)%0A    at e.buildExampleHelper (/home/whoop/.npm/_npx/cabd989ada0defb0/node_modules/fern-api/cli.cjs:207:12174)%0A    at e.buildExampleHelper (/home/whoop/.npm/_npx/cabd989ada0defb0/node_modules/fern-api/cli.cjs:207:10588)%0A    at e.buildExample (/home/whoop/.npm/_npx/cabd989ada0defb0/node_modules/fern-api/cli.cjs:207:8892)%0A    at d1r.buildEndpointExample (/home/whoop/.npm/_npx/cabd989ada0defb0/node_modules/fern-api/cli.cjs:210:1754)%0A    at /home/whoop/.npm/_npx/cabd989ada0defb0/node_modules/fern-api/cli.cjs:210:148756%0A    at Array.map (<anonymous>)%0A    at Wsc (/home/whoop/.npm/_npx/cabd989ada0defb0/node_modules/fern-api/cli.cjs:210:148660)
All checks passed
