rule docs/corpus-licensing.md sha256 f01729ef062b5c065460cbb7cfc7e2b86a1b5a6e11e2b702029a1aeb0efc8373: admits Apache-2.0, MIT, BSD, CC0, GPL, AGPL, LGPL, MPL, EPL, CC-BY, CC-BY-SA, CC-BY-ND
info.license: '' -> None
GET LICENSE: HTTP 200
licence file LICENSE -> MIT
--- LICENSE (first 30 non-blank lines) ---
MIT License
Copyright (c) 2026 atacan
Permission is hereby granted, free of charge, to any person obtaining a copy
of this software and associated documentation files (the "Software"), to deal
in the Software without restriction, including without limitation the rights
to use, copy, modify, merge, publish, distribute, sublicense, and/or sell
copies of the Software, and to permit persons to whom the Software is
furnished to do so, subject to the following conditions:
The above copyright notice and this permission notice shall be included in all
copies or substantial portions of the Software.
THE SOFTWARE IS PROVIDED "AS IS", WITHOUT WARRANTY OF ANY KIND, EXPRESS OR
IMPLIED, INCLUDING BUT NOT LIMITED TO THE WARRANTIES OF MERCHANTABILITY,
FITNESS FOR A PARTICULAR PURPOSE AND NONINFRINGEMENT. IN NO EVENT SHALL THE
AUTHORS OR COPYRIGHT HOLDERS BE LIABLE FOR ANY CLAIM, DAMAGES OR OTHER
LIABILITY, WHETHER IN AN ACTION OF CONTRACT, TORT OR OTHERWISE, ARISING FROM,
OUT OF OR IN CONNECTION WITH THE SOFTWARE OR THE USE OR OTHER DEALINGS IN THE
SOFTWARE.
caller judgement: a copy of AssemblyAI's own API description, whose source licence caps redistribution at a revenue ceiling this repository cannot undertake to honour (CORPUS.md's REJECTED assemblyai-autosdk row) — a redistributor's or an aggregation's licence cannot grant more than the publisher's
outcome: failed: a copy of AssemblyAI's own API description, whose source licence caps redistribution at a revenue ceiling this repository cannot undertake to honour (CORPUS.md's REJECTED assemblyai-autosdk row) — a redistributor's or an aggregation's licence cannot grant more than the publisher's
