exit=1
src/probe/equipment_controller/raw_client.py:71: error: Argument "type_" to "parse_obj_as" has incompatible type "<typing special form>"; expected "type[Never]"  [arg-type]
src/probe/equipment_controller/raw_client.py:82: error: Argument "type_" to "parse_obj_as" has incompatible type "<typing special form>"; expected "type[Never]"  [arg-type]
src/probe/equipment_controller/raw_client.py:129: error: Argument "type_" to "parse_obj_as" has incompatible type "<typing special form>"; expected "type[Never]"  [arg-type]
src/probe/equipment_controller/raw_client.py:140: error: Argument "type_" to "parse_obj_as" has incompatible type "<typing special form>"; expected "type[Never]"  [arg-type]
src/probe/equipment_controller/raw_client.py:151: error: Argument "type_" to "parse_obj_as" has incompatible type "<typing special form>"; expected "type[Never]"  [arg-type]
src/probe/equipment_controller/raw_client.py:202: error: Argument "type_" to "parse_obj_as" has incompatible type "<typing special form>"; expected "type[Never]"  [arg-type]
src/probe/equipment_controller/raw_client.py:213: error: Argument "type_" to "parse_obj_as" has incompatible type "<typing special form>"; expected "type[Never]"  [arg-type]
src/probe/equipment_controller/raw_client.py:224: error: Argument "type_" to "parse_obj_as" has incompatible type "<typing special form>"; expected "type[Never]"  [arg-type]
src/probe/equipment_controller/raw_client.py:273: error: Argument "type_" to "parse_obj_as" has incompatible type "<typing special form>"; expected "type[Never]"  [arg-type]
src/probe/equipment_controller/raw_client.py:333: error: Argument "type_" to "parse_obj_as" has incompatible type "<typing special form>"; expected "type[Never]"  [arg-type]
src/probe/equipment_controller/raw_client.py:344: error: Argument "type_" to "parse_obj_as" has incompatible type "<typing special form>"; expected "type[Never]"  [arg-type]
src/probe/equipment_controller/raw_client.py:391: error: Argument "type_" to "parse_obj_as" has incompatible type "<typing special form>"; expected "type[Never]"  [arg-type]
src/probe/equipment_controller/raw_client.py:402: error: Argument "type_" to "parse_obj_as" has incompatible type "<typing special form>"; expected "type[Never]"  [arg-type]
src/probe/equipment_controller/raw_client.py:413: error: Argument "type_" to "parse_obj_as" has incompatible type "<typing special form>"; expected "type[Never]"  [arg-type]
src/probe/equipment_controller/raw_client.py:464: error: Argument "type_" to "parse_obj_as" has incompatible type "<typing special form>"; expected "type[Never]"  [arg-type]
src/probe/equipment_controller/raw_client.py:475: error: Argument "type_" to "parse_obj_as" has incompatible type "<typing special form>"; expected "type[Never]"  [arg-type]
src/probe/equipment_controller/raw_client.py:486: error: Argument "type_" to "parse_obj_as" has incompatible type "<typing special form>"; expected "type[Never]"  [arg-type]
src/probe/equipment_controller/raw_client.py:535: error: Argument "type_" to "parse_obj_as" has incompatible type "<typing special form>"; expected "type[Never]"  [arg-type]
src/probe/procedure_controller/raw_client.py:87: error: Argument "type_" to "parse_obj_as" has incompatible type "<typing special form>"; expected "type[Never]"  [arg-type]
src/probe/procedure_controller/raw_client.py:98: error: Argument "type_" to "parse_obj_as" has incompatible type "<typing special form>"; expected "type[Never]"  [arg-type]
src/probe/procedure_controller/raw_client.py:149: error: Argument "type_" to "parse_obj_as" has incompatible type "<typing special form>"; expected "type[Never]"  [arg-type]
src/probe/procedure_controller/raw_client.py:160: error: Argument "type_" to "parse_obj_as" has incompatible type "<typing special form>"; expected "type[Never]"  [arg-type]
src/probe/procedure_controller/raw_client.py:171: error: Argument "type_" to "parse_obj_as" has incompatible type "<typing special form>"; expected "type[Never]"  [arg-type]
src/probe/procedure_controller/raw_client.py:216: error: Argument "type_" to "parse_obj_as" has incompatible type "<typing special form>"; expected "type[Never]"  [arg-type]
src/probe/procedure_controller/raw_client.py:227: error: Argument "type_" to "parse_obj_as" has incompatible type "<typing special form>"; expected "type[Never]"  [arg-type]
src/probe/procedure_controller/raw_client.py:301: error: Argument "type_" to "parse_obj_as" has incompatible type "<typing special form>"; expected "type[Never]"  [arg-type]
src/probe/procedure_controller/raw_client.py:312: error: Argument "type_" to "parse_obj_as" has incompatible type "<typing special form>"; expected "type[Never]"  [arg-type]
src/probe/procedure_controller/raw_client.py:363: error: Argument "type_" to "parse_obj_as" has incompatible type "<typing special form>"; expected "type[Never]"  [arg-type]
src/probe/procedure_controller/raw_client.py:374: error: Argument "type_" to "parse_obj_as" has incompatible type "<typing special form>"; expected "type[Never]"  [arg-type]
src/probe/procedure_controller/raw_client.py:385: error: Argument "type_" to "parse_obj_as" has incompatible type "<typing special form>"; expected "type[Never]"  [arg-type]
src/probe/procedure_controller/raw_client.py:430: error: Argument "type_" to "parse_obj_as" has incompatible type "<typing special form>"; expected "type[Never]"  [arg-type]
src/probe/procedure_controller/raw_client.py:441: error: Argument "type_" to "parse_obj_as" has incompatible type "<typing special form>"; expected "type[Never]"  [arg-type]
src/probe/event_controller/raw_client.py:141: error: Argument "type_" to "parse_obj_as" has incompatible type "<typing special form>"; expected "type[Never]"  [arg-type]
src/probe/event_controller/raw_client.py:152: error: Argument "type_" to "parse_obj_as" has incompatible type "<typing special form>"; expected "type[Never]"  [arg-type]
src/probe/event_controller/raw_client.py:237: error: Argument "type_" to "parse_obj_as" has incompatible type "<typing special form>"; expected "type[Never]"  [arg-type]
src/probe/event_controller/raw_client.py:248: error: Argument "type_" to "parse_obj_as" has incompatible type "<typing special form>"; expected "type[Never]"  [arg-type]
src/probe/event_controller/raw_client.py:259: error: Argument "type_" to "parse_obj_as" has incompatible type "<typing special form>"; expected "type[Never]"  [arg-type]
src/probe/event_controller/raw_client.py:344: error: Argument "type_" to "parse_obj_as" has incompatible type "<typing special form>"; expected "type[Never]"  [arg-type]
src/probe/event_controller/raw_client.py:355: error: Argument "type_" to "parse_obj_as" has incompatible type "<typing special form>"; expected "type[Never]"  [arg-type]
src/probe/event_controller/raw_client.py:366: error: Argument "type_" to "parse_obj_as" has incompatible type "<typing special form>"; expected "type[Never]"  [arg-type]
src/probe/event_controller/raw_client.py:406: error: Argument "type_" to "parse_obj_as" has incompatible type "<typing special form>"; expected "type[Never]"  [arg-type]
src/probe/event_controller/raw_client.py:417: error: Argument "type_" to "parse_obj_as" has incompatible type "<typing special form>"; expected "type[Never]"  [arg-type]
src/probe/event_controller/raw_client.py:428: error: Argument "type_" to "parse_obj_as" has incompatible type "<typing special form>"; expected "type[Never]"  [arg-type]
src/probe/event_controller/raw_client.py:439: error: Argument "type_" to "parse_obj_as" has incompatible type "<typing special form>"; expected "type[Never]"  [arg-type]
src/probe/event_controller/raw_client.py:484: error: Argument "type_" to "parse_obj_as" has incompatible type "<typing special form>"; expected "type[Never]"  [arg-type]
src/probe/event_controller/raw_client.py:495: error: Argument "type_" to "parse_obj_as" has incompatible type "<typing special form>"; expected "type[Never]"  [arg-type]
src/probe/event_controller/raw_client.py:560: error: Argument "type_" to "parse_obj_as" has incompatible type "<typing special form>"; expected "type[Never]"  [arg-type]
src/probe/event_controller/raw_client.py:571: error: Argument "type_" to "parse_obj_as" has incompatible type "<typing special form>"; expected "type[Never]"  [arg-type]
src/probe/event_controller/raw_client.py:582: error: Argument "type_" to "parse_obj_as" has incompatible type "<typing special form>"; expected "type[Never]"  [arg-type]
src/probe/event_controller/raw_client.py:671: error: Argument "type_" to "parse_obj_as" has incompatible type "<typing special form>"; expected "type[Never]"  [arg-type]
src/probe/event_controller/raw_client.py:682: error: Argument "type_" to "parse_obj_as" has incompatible type "<typing special form>"; expected "type[Never]"  [arg-type]
src/probe/event_controller/raw_client.py:693: error: Argument "type_" to "parse_obj_as" has incompatible type "<typing special form>"; expected "type[Never]"  [arg-type]
src/probe/event_controller/raw_client.py:805: error: Argument "type_" to "parse_obj_as" has incompatible type "<typing special form>"; expected "type[Never]"  [arg-type]
src/probe/event_controller/raw_client.py:816: error: Argument "type_" to "parse_obj_as" has incompatible type "<typing special form>"; expected "type[Never]"  [arg-type]
src/probe/event_controller/raw_client.py:901: error: Argument "type_" to "parse_obj_as" has incompatible type "<typing special form>"; expected "type[Never]"  [arg-type]
src/probe/event_controller/raw_client.py:912: error: Argument "type_" to "parse_obj_as" has incompatible type "<typing special form>"; expected "type[Never]"  [arg-type]
src/probe/event_controller/raw_client.py:923: error: Argument "type_" to "parse_obj_as" has incompatible type "<typing special form>"; expected "type[Never]"  [arg-type]
src/probe/event_controller/raw_client.py:1008: error: Argument "type_" to "parse_obj_as" has incompatible type "<typing special form>"; expected "type[Never]"  [arg-type]
src/probe/event_controller/raw_client.py:1019: error: Argument "type_" to "parse_obj_as" has incompatible type "<typing special form>"; expected "type[Never]"  [arg-type]
src/probe/event_controller/raw_client.py:1030: error: Argument "type_" to "parse_obj_as" has incompatible type "<typing special form>"; expected "type[Never]"  [arg-type]
src/probe/event_controller/raw_client.py:1070: error: Argument "type_" to "parse_obj_as" has incompatible type "<typing special form>"; expected "type[Never]"  [arg-type]
src/probe/event_controller/raw_client.py:1081: error: Argument "type_" to "parse_obj_as" has incompatible type "<typing special form>"; expected "type[Never]"  [arg-type]
src/probe/event_controller/raw_client.py:1092: error: Argument "type_" to "parse_obj_as" has incompatible type "<typing special form>"; expected "type[Never]"  [arg-type]
src/probe/event_controller/raw_client.py:1103: error: Argument "type_" to "parse_obj_as" has incompatible type "<typing special form>"; expected "type[Never]"  [arg-type]
src/probe/event_controller/raw_client.py:1148: error: Argument "type_" to "parse_obj_as" has incompatible type "<typing special form>"; expected "type[Never]"  [arg-type]
src/probe/event_controller/raw_client.py:1159: error: Argument "type_" to "parse_obj_as" has incompatible type "<typing special form>"; expected "type[Never]"  [arg-type]
src/probe/event_controller/raw_client.py:1224: error: Argument "type_" to "parse_obj_as" has incompatible type "<typing special form>"; expected "type[Never]"  [arg-type]
src/probe/event_controller/raw_client.py:1235: error: Argument "type_" to "parse_obj_as" has incompatible type "<typing special form>"; expected "type[Never]"  [arg-type]
src/probe/event_controller/raw_client.py:1246: error: Argument "type_" to "parse_obj_as" has incompatible type "<typing special form>"; expected "type[Never]"  [arg-type]
src/probe/event_controller/raw_client.py:1335: error: Argument "type_" to "parse_obj_as" has incompatible type "<typing special form>"; expected "type[Never]"  [arg-type]
src/probe/event_controller/raw_client.py:1346: error: Argument "type_" to "parse_obj_as" has incompatible type "<typing special form>"; expected "type[Never]"  [arg-type]
src/probe/event_controller/raw_client.py:1357: error: Argument "type_" to "parse_obj_as" has incompatible type "<typing special form>"; expected "type[Never]"  [arg-type]
Found 72 errors in 3 files (checked 80 source files)
