Fern CLI 5.67.1, python-sdk 5.20.0
generate exit: 1
Warnings for generators.yml:
::warning::Warnings for generators.yml:
	Using "api.path" is deprecated. Please use "api.specs[].openapi" or "api.specs[].asyncapi" instead.
::warning::	Using "api.path" is deprecated. Please use "api.specs[].openapi" or "api.specs[].asyncapi" instead.
[api]: Writing preview to <tmp>/preview
[api]: python-sdk Started.
[api]: python-sdk fernapi/fern-python-sdk Started.
[api]: python-sdk __package__.yml -> service -> endpoints -> getGlaze -> examples[0] -> response
                  __package__.yml
                  [error] "satin" is not a valid example for this enum. Enum values are:
                    - thin
                    - thick
                  
::error title=[api]%3A python-sdk::__package__.yml -> service -> endpoints -> getGlaze -> examples[0] -> response%0A__package__.yml%0A[error] "satin" is not a valid example for this enum. Enum values are:%0A  - thin%0A  - thick
[api]: python-sdk Found 1 errors and 0 warnings in 0.699 seconds.
::error title=[api]%3A python-sdk::Found 1 errors and 0 warnings in 0.699 seconds.
[api]: python-sdk Failed.
[api]: python-sdk fernapi/fern-python-sdk Failed.
generate-fern-fixture: fern generate (python-sdk@5.20.0, packaged) exited 1 — fix the cause Fern printed above, then re-run
