Fern CLI 5.67.1, python-sdk 5.20.0
check exit: 1
Warnings for generators.yml:
	Using "api.path" is deprecated. Please use "api.specs[].openapi" or "api.specs[].asyncapi" instead.
[sdk] 1 error
    [error]
        path: __package__.yml -> types -> ListAgentsRequestMode
        issue: ListAgentsRequestMode is already declared in agents.yml

Found 1 error and 0 warnings in <n> seconds.

generate exit: 1
Warnings for generators.yml:
	Using "api.path" is deprecated. Please use "api.specs[].openapi" or "api.specs[].asyncapi" instead.
[api]: Writing preview to /home/whoop/ai-orchestrator/runs/Close-crozier-s-remaining-Fern-parity-gaps-and-decide-where-crozier-may-out-generate-Fern/scratch/37723-26/merge/run-n-query-same-tag/preview
[api]: python-sdk Started.
[api]: python-sdk fernapi/fern-python-sdk Started.
[api]: python-sdk __package__.yml -> types -> ListAgentsRequestMode
                  __package__.yml
                  [error] ListAgentsRequestMode is already declared in agents.yml
                  
[api]: python-sdk Found 1 errors and 0 warnings in <n> seconds.
[api]: python-sdk Failed.
[api]: python-sdk fernapi/fern-python-sdk Failed.
