exit=1
src/probe/types/i_asset_input.py:11: error: Cannot find implementation or library stub for module named "probe.types.i_asset_input_existing_asset_input_metadata"  [import-not-found]
src/probe/types/i_asset_input.py:11: note: See https://mypy.readthedocs.io/en/stable/running_mypy.html#missing-imports
src/probe/types/i_asset_input.py:12: error: Cannot find implementation or library stub for module named "probe.types.i_asset_input_multi_asset_input_metadata"  [import-not-found]
src/probe/types/i_asset_input.py:13: error: Cannot find implementation or library stub for module named "probe.types.i_asset_input_text_asset_input_metadata"  [import-not-found]
src/probe/dataset_group/raw_client.py:96: error: Argument "type_" to "parse_obj_as" has incompatible type "<typing special form>"; expected "type[Never]"  [arg-type]
src/probe/dataset_group/raw_client.py:107: error: Argument "type_" to "parse_obj_as" has incompatible type "<typing special form>"; expected "type[Never]"  [arg-type]
src/probe/dataset_group/raw_client.py:193: error: Argument "type_" to "parse_obj_as" has incompatible type "<typing special form>"; expected "type[Never]"  [arg-type]
src/probe/dataset_group/raw_client.py:204: error: Argument "type_" to "parse_obj_as" has incompatible type "<typing special form>"; expected "type[Never]"  [arg-type]
src/probe/dataset/raw_client.py:86: error: Argument "type_" to "parse_obj_as" has incompatible type "<typing special form>"; expected "type[Never]"  [arg-type]
src/probe/dataset/raw_client.py:97: error: Argument "type_" to "parse_obj_as" has incompatible type "<typing special form>"; expected "type[Never]"  [arg-type]
src/probe/dataset/raw_client.py:160: error: Argument "type_" to "parse_obj_as" has incompatible type "<typing special form>"; expected "type[Never]"  [arg-type]
src/probe/dataset/raw_client.py:171: error: Argument "type_" to "parse_obj_as" has incompatible type "<typing special form>"; expected "type[Never]"  [arg-type]
src/probe/dataset/raw_client.py:234: error: Argument "type_" to "parse_obj_as" has incompatible type "<typing special form>"; expected "type[Never]"  [arg-type]
src/probe/dataset/raw_client.py:245: error: Argument "type_" to "parse_obj_as" has incompatible type "<typing special form>"; expected "type[Never]"  [arg-type]
src/probe/dataset/raw_client.py:310: error: Argument "type_" to "parse_obj_as" has incompatible type "<typing special form>"; expected "type[Never]"  [arg-type]
src/probe/dataset/raw_client.py:321: error: Argument "type_" to "parse_obj_as" has incompatible type "<typing special form>"; expected "type[Never]"  [arg-type]
src/probe/dataset/raw_client.py:396: error: Argument "type_" to "parse_obj_as" has incompatible type "<typing special form>"; expected "type[Never]"  [arg-type]
src/probe/dataset/raw_client.py:407: error: Argument "type_" to "parse_obj_as" has incompatible type "<typing special form>"; expected "type[Never]"  [arg-type]
src/probe/dataset/raw_client.py:470: error: Argument "type_" to "parse_obj_as" has incompatible type "<typing special form>"; expected "type[Never]"  [arg-type]
src/probe/dataset/raw_client.py:481: error: Argument "type_" to "parse_obj_as" has incompatible type "<typing special form>"; expected "type[Never]"  [arg-type]
src/probe/dataset/raw_client.py:544: error: Argument "type_" to "parse_obj_as" has incompatible type "<typing special form>"; expected "type[Never]"  [arg-type]
src/probe/dataset/raw_client.py:555: error: Argument "type_" to "parse_obj_as" has incompatible type "<typing special form>"; expected "type[Never]"  [arg-type]
src/probe/dataset/raw_client.py:620: error: Argument "type_" to "parse_obj_as" has incompatible type "<typing special form>"; expected "type[Never]"  [arg-type]
src/probe/dataset/raw_client.py:631: error: Argument "type_" to "parse_obj_as" has incompatible type "<typing special form>"; expected "type[Never]"  [arg-type]
src/probe/context_shortening/raw_client.py:89: error: Argument "type_" to "parse_obj_as" has incompatible type "<typing special form>"; expected "type[Never]"  [arg-type]
src/probe/context_shortening/raw_client.py:100: error: Argument "type_" to "parse_obj_as" has incompatible type "<typing special form>"; expected "type[Never]"  [arg-type]
src/probe/context_shortening/raw_client.py:179: error: Argument "type_" to "parse_obj_as" has incompatible type "<typing special form>"; expected "type[Never]"  [arg-type]
src/probe/context_shortening/raw_client.py:190: error: Argument "type_" to "parse_obj_as" has incompatible type "<typing special form>"; expected "type[Never]"  [arg-type]
src/probe/datapoints/types/get_dataset_dataset_id_datapoints_request_sort_item.py:13: error: Attempted to reuse member name "CREATED_AT" in Enum definition "GetDatasetDatasetIdDatapointsRequestSortItem"  [misc]
src/probe/datapoints/raw_client.py:141: error: Argument "type_" to "parse_obj_as" has incompatible type "<typing special form>"; expected "type[Never]"  [arg-type]
src/probe/datapoints/raw_client.py:152: error: Argument "type_" to "parse_obj_as" has incompatible type "<typing special form>"; expected "type[Never]"  [arg-type]
src/probe/datapoints/raw_client.py:215: error: Argument "type_" to "parse_obj_as" has incompatible type "<typing special form>"; expected "type[Never]"  [arg-type]
src/probe/datapoints/raw_client.py:226: error: Argument "type_" to "parse_obj_as" has incompatible type "<typing special form>"; expected "type[Never]"  [arg-type]
src/probe/datapoints/raw_client.py:281: error: Argument "type_" to "parse_obj_as" has incompatible type "<typing special form>"; expected "type[Never]"  [arg-type]
src/probe/datapoints/raw_client.py:292: error: Argument "type_" to "parse_obj_as" has incompatible type "<typing special form>"; expected "type[Never]"  [arg-type]
src/probe/datapoints/raw_client.py:358: error: Argument "type_" to "parse_obj_as" has incompatible type "<typing special form>"; expected "type[Never]"  [arg-type]
src/probe/datapoints/raw_client.py:369: error: Argument "type_" to "parse_obj_as" has incompatible type "<typing special form>"; expected "type[Never]"  [arg-type]
src/probe/datapoints/raw_client.py:476: error: Argument "type_" to "parse_obj_as" has incompatible type "<typing special form>"; expected "type[Never]"  [arg-type]
src/probe/datapoints/raw_client.py:487: error: Argument "type_" to "parse_obj_as" has incompatible type "<typing special form>"; expected "type[Never]"  [arg-type]
src/probe/datapoints/raw_client.py:607: error: Argument "type_" to "parse_obj_as" has incompatible type "<typing special form>"; expected "type[Never]"  [arg-type]
src/probe/datapoints/raw_client.py:618: error: Argument "type_" to "parse_obj_as" has incompatible type "<typing special form>"; expected "type[Never]"  [arg-type]
src/probe/datapoints/raw_client.py:681: error: Argument "type_" to "parse_obj_as" has incompatible type "<typing special form>"; expected "type[Never]"  [arg-type]
src/probe/datapoints/raw_client.py:692: error: Argument "type_" to "parse_obj_as" has incompatible type "<typing special form>"; expected "type[Never]"  [arg-type]
src/probe/datapoints/raw_client.py:747: error: Argument "type_" to "parse_obj_as" has incompatible type "<typing special form>"; expected "type[Never]"  [arg-type]
src/probe/datapoints/raw_client.py:758: error: Argument "type_" to "parse_obj_as" has incompatible type "<typing special form>"; expected "type[Never]"  [arg-type]
src/probe/datapoints/raw_client.py:824: error: Argument "type_" to "parse_obj_as" has incompatible type "<typing special form>"; expected "type[Never]"  [arg-type]
src/probe/datapoints/raw_client.py:835: error: Argument "type_" to "parse_obj_as" has incompatible type "<typing special form>"; expected "type[Never]"  [arg-type]
src/probe/datapoints/raw_client.py:942: error: Argument "type_" to "parse_obj_as" has incompatible type "<typing special form>"; expected "type[Never]"  [arg-type]
src/probe/datapoints/raw_client.py:953: error: Argument "type_" to "parse_obj_as" has incompatible type "<typing special form>"; expected "type[Never]"  [arg-type]
Found 48 errors in 6 files (checked 97 source files)
