--- fern check (exit 0) ---
Warnings for generators.yml:
::warning::Warnings for generators.yml:
	Using "api.path" is deprecated. Please use "api.specs[].openapi" or "api.specs[].asyncapi" instead.
::warning::	Using "api.path" is deprecated. Please use "api.specs[].openapi" or "api.specs[].asyncapi" instead.
Found 0 errors and 17 warnings in 0.000 seconds. Run fern check --warnings to print out the warnings not shown.
::warning::Found 0 errors and 17 warnings in 0.000 seconds. Run fern check --warnings to print out the warnings not shown.

--- fern generate (exit 0) ---
Warnings for generators.yml:
::warning::Warnings for generators.yml:
	Using "api.path" is deprecated. Please use "api.specs[].openapi" or "api.specs[].asyncapi" instead.
::warning::	Using "api.path" is deprecated. Please use "api.specs[].openapi" or "api.specs[].asyncapi" instead.
[api]: Writing preview to <scratch>/3be4a678e0019f61d5ed6e109b30543388284c231efe762e84d914b67b5168ff/preview
[api]: python-sdk Started.
[api]: python-sdk fernapi/fern-python-sdk Started.
[api]: python-sdk Found 0 errors and 17 warnings in 1.824 seconds. Run fern check --warnings to print out the warnings not shown.
::warning title=[api]%3A python-sdk::Found 0 errors and 17 warnings in 1.824 seconds. Run fern check --warnings to print out the warnings not shown.
[api]: python-sdk fernapi/fern-python-sdk Executing generator fernapi/fern-python-sdk using container image: fernapi/fern-python-sdk:5.20.0
[api]: python-sdk fernapi/fern-python-sdk Generator logs here: /tmp/tmp-3357134-x81hD4go5p5e
[api]: python-sdk fernapi/fern-python-sdk Wrote files to <scratch>/3be4a678e0019f61d5ed6e109b30543388284c231efe762e84d914b67b5168ff/preview/fern-python-sdk
[api]: python-sdk fernapi/fern-python-sdk Finished.
[api]: python-sdk Finished.

