rule docs/corpus-licensing.md sha256 f01729ef062b5c065460cbb7cfc7e2b86a1b5a6e11e2b702029a1aeb0efc8373: admits Apache-2.0, MIT, BSD, CC0, GPL, AGPL, LGPL, MPL, EPL, CC-BY, CC-BY-SA, CC-BY-ND
info.license: '' -> None
GET LICENSE: HTTP 200
licence file LICENSE -> Apache-2.0
--- LICENSE (first 30 non-blank lines) ---
                                 Apache License
                           Version 2.0, January 2004
                        http://www.apache.org/licenses/
   TERMS AND CONDITIONS FOR USE, REPRODUCTION, AND DISTRIBUTION
   1. Definitions.
      "License" shall mean the terms and conditions for use, reproduction,
      and distribution as defined by Sections 1 through 9 of this document.
      "Licensor" shall mean the copyright owner or entity authorized by
      the copyright owner that is granting the License.
      "Legal Entity" shall mean the union of the acting entity and all
      other entities that control, are controlled by, or are under common
      control with that entity. For the purposes of this definition,
      "control" means (i) the power, direct or indirect, to cause the
      direction or management of such entity, whether by contract or
      otherwise, or (ii) ownership of fifty percent (50%) or more of the
      outstanding shares, or (iii) beneficial ownership of such entity.
      "You" (or "Your") shall mean an individual or Legal Entity
      exercising permissions granted by this License.
      "Source" form shall mean the preferred form for making modifications,
      including but not limited to software source code, documentation
      source, and configuration files.
      "Object" form shall mean any form resulting from mechanical
      transformation or translation of a Source form, including but
      not limited to compiled object code, generated documentation,
      and conversions to other media types.
      "Work" shall mean the work of authorship, whether in Source or
      Object form, made available under the License, as indicated by a
      copyright notice that is included in or attached to the work
      (an example is provided in the Appendix below).
      "Derivative Works" shall mean any work, whether in Source or Object
outcome: passed: no info.license, LICENSE at the pinned commit reads as Apache-2.0, which the corpus rule admits
