exit=1
Traceback (most recent call last):
  File "<string>", line 1, in <module>
    import probe, pkgutil, importlib; [importlib.import_module(m.name) for m in pkgutil.walk_packages(probe.__path__, probe.__name__ + ".")]; print("all SDK modules import: PASS")
                                       ~~~~~~~~~~~~~~~~~~~~~~~^^^^^^^^
  File "/home/whoop/.local/share/uv/python/cpython-3.14.7-linux-x86_64-gnu/lib/python3.14/importlib/__init__.py", line 88, in import_module
    return _bootstrap._gcd_import(name[level:], package, level)
           ~~~~~~~~~~~~~~~~~~~~~~^^^^^^^^^^^^^^^^^^^^^^^^^^^^^^
  File "<frozen importlib._bootstrap>", line 1406, in _gcd_import
  File "<frozen importlib._bootstrap>", line 1371, in _find_and_load
  File "<frozen importlib._bootstrap>", line 1342, in _find_and_load_unlocked
  File "<frozen importlib._bootstrap>", line 938, in _load_unlocked
  File "<frozen importlib._bootstrap_external>", line 759, in exec_module
  File "<frozen importlib._bootstrap>", line 491, in _call_with_frames_removed
  File "/home/whoop/ai-orchestrator/runs/Close-crozier-s-remaining-Fern-parity-gaps-and-decide-where-crozier-may-out-generate-Fern/scratch/37723-27/sdk-d0208b3d35ab47ace5d0b7ea458abc826154adf640a9be9934991f1ec7932f27/src/probe/accounts_logs_audit/client.py", line 12, in <module>
    from ..types.aaa_audit_logs_v2response_collection import AaaAuditLogsV2ResponseCollection
  File "/home/whoop/ai-orchestrator/runs/Close-crozier-s-remaining-Fern-parity-gaps-and-decide-where-crozier-may-out-generate-Fern/scratch/37723-27/sdk-d0208b3d35ab47ace5d0b7ea458abc826154adf640a9be9934991f1ec7932f27/src/probe/types/aaa_audit_logs_v2response_collection.py", line 11, in <module>
    class AaaAuditLogsV2ResponseCollection(AaaAuditLogsResponseCollection):
    ...<9 lines>...
                extra = pydantic.Extra.allow
TypeError: Cannot subclass probe.types.aaa_audit_logs_response_collection_errors.AaaAuditLogsResponseCollectionErrors | probe.types.aaa_api_response_common.AaaApiResponseCommon
